acquisition.c:27:10:getAnalogRead	0	static
acquisition.c:31:6:setEncoderCount	16	static
acquisition.c:36:6:setEncoderMode	0	static
acquisition.c:39:9:getEncoderMode	0	static
acquisition.c:43:10:getEncoderCount	0	static
acquisition.c:47:6:encoderController	8	static
acquisition.c:99:10:getEncoderDuty	0	static
acquisition.c:103:9:getUserIn	0	static
acquisition.c:115:6:setOffset	8	static
acquisition.c:119:10:getOffset	0	static
acquisition.c:123:6:acquisitionInit	16	static
acquisition.c:142:6:sendToFilter	8	static
acquisition.c:146:10:getFromFilter	8	static
acquisition.c:153:9:measureGain	16	static
acquisition.c:174:6:calibrateGain	8	static
acquisition.c:187:9:getGainCalibrated	0	static
acquisition.c:191:9:getRgStep	0	static
acquisition.c:194:9:getRgWiper	0	static
acquisition.c:199:10:calcGain	8	static
acquisition.c:205:6:setGain	8	static
acquisition.c:214:10:getActiveGain	8	static
acquisition.c:219:9:autoOffset	24	static
