stm32f0xx_hal_msp.c:65:6:HAL_MspInit	8	static
stm32f0xx_hal_msp.c:87:6:HAL_ADC_MspInit	48	static
stm32f0xx_hal_msp.c:139:6:HAL_ADC_MspDeInit	8	static
stm32f0xx_hal_msp.c:171:6:HAL_CAN_MspInit	40	static
stm32f0xx_hal_msp.c:207:6:HAL_CAN_MspDeInit	8	static
stm32f0xx_hal_msp.c:236:6:HAL_CRC_MspInit	8	static
stm32f0xx_hal_msp.c:258:6:HAL_CRC_MspDeInit	0	static
stm32f0xx_hal_msp.c:280:6:HAL_DAC_MspInit	40	static
stm32f0xx_hal_msp.c:313:6:HAL_DAC_MspDeInit	8	static
stm32f0xx_hal_msp.c:341:6:HAL_I2C_MspInit	40	static
stm32f0xx_hal_msp.c:380:6:HAL_I2C_MspDeInit	8	static
stm32f0xx_hal_msp.c:413:6:HAL_SPI_MspInit	40	static
stm32f0xx_hal_msp.c:450:6:HAL_SPI_MspDeInit	8	static
stm32f0xx_hal_msp.c:480:6:HAL_TIM_Base_MspInit	16	static
stm32f0xx_hal_msp.c:516:6:HAL_TIM_Base_MspDeInit	8	static
stm32f0xx_hal_msp.c:552:6:HAL_UART_MspInit	40	static
stm32f0xx_hal_msp.c:591:6:HAL_UART_MspDeInit	8	static
