stm32f0xx_it.c:76:6:NMI_Handler	0	static
stm32f0xx_it.c:89:6:HardFault_Handler	0	static
stm32f0xx_it.c:104:6:SVC_Handler	0	static
stm32f0xx_it.c:117:6:PendSV_Handler	0	static
stm32f0xx_it.c:130:6:SysTick_Handler	8	static
stm32f0xx_it.c:151:6:EXTI4_15_IRQHandler	8	static
stm32f0xx_it.c:166:6:DMA1_Channel1_IRQHandler	8	static
stm32f0xx_it.c:180:6:TIM14_IRQHandler	8	static
stm32f0xx_it.c:195:6:I2C1_IRQHandler	8	static
stm32f0xx_it.c:213:6:USART1_IRQHandler	8	static
stm32f0xx_it.c:227:6:USB_IRQHandler	8	static
