stm32f0xx_hal_dac.c:407:13:HAL_DAC_MspInit	0	static
stm32f0xx_hal_dac.c:300:19:HAL_DAC_Init	8	static
stm32f0xx_hal_dac.c:423:13:HAL_DAC_MspDeInit	0	static
stm32f0xx_hal_dac.c:361:19:HAL_DAC_DeInit	8	static
stm32f0xx_hal_dac.c:465:26:HAL_DAC_Start	0	static
stm32f0xx_hal_dac.c:488:19:HAL_DAC_Stop	12	static
stm32f0xx_hal_dac.c:520:26:HAL_DAC_Start_DMA	0	static
stm32f0xx_hal_dac.c:546:19:HAL_DAC_Stop_DMA	8	static
stm32f0xx_hal_dac.c:604:13:HAL_DAC_IRQHandler	0	static
stm32f0xx_hal_dac.c:629:19:HAL_DAC_SetValue	16	static
stm32f0xx_hal_dac.c:661:13:HAL_DAC_ConvCpltCallbackCh1	0	static
stm32f0xx_hal_dac.c:677:13:HAL_DAC_ConvHalfCpltCallbackCh1	0	static
stm32f0xx_hal_dac.c:693:13:HAL_DAC_ErrorCallbackCh1	0	static
stm32f0xx_hal_dac.c:709:13:HAL_DAC_DMAUnderrunCallbackCh1	0	static
stm32f0xx_hal_dac.c:748:17:HAL_DAC_GetValue	0	static
stm32f0xx_hal_dac.c:772:26:HAL_DAC_ConfigChannel	0	static
stm32f0xx_hal_dac.c:812:22:HAL_DAC_GetState	0	static
stm32f0xx_hal_dac.c:825:10:HAL_DAC_GetError	0	static
