Archive member included to satisfy reference by file (symbol)

d:/gnu tools arm embedded/9 2019-q4-major/bin/../lib/gcc/arm-none-eabi/9.2.1/../../../../arm-none-eabi/lib/thumb/v6-m/nofp\libc_nano.a(lib_a-exit.o)
                              d:/gnu tools arm embedded/9 2019-q4-major/bin/../lib/gcc/arm-none-eabi/9.2.1/../../../../arm-none-eabi/lib/thumb/v6-m/nofp/crt0.o (exit)
d:/gnu tools arm embedded/9 2019-q4-major/bin/../lib/gcc/arm-none-eabi/9.2.1/../../../../arm-none-eabi/lib/thumb/v6-m/nofp\libc_nano.a(lib_a-impure.o)
                              d:/gnu tools arm embedded/9 2019-q4-major/bin/../lib/gcc/arm-none-eabi/9.2.1/../../../../arm-none-eabi/lib/thumb/v6-m/nofp\libc_nano.a(lib_a-exit.o) (_global_impure_ptr)
d:/gnu tools arm embedded/9 2019-q4-major/bin/../lib/gcc/arm-none-eabi/9.2.1/../../../../arm-none-eabi/lib/thumb/v6-m/nofp\libc_nano.a(lib_a-init.o)
                              d:/gnu tools arm embedded/9 2019-q4-major/bin/../lib/gcc/arm-none-eabi/9.2.1/../../../../arm-none-eabi/lib/thumb/v6-m/nofp/crt0.o (__libc_init_array)
d:/gnu tools arm embedded/9 2019-q4-major/bin/../lib/gcc/arm-none-eabi/9.2.1/../../../../arm-none-eabi/lib/thumb/v6-m/nofp\libc_nano.a(lib_a-memset.o)
                              d:/gnu tools arm embedded/9 2019-q4-major/bin/../lib/gcc/arm-none-eabi/9.2.1/../../../../arm-none-eabi/lib/thumb/v6-m/nofp/crt0.o (memset)
d:/gnu tools arm embedded/9 2019-q4-major/bin/../lib/gcc/arm-none-eabi/9.2.1/../../../../arm-none-eabi/lib/thumb/v6-m/nofp\libnosys.a(_exit.o)
                              d:/gnu tools arm embedded/9 2019-q4-major/bin/../lib/gcc/arm-none-eabi/9.2.1/../../../../arm-none-eabi/lib/thumb/v6-m/nofp\libc_nano.a(lib_a-exit.o) (_exit)
d:/gnu tools arm embedded/9 2019-q4-major/bin/../lib/gcc/arm-none-eabi/9.2.1/thumb/v6-m/nofp\libgcc.a(_udivsi3.o)
                              build/stm32f0xx_hal_rcc.o (__aeabi_uidiv)
d:/gnu tools arm embedded/9 2019-q4-major/bin/../lib/gcc/arm-none-eabi/9.2.1/thumb/v6-m/nofp\libgcc.a(_dvmd_tls.o)
                              d:/gnu tools arm embedded/9 2019-q4-major/bin/../lib/gcc/arm-none-eabi/9.2.1/thumb/v6-m/nofp\libgcc.a(_udivsi3.o) (__aeabi_idiv0)

Allocating common symbols
Common symbol       size              file

hUsbDeviceFS        0x2c4             build/usb_device.o
uwTick              0x4               build/stm32f0xx_hal.o
pFlash              0x20              build/stm32f0xx_hal_flash.o
UserRxBufferFS      0x3e8             build/usbd_cdc_if.o
UserTxBufferFS      0x3e8             build/usbd_cdc_if.o
hpcd_USB_FS         0x274             build/usbd_conf.o
USBD_StrDesc        0x200             build/usbd_desc.o

Discarded input sections

 .text          0x00000000        0x0 d:/gnu tools arm embedded/9 2019-q4-major/bin/../lib/gcc/arm-none-eabi/9.2.1/thumb/v6-m/nofp/crti.o
 .data          0x00000000        0x0 d:/gnu tools arm embedded/9 2019-q4-major/bin/../lib/gcc/arm-none-eabi/9.2.1/thumb/v6-m/nofp/crti.o
 .bss           0x00000000        0x0 d:/gnu tools arm embedded/9 2019-q4-major/bin/../lib/gcc/arm-none-eabi/9.2.1/thumb/v6-m/nofp/crti.o
 .data          0x00000000        0x4 d:/gnu tools arm embedded/9 2019-q4-major/bin/../lib/gcc/arm-none-eabi/9.2.1/thumb/v6-m/nofp/crtbegin.o
 .text          0x00000000       0x78 d:/gnu tools arm embedded/9 2019-q4-major/bin/../lib/gcc/arm-none-eabi/9.2.1/../../../../arm-none-eabi/lib/thumb/v6-m/nofp/crt0.o
 .data          0x00000000        0x0 d:/gnu tools arm embedded/9 2019-q4-major/bin/../lib/gcc/arm-none-eabi/9.2.1/../../../../arm-none-eabi/lib/thumb/v6-m/nofp/crt0.o
 .bss           0x00000000        0x0 d:/gnu tools arm embedded/9 2019-q4-major/bin/../lib/gcc/arm-none-eabi/9.2.1/../../../../arm-none-eabi/lib/thumb/v6-m/nofp/crt0.o
 .ARM.extab     0x00000000        0x0 d:/gnu tools arm embedded/9 2019-q4-major/bin/../lib/gcc/arm-none-eabi/9.2.1/../../../../arm-none-eabi/lib/thumb/v6-m/nofp/crt0.o
 .ARM.exidx     0x00000000        0x8 d:/gnu tools arm embedded/9 2019-q4-major/bin/../lib/gcc/arm-none-eabi/9.2.1/../../../../arm-none-eabi/lib/thumb/v6-m/nofp/crt0.o
 .ARM.attributes
                0x00000000       0x1b d:/gnu tools arm embedded/9 2019-q4-major/bin/../lib/gcc/arm-none-eabi/9.2.1/../../../../arm-none-eabi/lib/thumb/v6-m/nofp/crt0.o
 .text          0x00000000        0x0 build/main.o
 .data          0x00000000        0x0 build/main.o
 .bss           0x00000000        0x0 build/main.o
 .text          0x00000000        0x0 build/sys.o
 .data          0x00000000        0x0 build/sys.o
 .bss           0x00000000        0x0 build/sys.o
 .text.MX_SYS_Init
                0x00000000        0x2 build/sys.o
 .debug_info    0x00000000      0x17b build/sys.o
 .debug_abbrev  0x00000000       0xb7 build/sys.o
 .debug_aranges
                0x00000000       0x20 build/sys.o
 .debug_ranges  0x00000000       0x10 build/sys.o
 .debug_line    0x00000000      0x15d build/sys.o
 .debug_str     0x00000000      0x251 build/sys.o
 .comment       0x00000000       0x7a build/sys.o
[...]
Memory Configuration

Name             Origin             Length             Attributes
RAM              0x20000000         0x00004000         xrw
FLASH            0x08000000         0x00020000         xr
*default*        0x00000000         0xffffffff

Linker script and memory map

LOAD d:/gnu tools arm embedded/9 2019-q4-major/bin/../lib/gcc/arm-none-eabi/9.2.1/thumb/v6-m/nofp/crti.o
LOAD d:/gnu tools arm embedded/9 2019-q4-major/bin/../lib/gcc/arm-none-eabi/9.2.1/thumb/v6-m/nofp/crtbegin.o
LOAD d:/gnu tools arm embedded/9 2019-q4-major/bin/../lib/gcc/arm-none-eabi/9.2.1/../../../../arm-none-eabi/lib/thumb/v6-m/nofp/crt0.o
LOAD build/main.o
LOAD build/sys.o
LOAD build/stm32f0xx_it.o
LOAD build/stm32f0xx_hal_msp.o
LOAD build/stm32f0xx_hal_tim.o
LOAD build/stm32f0xx_hal_tim_ex.o
LOAD build/stm32f0xx_hal_rcc.o
LOAD build/stm32f0xx_hal_rcc_ex.o
LOAD build/stm32f0xx_hal.o
LOAD build/stm32f0xx_hal_i2c.o
LOAD build/stm32f0xx_hal_i2c_ex.o
LOAD build/stm32f0xx_hal_gpio.o
LOAD build/stm32f0xx_hal_dma.o
LOAD build/stm32f0xx_hal_cortex.o
LOAD build/stm32f0xx_hal_pwr.o
LOAD build/stm32f0xx_hal_pwr_ex.o
LOAD build/stm32f0xx_hal_flash.o
LOAD build/stm32f0xx_hal_flash_ex.o
LOAD build/stm32f0xx_hal_exti.o
LOAD build/system_stm32f0xx.o
LOAD build/gpio.o
LOAD build/usb_device.o
LOAD build/usbd_conf.o
LOAD build/usbd_desc.o
LOAD build/usbd_cdc_if.o
LOAD build/stm32f0xx_ll_usb.o
LOAD build/stm32f0xx_hal_pcd.o
LOAD build/stm32f0xx_hal_pcd_ex.o
LOAD build/usbd_core.o
LOAD build/usbd_ctlreq.o
LOAD build/usbd_ioreq.o
LOAD build/usbd_cdc.o
LOAD build/startup_stm32f072xb.o
LOAD d:/gnu tools arm embedded/9 2019-q4-major/bin/../lib/gcc/arm-none-eabi/9.2.1/../../../../arm-none-eabi/lib/thumb/v6-m/nofp\libc_nano.a
LOAD d:/gnu tools arm embedded/9 2019-q4-major/bin/../lib/gcc/arm-none-eabi/9.2.1/../../../../arm-none-eabi/lib/thumb/v6-m/nofp\libm.a
LOAD d:/gnu tools arm embedded/9 2019-q4-major/bin/../lib/gcc/arm-none-eabi/9.2.1/../../../../arm-none-eabi/lib/thumb/v6-m/nofp\libnosys.a
START GROUP
LOAD d:/gnu tools arm embedded/9 2019-q4-major/bin/../lib/gcc/arm-none-eabi/9.2.1/thumb/v6-m/nofp\libgcc.a
LOAD d:/gnu tools arm embedded/9 2019-q4-major/bin/../lib/gcc/arm-none-eabi/9.2.1/../../../../arm-none-eabi/lib/thumb/v6-m/nofp\libc_nano.a
END GROUP
START GROUP
LOAD d:/gnu tools arm embedded/9 2019-q4-major/bin/../lib/gcc/arm-none-eabi/9.2.1/thumb/v6-m/nofp\libgcc.a
LOAD d:/gnu tools arm embedded/9 2019-q4-major/bin/../lib/gcc/arm-none-eabi/9.2.1/../../../../arm-none-eabi/lib/thumb/v6-m/nofp\libc_nano.a
END GROUP
LOAD d:/gnu tools arm embedded/9 2019-q4-major/bin/../lib/gcc/arm-none-eabi/9.2.1/thumb/v6-m/nofp/crtend.o
LOAD d:/gnu tools arm embedded/9 2019-q4-major/bin/../lib/gcc/arm-none-eabi/9.2.1/thumb/v6-m/nofp/crtn.o
                0x20004000                _estack = 0x20004000
                0x00000200                _Min_Heap_Size = 0x200
                0x00000400                _Min_Stack_Size = 0x400

.isr_vector     0x08000000       0xc0
                0x08000000                . = ALIGN (0x4)
 *(.isr_vector)
 .isr_vector    0x08000000       0xc0 build/startup_stm32f072xb.o
                0x08000000                g_pfnVectors
                0x080000c0                . = ALIGN (0x4)

.text           0x080000c0     0x3458
                0x080000c0                . = ALIGN (0x4)
 *(.text)
 .text          0x080000c0       0x48 d:/gnu tools arm embedded/9 2019-q4-major/bin/../lib/gcc/arm-none-eabi/9.2.1/thumb/v6-m/nofp/crtbegin.o
 .text          0x08000108      0x114 d:/gnu tools arm embedded/9 2019-q4-major/bin/../lib/gcc/arm-none-eabi/9.2.1/thumb/v6-m/nofp\libgcc.a(_udivsi3.o)
                0x08000108                __aeabi_uidiv
                0x08000108                __udivsi3
                0x08000214                __aeabi_uidivmod
 .text          0x0800021c        0x4 d:/gnu tools arm embedded/9 2019-q4-major/bin/../lib/gcc/arm-none-eabi/9.2.1/thumb/v6-m/nofp\libgcc.a(_dvmd_tls.o)
                0x0800021c                __aeabi_idiv0
                0x0800021c                __aeabi_ldiv0
 *(.text*)
 .text.SystemClock_Config
                0x08000220       0x58 build/main.o
                0x08000220                SystemClock_Config
 .text.main     0x08000278       0x36 build/main.o
                0x08000278                main
 .text.Error_Handler
                0x080002ae        0x2 build/main.o
                0x080002ae                Error_Handler
 .text.NMI_Handler
                0x080002b0        0x2 build/stm32f0xx_it.o
                0x080002b0                NMI_Handler
 .text.HardFault_Handler
                0x080002b2        0x2 build/stm32f0xx_it.o
                0x080002b2                HardFault_Handler
 .text.SVC_Handler
                0x080002b4        0x2 build/stm32f0xx_it.o
                0x080002b4                SVC_Handler
 .text.PendSV_Handler
                0x080002b6        0x2 build/stm32f0xx_it.o
                0x080002b6                PendSV_Handler
 .text.SysTick_Handler
                0x080002b8        0x8 build/stm32f0xx_it.o
                0x080002b8                SysTick_Handler
 .text.USB_IRQHandler
                0x080002c0       0x10 build/stm32f0xx_it.o
                0x080002c0                USB_IRQHandler
 .text.HAL_MspInit
                0x080002d0       0x30 build/stm32f0xx_hal_msp.o
                0x080002d0                HAL_MspInit
 .text.HAL_RCC_OscConfig
                0x08000300      0x544 build/stm32f0xx_hal_rcc.o
                0x08000300                HAL_RCC_OscConfig
 .text.HAL_RCC_GetSysClockFreq
                0x08000844       0x94 build/stm32f0xx_hal_rcc.o
                0x08000844                HAL_RCC_GetSysClockFreq
 .text.HAL_RCC_ClockConfig
                0x080008d8      0x144 build/stm32f0xx_hal_rcc.o
                0x080008d8                HAL_RCC_ClockConfig
 .text.HAL_RCCEx_PeriphCLKConfig
                0x08000a1c      0x15c build/stm32f0xx_hal_rcc_ex.o
                0x08000a1c                HAL_RCCEx_PeriphCLKConfig
 .text.HAL_InitTick
                0x08000b78       0x50 build/stm32f0xx_hal.o
                0x08000b78                HAL_InitTick
 .text.HAL_Init
                0x08000bc8       0x20 build/stm32f0xx_hal.o
                0x08000bc8                HAL_Init
 .text.HAL_IncTick
                0x08000be8       0x18 build/stm32f0xx_hal.o
                0x08000be8                HAL_IncTick
 .text.HAL_GetTick
                0x08000c00        0xc build/stm32f0xx_hal.o
                0x08000c00                HAL_GetTick
 .text.HAL_Delay
                0x08000c0c       0x24 build/stm32f0xx_hal.o
                0x08000c0c                HAL_Delay
 .text.HAL_GPIO_Init
                0x08000c30      0x1bc build/stm32f0xx_hal_gpio.o
                0x08000c30                HAL_GPIO_Init
 .text.HAL_NVIC_SetPriority
                0x08000dec       0x60 build/stm32f0xx_hal_cortex.o
                0x08000dec                HAL_NVIC_SetPriority
 .text.HAL_NVIC_EnableIRQ
                0x08000e4c       0x18 build/stm32f0xx_hal_cortex.o
                0x08000e4c                HAL_NVIC_EnableIRQ
 .text.HAL_SYSTICK_Config
                0x08000e64       0x38 build/stm32f0xx_hal_cortex.o
                0x08000e64                HAL_SYSTICK_Config
 .text.SystemInit
                0x08000e9c        0x2 build/system_stm32f0xx.o
                0x08000e9c                SystemInit
 *fill*         0x08000e9e        0x2 
 .text.MX_GPIO_Init
                0x08000ea0       0x20 build/gpio.o
                0x08000ea0                MX_GPIO_Init
 .text.MX_USB_DEVICE_Init
                0x08000ec0       0x5c build/usb_device.o
                0x08000ec0                MX_USB_DEVICE_Init
 .text.USBD_Get_USB_Status
                0x08000f1c       0x16 build/usbd_conf.o
 .text.SystemClockConfig_Resume
                0x08000f32        0x8 build/usbd_conf.o
 *fill*         0x08000f3a        0x2 
 .text.HAL_PCD_MspInit
                0x08000f3c       0x7c build/usbd_conf.o
                0x08000f3c                HAL_PCD_MspInit
 .text.HAL_PCD_SetupStageCallback
                0x08000fb8       0x16 build/usbd_conf.o
                0x08000fb8                HAL_PCD_SetupStageCallback
 .text.HAL_PCD_DataOutStageCallback
                0x08000fce       0x1a build/usbd_conf.o
                0x08000fce                HAL_PCD_DataOutStageCallback
 .text.HAL_PCD_DataInStageCallback
                0x08000fe8       0x16 build/usbd_conf.o
                0x08000fe8                HAL_PCD_DataInStageCallback
 .text.HAL_PCD_SOFCallback
                0x08000ffe        0xe build/usbd_conf.o
                0x08000ffe                HAL_PCD_SOFCallback
 .text.HAL_PCD_ResetCallback
                0x0800100c       0x24 build/usbd_conf.o
                0x0800100c                HAL_PCD_ResetCallback
 .text.HAL_PCD_SuspendCallback
                0x08001030       0x24 build/usbd_conf.o
                0x08001030                HAL_PCD_SuspendCallback
 .text.HAL_PCD_ResumeCallback
                0x08001054       0x2c build/usbd_conf.o
                0x08001054                HAL_PCD_ResumeCallback
 .text.USBD_LL_Init
                0x08001080       0x84 build/usbd_conf.o
                0x08001080                USBD_LL_Init
 .text.USBD_LL_Start
                0x08001104       0x12 build/usbd_conf.o
                0x08001104                USBD_LL_Start
 .text.USBD_LL_OpenEP
                0x08001116       0x18 build/usbd_conf.o
                0x08001116                USBD_LL_OpenEP
 .text.USBD_LL_CloseEP
                0x0800112e       0x12 build/usbd_conf.o
                0x0800112e                USBD_LL_CloseEP
 .text.USBD_LL_StallEP
                0x08001140       0x12 build/usbd_conf.o
                0x08001140                USBD_LL_StallEP
 .text.USBD_LL_ClearStallEP
                0x08001152       0x12 build/usbd_conf.o
                0x08001152                USBD_LL_ClearStallEP
 .text.USBD_LL_IsStallEP
                0x08001164       0x2a build/usbd_conf.o
                0x08001164                USBD_LL_IsStallEP
 .text.USBD_LL_SetUSBAddress
                0x0800118e       0x12 build/usbd_conf.o
                0x0800118e                USBD_LL_SetUSBAddress
 .text.USBD_LL_Transmit
                0x080011a0       0x12 build/usbd_conf.o
                0x080011a0                USBD_LL_Transmit
 .text.USBD_LL_PrepareReceive
                0x080011b2       0x12 build/usbd_conf.o
                0x080011b2                USBD_LL_PrepareReceive
 .text.USBD_LL_GetRxDataSize
                0x080011c4        0xe build/usbd_conf.o
                0x080011c4                USBD_LL_GetRxDataSize
 *fill*         0x080011d2        0x2 
 .text.USBD_static_malloc
                0x080011d4        0x8 build/usbd_conf.o
                0x080011d4                USBD_static_malloc
 .text.USBD_static_free
                0x080011dc        0x2 build/usbd_conf.o
                0x080011dc                USBD_static_free
 *fill*         0x080011de        0x2 
 .text.USBD_FS_DeviceDescriptor
                0x080011e0        0xc build/usbd_desc.o
                0x080011e0                USBD_FS_DeviceDescriptor
 .text.USBD_FS_LangIDStrDescriptor
                0x080011ec        0xc build/usbd_desc.o
                0x080011ec                USBD_FS_LangIDStrDescriptor
 .text.IntToUnicode
                0x080011f8       0x30 build/usbd_desc.o
 .text.Get_SerialNum
                0x08001228       0x40 build/usbd_desc.o
 .text.USBD_FS_SerialStrDescriptor
                0x08001268       0x14 build/usbd_desc.o
                0x08001268                USBD_FS_SerialStrDescriptor
 .text.USBD_FS_ProductStrDescriptor
                0x0800127c       0x28 build/usbd_desc.o
                0x0800127c                USBD_FS_ProductStrDescriptor
 .text.USBD_FS_ManufacturerStrDescriptor
                0x080012a4       0x1c build/usbd_desc.o
                0x080012a4                USBD_FS_ManufacturerStrDescriptor
 .text.USBD_FS_ConfigStrDescriptor
                0x080012c0       0x28 build/usbd_desc.o
                0x080012c0                USBD_FS_ConfigStrDescriptor
 .text.USBD_FS_InterfaceStrDescriptor
                0x080012e8       0x28 build/usbd_desc.o
                0x080012e8                USBD_FS_InterfaceStrDescriptor
 .text.CDC_DeInit_FS
                0x08001310        0x4 build/usbd_cdc_if.o
 .text.CDC_Control_FS
                0x08001314        0x4 build/usbd_cdc_if.o
 .text.CDC_Receive_FS
                0x08001318       0x1c build/usbd_cdc_if.o
 .text.CDC_Init_FS
                0x08001334       0x28 build/usbd_cdc_if.o
 .text.CDC_Transmit_FS
                0x0800135c       0x30 build/usbd_cdc_if.o
                0x0800135c                CDC_Transmit_FS
 .text.USB_EnableGlobalInt
                0x0800138c       0x14 build/stm32f0xx_ll_usb.o
                0x0800138c                USB_EnableGlobalInt
 .text.USB_DisableGlobalInt
                0x080013a0       0x14 build/stm32f0xx_ll_usb.o
                0x080013a0                USB_DisableGlobalInt
 .text.USB_DevInit
                0x080013b4       0x2a build/stm32f0xx_ll_usb.o
                0x080013b4                USB_DevInit
 *fill*         0x080013de        0x2 
 .text.USB_ActivateEndpoint
                0x080013e0      0x308 build/stm32f0xx_ll_usb.o
                0x080013e0                USB_ActivateEndpoint
 .text.USB_DeactivateEndpoint
                0x080016e8      0x170 build/stm32f0xx_ll_usb.o
                0x080016e8                USB_DeactivateEndpoint
 .text.USB_EPSetStall
                0x08001858       0x4c build/stm32f0xx_ll_usb.o
                0x08001858                USB_EPSetStall
 .text.USB_EPClearStall
                0x080018a4       0x9c build/stm32f0xx_ll_usb.o
                0x080018a4                USB_EPClearStall
 .text.USB_SetDevAddress
                0x08001940        0xe build/stm32f0xx_ll_usb.o
                0x08001940                USB_SetDevAddress
 *fill*         0x0800194e        0x2 
 .text.USB_DevConnect
                0x08001950       0x14 build/stm32f0xx_ll_usb.o
                0x08001950                USB_DevConnect
 .text.USB_ReadInterrupts
                0x08001964        0x8 build/stm32f0xx_ll_usb.o
                0x08001964                USB_ReadInterrupts
 .text.USB_EP0_OutStart
                0x0800196c        0x4 build/stm32f0xx_ll_usb.o
                0x0800196c                USB_EP0_OutStart
 .text.USB_WritePMA
                0x08001970       0x28 build/stm32f0xx_ll_usb.o
                0x08001970                USB_WritePMA
 .text.USB_EPStartXfer
                0x08001998      0x2d8 build/stm32f0xx_ll_usb.o
                0x08001998                USB_EPStartXfer
 .text.USB_ReadPMA
                0x08001c70       0x2c build/stm32f0xx_ll_usb.o
                0x08001c70                USB_ReadPMA
 .text.HAL_PCD_Init
                0x08001c9c       0xd4 build/stm32f0xx_hal_pcd.o
                0x08001c9c                HAL_PCD_Init
 .text.HAL_PCD_Start
                0x08001d70       0x2e build/stm32f0xx_hal_pcd.o
                0x08001d70                HAL_PCD_Start
 .text.HAL_PCD_SetAddress
                0x08001d9e       0x2c build/stm32f0xx_hal_pcd.o
                0x08001d9e                HAL_PCD_SetAddress
 .text.HAL_PCD_EP_Open
                0x08001dca       0x7a build/stm32f0xx_hal_pcd.o
                0x08001dca                HAL_PCD_EP_Open
 .text.HAL_PCD_EP_Close
                0x08001e44       0x64 build/stm32f0xx_hal_pcd.o
                0x08001e44                HAL_PCD_EP_Close
 .text.HAL_PCD_EP_Receive
                0x08001ea8       0x4c build/stm32f0xx_hal_pcd.o
                0x08001ea8                HAL_PCD_EP_Receive
 .text.HAL_PCD_EP_GetRxCount
                0x08001ef4        0xe build/stm32f0xx_hal_pcd.o
                0x08001ef4                HAL_PCD_EP_GetRxCount
 .text.HAL_PCD_EP_Transmit
                0x08001f02       0x40 build/stm32f0xx_hal_pcd.o
                0x08001f02                HAL_PCD_EP_Transmit
 *fill*         0x08001f42        0x2 
 .text.PCD_EP_ISR_Handler
                0x08001f44      0x3b0 build/stm32f0xx_hal_pcd.o
 .text.HAL_PCD_IRQHandler
                0x080022f4      0x1b8 build/stm32f0xx_hal_pcd.o
                0x080022f4                HAL_PCD_IRQHandler
 .text.HAL_PCD_EP_SetStall
                0x080024ac       0x7e build/stm32f0xx_hal_pcd.o
                0x080024ac                HAL_PCD_EP_SetStall
 .text.HAL_PCD_EP_ClrStall
                0x0800252a       0x76 build/stm32f0xx_hal_pcd.o
                0x0800252a                HAL_PCD_EP_ClrStall
 .text.HAL_PCDEx_PMAConfig
                0x080025a0       0x32 build/stm32f0xx_hal_pcd_ex.o
                0x080025a0                HAL_PCDEx_PMAConfig
 .text.HAL_PCDEx_ActivateLPM
                0x080025d2       0x2a build/stm32f0xx_hal_pcd_ex.o
                0x080025d2                HAL_PCDEx_ActivateLPM
 .text.HAL_PCDEx_LPM_Callback
                0x080025fc        0x2 build/stm32f0xx_hal_pcd_ex.o
                0x080025fc                HAL_PCDEx_LPM_Callback
 .text.USBD_Init
                0x080025fe       0x38 build/usbd_core.o
                0x080025fe                USBD_Init
 .text.USBD_RegisterClass
                0x08002636       0x12 build/usbd_core.o
                0x08002636                USBD_RegisterClass
 .text.USBD_Start
                0x08002648        0xa build/usbd_core.o
                0x08002648                USBD_Start
 .text.USBD_SetClassConfig
                0x08002652       0x1e build/usbd_core.o
                0x08002652                USBD_SetClassConfig
 .text.USBD_ClrClassConfig
                0x08002670       0x10 build/usbd_core.o
                0x08002670                USBD_ClrClassConfig
 .text.USBD_LL_SetupStage
                0x08002680       0x64 build/usbd_core.o
                0x08002680                USBD_LL_SetupStage
 .text.USBD_LL_DataOutStage
                0x080026e4       0xa4 build/usbd_core.o
                0x080026e4                USBD_LL_DataOutStage
 .text.USBD_LL_DataInStage
                0x08002788       0xea build/usbd_core.o
                0x08002788                USBD_LL_DataInStage
 .text.USBD_LL_Reset
                0x08002872       0x5e build/usbd_core.o
                0x08002872                USBD_LL_Reset
 .text.USBD_LL_SetSpeed
                0x080028d0        0x6 build/usbd_core.o
                0x080028d0                USBD_LL_SetSpeed
 *fill*         0x080028d6        0x2 
 .text.USBD_LL_Suspend
                0x080028d8       0x18 build/usbd_core.o
                0x080028d8                USBD_LL_Suspend
 .text.USBD_LL_Resume
                0x080028f0       0x1c build/usbd_core.o
                0x080028f0                USBD_LL_Resume
 .text.USBD_LL_SOF
                0x0800290c       0x20 build/usbd_core.o
                0x0800290c                USBD_LL_SOF
 .text.USBD_GetLen
                0x0800292c       0x14 build/usbd_ctlreq.o
 .text.USBD_SetFeature
                0x08002940       0x18 build/usbd_ctlreq.o
 .text.USBD_ParseSetupRequest
                0x08002958       0x28 build/usbd_ctlreq.o
                0x08002958                USBD_ParseSetupRequest
 .text.USBD_CtlError
                0x08002980       0x14 build/usbd_ctlreq.o
                0x08002980                USBD_CtlError
 .text.USBD_GetDescriptor
                0x08002994      0x1b8 build/usbd_ctlreq.o
 .text.USBD_SetAddress
                0x08002b4c       0x60 build/usbd_ctlreq.o
 .text.USBD_SetConfig
                0x08002bac       0xb8 build/usbd_ctlreq.o
 .text.USBD_GetConfig
                0x08002c64       0x40 build/usbd_ctlreq.o
 .text.USBD_GetStatus
                0x08002ca4       0x3e build/usbd_ctlreq.o
 .text.USBD_ClrFeature
                0x08002ce2       0x2a build/usbd_ctlreq.o
 .text.USBD_StdDevReq
                0x08002d0c       0x6c build/usbd_ctlreq.o
                0x08002d0c                USBD_StdDevReq
 .text.USBD_StdItfReq
                0x08002d78       0x66 build/usbd_ctlreq.o
                0x08002d78                USBD_StdItfReq
 .text.USBD_StdEPReq
                0x08002dde      0x210 build/usbd_ctlreq.o
                0x08002dde                USBD_StdEPReq
 .text.USBD_GetString
                0x08002fee       0x3a build/usbd_ctlreq.o
                0x08002fee                USBD_GetString
 .text.USBD_CtlSendData
                0x08003028       0x1c build/usbd_ioreq.o
                0x08003028                USBD_CtlSendData
 .text.USBD_CtlContinueSendData
                0x08003044       0x10 build/usbd_ioreq.o
                0x08003044                USBD_CtlContinueSendData
 .text.USBD_CtlPrepareRx
                0x08003054       0x22 build/usbd_ioreq.o
                0x08003054                USBD_CtlPrepareRx
 .text.USBD_CtlContinueRx
                0x08003076       0x10 build/usbd_ioreq.o
                0x08003076                USBD_CtlContinueRx
 .text.USBD_CtlSendStatus
                0x08003086       0x18 build/usbd_ioreq.o
                0x08003086                USBD_CtlSendStatus
 .text.USBD_CtlReceiveStatus
                0x0800309e       0x18 build/usbd_ioreq.o
                0x0800309e                USBD_CtlReceiveStatus
 *fill*         0x080030b6        0x2 
 .text.USBD_CDC_EP0_RxReady
                0x080030b8       0x34 build/usbd_cdc.o
 .text.USBD_CDC_GetFSCfgDesc
                0x080030ec        0xc build/usbd_cdc.o
 .text.USBD_CDC_GetHSCfgDesc
                0x080030f8        0xc build/usbd_cdc.o
 .text.USBD_CDC_GetOtherSpeedCfgDesc
                0x08003104        0xc build/usbd_cdc.o
 .text.USBD_CDC_GetDeviceQualifierDescriptor
                0x08003110        0xc build/usbd_cdc.o
                0x08003110                USBD_CDC_GetDeviceQualifierDescriptor
 .text.USBD_CDC_DataOut
                0x0800311c       0x36 build/usbd_cdc.o
 .text.USBD_CDC_DataIn
                0x08003152       0x58 build/usbd_cdc.o
 *fill*         0x080031aa        0x2 
 .text.USBD_CDC_Setup
                0x080031ac       0xf0 build/usbd_cdc.o
 .text.USBD_CDC_DeInit
                0x0800329c       0x4c build/usbd_cdc.o
 .text.USBD_CDC_Init
                0x080032e8       0xbc build/usbd_cdc.o
 .text.USBD_CDC_RegisterInterface
                0x080033a4       0x12 build/usbd_cdc.o
                0x080033a4                USBD_CDC_RegisterInterface
 .text.USBD_CDC_SetTxBuffer
                0x080033b6       0x16 build/usbd_cdc.o
                0x080033b6                USBD_CDC_SetTxBuffer
 .text.USBD_CDC_SetRxBuffer
                0x080033cc        0xe build/usbd_cdc.o
                0x080033cc                USBD_CDC_SetRxBuffer
 .text.USBD_CDC_TransmitPacket
                0x080033da       0x3e build/usbd_cdc.o
                0x080033da                USBD_CDC_TransmitPacket
 .text.USBD_CDC_ReceivePacket
                0x08003418       0x3c build/usbd_cdc.o
                0x08003418                USBD_CDC_ReceivePacket
 .text.Reset_Handler
                0x08003454       0x50 build/startup_stm32f072xb.o
                0x08003454                Reset_Handler
 .text.Default_Handler
                0x080034a4        0x2 build/startup_stm32f072xb.o
                0x080034a4                TIM1_CC_IRQHandler
                0x080034a4                TSC_IRQHandler
                0x080034a4                ADC1_COMP_IRQHandler
                0x080034a4                I2C1_IRQHandler
                0x080034a4                RCC_CRS_IRQHandler
                0x080034a4                SPI1_IRQHandler
                0x080034a4                TIM6_DAC_IRQHandler
                0x080034a4                USART3_4_IRQHandler
                0x080034a4                EXTI2_3_IRQHandler
                0x080034a4                I2C2_IRQHandler
                0x080034a4                TIM17_IRQHandler
                0x080034a4                CEC_CAN_IRQHandler
                0x080034a4                RTC_IRQHandler
                0x080034a4                PVD_VDDIO2_IRQHandler
                0x080034a4                DMA1_Channel4_5_6_7_IRQHandler
                0x080034a4                TIM16_IRQHandler
                0x080034a4                TIM3_IRQHandler
                0x080034a4                EXTI4_15_IRQHandler
                0x080034a4                DMA1_Channel1_IRQHandler
                0x080034a4                Default_Handler
                0x080034a4                TIM14_IRQHandler
                0x080034a4                TIM7_IRQHandler
                0x080034a4                TIM15_IRQHandler
                0x080034a4                EXTI0_1_IRQHandler
                0x080034a4                SPI2_IRQHandler
                0x080034a4                WWDG_IRQHandler
                0x080034a4                TIM2_IRQHandler
                0x080034a4                DMA1_Channel2_3_IRQHandler
                0x080034a4                USART2_IRQHandler
                0x080034a4                FLASH_IRQHandler
                0x080034a4                USART1_IRQHandler
                0x080034a4                TIM1_BRK_UP_TRG_COM_IRQHandler
 *fill*         0x080034a6        0x2 
 .text.__libc_init_array
                0x080034a8       0x48 d:/gnu tools arm embedded/9 2019-q4-major/bin/../lib/gcc/arm-none-eabi/9.2.1/../../../../arm-none-eabi/lib/thumb/v6-m/nofp\libc_nano.a(lib_a-init.o)
                0x080034a8                __libc_init_array
 .text.memset   0x080034f0       0x10 d:/gnu tools arm embedded/9 2019-q4-major/bin/../lib/gcc/arm-none-eabi/9.2.1/../../../../arm-none-eabi/lib/thumb/v6-m/nofp\libc_nano.a(lib_a-memset.o)
                0x080034f0                memset
 *(.glue_7)
 .glue_7        0x08003500        0x0 linker stubs
 *(.glue_7t)
 .glue_7t       0x08003500        0x0 linker stubs
 *(.eh_frame)
 .eh_frame      0x08003500        0x0 d:/gnu tools arm embedded/9 2019-q4-major/bin/../lib/gcc/arm-none-eabi/9.2.1/thumb/v6-m/nofp/crtbegin.o
 *(.init)
 .init          0x08003500        0x4 d:/gnu tools arm embedded/9 2019-q4-major/bin/../lib/gcc/arm-none-eabi/9.2.1/thumb/v6-m/nofp/crti.o
                0x08003500                _init
 .init          0x08003504        0x8 d:/gnu tools arm embedded/9 2019-q4-major/bin/../lib/gcc/arm-none-eabi/9.2.1/thumb/v6-m/nofp/crtn.o
 *(.fini)
 .fini          0x0800350c        0x4 d:/gnu tools arm embedded/9 2019-q4-major/bin/../lib/gcc/arm-none-eabi/9.2.1/thumb/v6-m/nofp/crti.o
                0x0800350c                _fini
 .fini          0x08003510        0x8 d:/gnu tools arm embedded/9 2019-q4-major/bin/../lib/gcc/arm-none-eabi/9.2.1/thumb/v6-m/nofp/crtn.o
                0x08003518                . = ALIGN (0x4)
                0x08003518                _etext = .

.vfp11_veneer   0x08003518        0x0
 .vfp11_veneer  0x08003518        0x0 linker stubs

.v4_bx          0x08003518        0x0
 .v4_bx         0x08003518        0x0 linker stubs

.iplt           0x08003518        0x0
 .iplt          0x08003518        0x0 d:/gnu tools arm embedded/9 2019-q4-major/bin/../lib/gcc/arm-none-eabi/9.2.1/thumb/v6-m/nofp/crtbegin.o

.rodata         0x08003518       0xe0
                0x08003518                . = ALIGN (0x4)
 *(.rodata)
 *(.rodata*)
 .rodata.HAL_RCC_GetSysClockFreq.str1.4
                0x08003518       0x25 build/stm32f0xx_hal_rcc.o
 *fill*         0x0800353d        0x3 
 .rodata.AHBPrescTable
                0x08003540       0x10 build/system_stm32f0xx.o
                0x08003540                AHBPrescTable
 .rodata.USBD_FS_ProductStrDescriptor.str1.4
                0x08003550       0x16 build/usbd_desc.o
 *fill*         0x08003566        0x2 
 .rodata.USBD_FS_ManufacturerStrDescriptor.str1.4
                0x08003568       0x13 build/usbd_desc.o
 *fill*         0x0800357b        0x1 
 .rodata.USBD_FS_ConfigStrDescriptor.str1.4
                0x0800357c        0xb build/usbd_desc.o
 *fill*         0x08003587        0x1 
 .rodata.USBD_FS_InterfaceStrDescriptor.str1.4
                0x08003588        0xe build/usbd_desc.o
 *fill*         0x08003596        0x2 
 .rodata.USBD_GetDescriptor
                0x08003598       0x38 build/usbd_ctlreq.o
 .rodata.USBD_StdDevReq
                0x080035d0       0x28 build/usbd_ctlreq.o
                0x080035f8                . = ALIGN (0x4)

.rel.dyn        0x080035f8        0x0
 .rel.iplt      0x080035f8        0x0 d:/gnu tools arm embedded/9 2019-q4-major/bin/../lib/gcc/arm-none-eabi/9.2.1/thumb/v6-m/nofp/crtbegin.o

.ARM.extab
 *(.ARM.extab* .gnu.linkonce.armextab.*)

.ARM            0x080035f8        0x0
                0x080035f8                __exidx_start = .
 *(.ARM.exidx*)
                0x080035f8                __exidx_end = .

.preinit_array  0x080035f8        0x0
                0x080035f8                PROVIDE (__preinit_array_start = .)
 *(.preinit_array*)
                0x080035f8                PROVIDE (__preinit_array_end = .)

.init_array     0x080035f8        0x4
                0x080035f8                PROVIDE (__init_array_start = .)
 *(SORT_BY_NAME(.init_array.*))
 *(.init_array*)
 .init_array    0x080035f8        0x4 d:/gnu tools arm embedded/9 2019-q4-major/bin/../lib/gcc/arm-none-eabi/9.2.1/thumb/v6-m/nofp/crtbegin.o
                0x080035fc                PROVIDE (__init_array_end = .)

.fini_array     0x080035fc        0x4
                [!provide]                PROVIDE (__fini_array_start = .)
 *(SORT_BY_NAME(.fini_array.*))
 *(.fini_array*)
 .fini_array    0x080035fc        0x4 d:/gnu tools arm embedded/9 2019-q4-major/bin/../lib/gcc/arm-none-eabi/9.2.1/thumb/v6-m/nofp/crtbegin.o
                [!provide]                PROVIDE (__fini_array_end = .)
                0x08003600                _sidata = LOADADDR (.data)

.data           0x20000000      0x17c load address 0x08003600
                0x20000000                . = ALIGN (0x4)
                0x20000000                _sdata = .
 *(.data)
 *(.data*)
 .data.uwTickFreq
                0x20000000        0x1 build/stm32f0xx_hal.o
                0x20000000                uwTickFreq
 *fill*         0x20000001        0x3 
 .data.uwTickPrio
                0x20000004        0x4 build/stm32f0xx_hal.o
                0x20000004                uwTickPrio
 .data.SystemCoreClock
                0x20000008        0x4 build/system_stm32f0xx.o
                0x20000008                SystemCoreClock
 .data.FS_Desc  0x2000000c       0x1c build/usbd_desc.o
                0x2000000c                FS_Desc
 .data.USBD_FS_DeviceDesc
                0x20000028       0x12 build/usbd_desc.o
                0x20000028                USBD_FS_DeviceDesc
 *fill*         0x2000003a        0x2 
 .data.USBD_LangIDDesc
                0x2000003c        0x4 build/usbd_desc.o
                0x2000003c                USBD_LangIDDesc
 .data.USBD_StringSerial
                0x20000040       0x1a build/usbd_desc.o
                0x20000040                USBD_StringSerial
 *fill*         0x2000005a        0x2 
 .data.USBD_Interface_fops_FS
                0x2000005c       0x10 build/usbd_cdc_if.o
                0x2000005c                USBD_Interface_fops_FS
 .data.USBD_CDC
                0x2000006c       0x38 build/usbd_cdc.o
                0x2000006c                USBD_CDC
 .data.USBD_CDC_CfgFSDesc
                0x200000a4       0x43 build/usbd_cdc.o
                0x200000a4                USBD_CDC_CfgFSDesc
 *fill*         0x200000e7        0x1 
 .data.USBD_CDC_CfgHSDesc
                0x200000e8       0x43 build/usbd_cdc.o
                0x200000e8                USBD_CDC_CfgHSDesc
 *fill*         0x2000012b        0x1 
 .data.USBD_CDC_DeviceQualifierDesc
                0x2000012c        0xa build/usbd_cdc.o
 *fill*         0x20000136        0x2 
 .data.USBD_CDC_OtherSpeedCfgDesc
                0x20000138       0x43 build/usbd_cdc.o
                0x20000138                USBD_CDC_OtherSpeedCfgDesc
                0x2000017c                . = ALIGN (0x4)
 *fill*         0x2000017b        0x1 
                0x2000017c                _edata = .

.igot.plt       0x2000017c        0x0 load address 0x0800377c
 .igot.plt      0x2000017c        0x0 d:/gnu tools arm embedded/9 2019-q4-major/bin/../lib/gcc/arm-none-eabi/9.2.1/thumb/v6-m/nofp/crtbegin.o
                0x2000017c                . = ALIGN (0x4)

.bss            0x2000017c     0x114c load address 0x0800377c
                0x2000017c                _sbss = .
                0x2000017c                __bss_start__ = _sbss
 *(.bss)
 .bss           0x2000017c       0x1c d:/gnu tools arm embedded/9 2019-q4-major/bin/../lib/gcc/arm-none-eabi/9.2.1/thumb/v6-m/nofp/crtbegin.o
 *(.bss*)
 .bss.mem.7892  0x20000198      0x220 build/usbd_conf.o
 .bss.cfgidx.7821
                0x200003b8        0x1 build/usbd_ctlreq.o
 *(COMMON)
 *fill*         0x200003b9        0x3 
 COMMON         0x200003bc        0x4 build/stm32f0xx_hal.o
                0x200003bc                uwTick
 COMMON         0x200003c0      0x2c4 build/usb_device.o
                0x200003c0                hUsbDeviceFS
 COMMON         0x20000684      0x274 build/usbd_conf.o
                0x20000684                hpcd_USB_FS
 COMMON         0x200008f8      0x200 build/usbd_desc.o
                0x200008f8                USBD_StrDesc
 COMMON         0x20000af8      0x7d0 build/usbd_cdc_if.o
                0x20000af8                UserRxBufferFS
                0x20000ee0                UserTxBufferFS
                0x200012c8                . = ALIGN (0x4)
                0x200012c8                _ebss = .
                0x200012c8                __bss_end__ = _ebss

._user_heap_stack
                0x200012c8      0x600 load address 0x0800377c
                0x200012c8                . = ALIGN (0x8)
                [!provide]                PROVIDE (end = .)
                [!provide]                PROVIDE (_end = .)
                0x200014c8                . = (. + _Min_Heap_Size)
 *fill*         0x200012c8      0x200 
                0x200018c8                . = (. + _Min_Stack_Size)
 *fill*         0x200014c8      0x400 
                0x200018c8                . = ALIGN (0x8)

/DISCARD/
 libc.a(*)
 libm.a(*)
 libgcc.a(*)

.ARM.attributes
                0x00000000       0x28
 *(.ARM.attributes)
 .ARM.attributes
                0x00000000       0x1e d:/gnu tools arm embedded/9 2019-q4-major/bin/../lib/gcc/arm-none-eabi/9.2.1/thumb/v6-m/nofp/crti.o
 .ARM.attributes
                0x0000001e       0x2c d:/gnu tools arm embedded/9 2019-q4-major/bin/../lib/gcc/arm-none-eabi/9.2.1/thumb/v6-m/nofp/crtbegin.o
 .ARM.attributes
                0x0000004a       0x2c build/main.o
 .ARM.attributes
                0x00000076       0x2c build/stm32f0xx_it.o
 .ARM.attributes
                0x000000a2       0x2c build/stm32f0xx_hal_msp.o
 .ARM.attributes
                0x000000ce       0x2c build/stm32f0xx_hal_rcc.o
 .ARM.attributes
                0x000000fa       0x2c build/stm32f0xx_hal_rcc_ex.o
 .ARM.attributes
                0x00000126       0x2c build/stm32f0xx_hal.o
 .ARM.attributes
                0x00000152       0x2c build/stm32f0xx_hal_gpio.o
 .ARM.attributes
                0x0000017e       0x2c build/stm32f0xx_hal_cortex.o
 .ARM.attributes
                0x000001aa       0x2c build/system_stm32f0xx.o
 .ARM.attributes
                0x000001d6       0x2c build/gpio.o
 .ARM.attributes
                0x00000202       0x2c build/usb_device.o
 .ARM.attributes
                0x0000022e       0x2c build/usbd_conf.o
 .ARM.attributes
                0x0000025a       0x2c build/usbd_desc.o
 .ARM.attributes
                0x00000286       0x2c build/usbd_cdc_if.o
 .ARM.attributes
                0x000002b2       0x2c build/stm32f0xx_ll_usb.o
 .ARM.attributes
                0x000002de       0x2c build/stm32f0xx_hal_pcd.o
 .ARM.attributes
                0x0000030a       0x2c build/stm32f0xx_hal_pcd_ex.o
 .ARM.attributes
                0x00000336       0x2c build/usbd_core.o
 .ARM.attributes
                0x00000362       0x2c build/usbd_ctlreq.o
 .ARM.attributes
                0x0000038e       0x2c build/usbd_ioreq.o
 .ARM.attributes
                0x000003ba       0x2c build/usbd_cdc.o
 .ARM.attributes
                0x000003e6       0x21 build/startup_stm32f072xb.o
 .ARM.attributes
                0x00000407       0x2c d:/gnu tools arm embedded/9 2019-q4-major/bin/../lib/gcc/arm-none-eabi/9.2.1/../../../../arm-none-eabi/lib/thumb/v6-m/nofp\libc_nano.a(lib_a-init.o)
 .ARM.attributes
                0x00000433       0x2c d:/gnu tools arm embedded/9 2019-q4-major/bin/../lib/gcc/arm-none-eabi/9.2.1/../../../../arm-none-eabi/lib/thumb/v6-m/nofp\libc_nano.a(lib_a-memset.o)
 .ARM.attributes
                0x0000045f       0x1e d:/gnu tools arm embedded/9 2019-q4-major/bin/../lib/gcc/arm-none-eabi/9.2.1/thumb/v6-m/nofp\libgcc.a(_udivsi3.o)
 .ARM.attributes
                0x0000047d       0x1e d:/gnu tools arm embedded/9 2019-q4-major/bin/../lib/gcc/arm-none-eabi/9.2.1/thumb/v6-m/nofp\libgcc.a(_dvmd_tls.o)
 .ARM.attributes
                0x0000049b       0x1e d:/gnu tools arm embedded/9 2019-q4-major/bin/../lib/gcc/arm-none-eabi/9.2.1/thumb/v6-m/nofp/crtn.o
OUTPUT(build/usb_test.elf elf32-littlearm)

.debug_info     0x00000000    0x14cc7
 .debug_info    0x00000000      0xf44 build/main.o
 .debug_info    0x00000f44      0x7b5 build/stm32f0xx_it.o
 .debug_info    0x000016f9      0x2aa build/stm32f0xx_hal_msp.o
 .debug_info    0x000019a3      0xba9 build/stm32f0xx_hal_rcc.o
 .debug_info    0x0000254c      0x86d build/stm32f0xx_hal_rcc_ex.o
 .debug_info    0x00002db9      0x869 build/stm32f0xx_hal.o
 .debug_info    0x00003622      0x796 build/stm32f0xx_hal_gpio.o
 .debug_info    0x00003db8      0x9a7 build/stm32f0xx_hal_cortex.o
 .debug_info    0x0000475f      0x308 build/system_stm32f0xx.o
 .debug_info    0x00004a67      0x28d build/gpio.o
 .debug_info    0x00004cf4     0x1186 build/usb_device.o
 .debug_info    0x00005e7a     0x288c build/usbd_conf.o
 .debug_info    0x00008706     0x1076 build/usbd_desc.o
 .debug_info    0x0000977c     0x139b build/usbd_cdc_if.o
 .debug_info    0x0000ab17     0x1a1d build/stm32f0xx_ll_usb.o
 .debug_info    0x0000c534     0x159c build/stm32f0xx_hal_pcd.o
 .debug_info    0x0000dad0      0xb40 build/stm32f0xx_hal_pcd_ex.o
 .debug_info    0x0000e610     0x18a3 build/usbd_core.o
 .debug_info    0x0000feb3     0x1bb2 build/usbd_ctlreq.o
 .debug_info    0x00011a65     0x12c8 build/usbd_ioreq.o
 .debug_info    0x00012d2d     0x1f78 build/usbd_cdc.o
 .debug_info    0x00014ca5       0x22 build/startup_stm32f072xb.o

.debug_abbrev   0x00000000     0x3561
 .debug_abbrev  0x00000000      0x2bf build/main.o
 .debug_abbrev  0x000002bf      0x182 build/stm32f0xx_it.o
 .debug_abbrev  0x00000441      0x11c build/stm32f0xx_hal_msp.o
 .debug_abbrev  0x0000055d      0x2a4 build/stm32f0xx_hal_rcc.o
 .debug_abbrev  0x00000801      0x23e build/stm32f0xx_hal_rcc_ex.o
 .debug_abbrev  0x00000a3f      0x23a build/stm32f0xx_hal.o
 .debug_abbrev  0x00000c79      0x24f build/stm32f0xx_hal_gpio.o
 .debug_abbrev  0x00000ec8      0x2d1 build/stm32f0xx_hal_cortex.o
 .debug_abbrev  0x00001199      0x14a build/system_stm32f0xx.o
 .debug_abbrev  0x000012e3      0x111 build/gpio.o
 .debug_abbrev  0x000013f4      0x228 build/usb_device.o
 .debug_abbrev  0x0000161c      0x3ae build/usbd_conf.o
 .debug_abbrev  0x000019ca      0x320 build/usbd_desc.o
 .debug_abbrev  0x00001cea      0x30c build/usbd_cdc_if.o
 .debug_abbrev  0x00001ff6      0x33d build/stm32f0xx_ll_usb.o
 .debug_abbrev  0x00002333      0x316 build/stm32f0xx_hal_pcd.o
 .debug_abbrev  0x00002649      0x288 build/stm32f0xx_hal_pcd_ex.o
 .debug_abbrev  0x000028d1      0x334 build/usbd_core.o
 .debug_abbrev  0x00002c05      0x387 build/usbd_ctlreq.o
 .debug_abbrev  0x00002f8c      0x229 build/usbd_ioreq.o
 .debug_abbrev  0x000031b5      0x39a build/usbd_cdc.o
 .debug_abbrev  0x0000354f       0x12 build/startup_stm32f072xb.o

.debug_loc      0x00000000     0x8908
 .debug_loc     0x00000000       0x9c build/main.o
 .debug_loc     0x0000009c       0x40 build/stm32f0xx_it.o
 .debug_loc     0x000000dc       0x20 build/stm32f0xx_hal_msp.o
 .debug_loc     0x000000fc      0x7d8 build/stm32f0xx_hal_rcc.o
 .debug_loc     0x000008d4      0x960 build/stm32f0xx_hal_rcc_ex.o
 .debug_loc     0x00001234      0x1e1 build/stm32f0xx_hal.o
 .debug_loc     0x00001415      0x466 build/stm32f0xx_hal_gpio.o
 .debug_loc     0x0000187b      0x473 build/stm32f0xx_hal_cortex.o
 .debug_loc     0x00001cee      0x177 build/system_stm32f0xx.o
 .debug_loc     0x00001e65       0x20 build/gpio.o
 .debug_loc     0x00001e85       0x20 build/usb_device.o
 .debug_loc     0x00001ea5      0xfb4 build/usbd_conf.o
 .debug_loc     0x00002e59      0x45d build/usbd_desc.o
 .debug_loc     0x000032b6      0x1cf build/usbd_cdc_if.o
 .debug_loc     0x00003485     0x15b1 build/stm32f0xx_ll_usb.o
 .debug_loc     0x00004a36      0xf10 build/stm32f0xx_hal_pcd.o
 .debug_loc     0x00005946      0x2b8 build/stm32f0xx_hal_pcd_ex.o
 .debug_loc     0x00005bfe      0xa5a build/usbd_core.o
 .debug_loc     0x00006658     0x150f build/usbd_ctlreq.o
 .debug_loc     0x00007b67      0x364 build/usbd_ioreq.o
 .debug_loc     0x00007ecb      0xa3d build/usbd_cdc.o

.debug_aranges  0x00000000      0xa18
 .debug_aranges
                0x00000000       0x30 build/main.o
 .debug_aranges
                0x00000030       0x48 build/stm32f0xx_it.o
 .debug_aranges
                0x00000078       0x20 build/stm32f0xx_hal_msp.o
 .debug_aranges
                0x00000098       0x80 build/stm32f0xx_hal_rcc.o
 .debug_aranges
                0x00000118       0x78 build/stm32f0xx_hal_rcc_ex.o
 .debug_aranges
                0x00000190       0xd0 build/stm32f0xx_hal.o
 .debug_aranges
                0x00000260       0x58 build/stm32f0xx_hal_gpio.o
 .debug_aranges
                0x000002b8       0x78 build/stm32f0xx_hal_cortex.o
 .debug_aranges
                0x00000330       0x28 build/system_stm32f0xx.o
 .debug_aranges
                0x00000358       0x20 build/gpio.o
 .debug_aranges
                0x00000378       0x20 build/usb_device.o
 .debug_aranges
                0x00000398      0x118 build/usbd_conf.o
 .debug_aranges
                0x000004b0       0x60 build/usbd_desc.o
 .debug_aranges
                0x00000510       0x40 build/usbd_cdc_if.o
 .debug_aranges
                0x00000550      0x108 build/stm32f0xx_ll_usb.o
 .debug_aranges
                0x00000658      0x120 build/stm32f0xx_hal_pcd.o
 .debug_aranges
                0x00000778       0x58 build/stm32f0xx_hal_pcd_ex.o
 .debug_aranges
                0x000007d0       0xb8 build/usbd_core.o
 .debug_aranges
                0x00000888       0x88 build/usbd_ctlreq.o
 .debug_aranges
                0x00000910       0x50 build/usbd_ioreq.o
 .debug_aranges
                0x00000960       0x90 build/usbd_cdc.o
 .debug_aranges
                0x000009f0       0x28 build/startup_stm32f072xb.o

.debug_ranges   0x00000000      0xaa0
 .debug_ranges  0x00000000       0x20 build/main.o
 .debug_ranges  0x00000020       0x38 build/stm32f0xx_it.o
 .debug_ranges  0x00000058       0x10 build/stm32f0xx_hal_msp.o
 .debug_ranges  0x00000068       0x88 build/stm32f0xx_hal_rcc.o
 .debug_ranges  0x000000f0       0x80 build/stm32f0xx_hal_rcc_ex.o
 .debug_ranges  0x00000170       0xc0 build/stm32f0xx_hal.o
 .debug_ranges  0x00000230       0x48 build/stm32f0xx_hal_gpio.o
 .debug_ranges  0x00000278       0xc8 build/stm32f0xx_hal_cortex.o
 .debug_ranges  0x00000340       0x18 build/system_stm32f0xx.o
 .debug_ranges  0x00000358       0x10 build/gpio.o
 .debug_ranges  0x00000368       0x10 build/usb_device.o
 .debug_ranges  0x00000378      0x108 build/usbd_conf.o
 .debug_ranges  0x00000480       0x50 build/usbd_desc.o
 .debug_ranges  0x000004d0       0x30 build/usbd_cdc_if.o
 .debug_ranges  0x00000500      0x218 build/stm32f0xx_ll_usb.o
 .debug_ranges  0x00000718      0x140 build/stm32f0xx_hal_pcd.o
 .debug_ranges  0x00000858       0x48 build/stm32f0xx_hal_pcd_ex.o
 .debug_ranges  0x000008a0       0xa8 build/usbd_core.o
 .debug_ranges  0x00000948       0x78 build/usbd_ctlreq.o
 .debug_ranges  0x000009c0       0x40 build/usbd_ioreq.o
 .debug_ranges  0x00000a00       0x80 build/usbd_cdc.o
 .debug_ranges  0x00000a80       0x20 build/startup_stm32f072xb.o

.debug_line     0x00000000     0x8e2b
 .debug_line    0x00000000      0x3a3 build/main.o
 .debug_line    0x000003a3      0x239 build/stm32f0xx_it.o
 .debug_line    0x000005dc      0x18e build/stm32f0xx_hal_msp.o
 .debug_line    0x0000076a      0xc27 build/stm32f0xx_hal_rcc.o
 .debug_line    0x00001391      0x95d build/stm32f0xx_hal_rcc_ex.o
 .debug_line    0x00001cee      0x4e2 build/stm32f0xx_hal.o
 .debug_line    0x000021d0      0x66a build/stm32f0xx_hal_gpio.o
 .debug_line    0x0000283a      0x538 build/stm32f0xx_hal_cortex.o
 .debug_line    0x00002d72      0x24b build/system_stm32f0xx.o
 .debug_line    0x00002fbd      0x17a build/gpio.o
 .debug_line    0x00003137      0x326 build/usb_device.o
 .debug_line    0x0000345d      0x989 build/usbd_conf.o
 .debug_line    0x00003de6      0x484 build/usbd_desc.o
 .debug_line    0x0000426a      0x368 build/usbd_cdc_if.o
 .debug_line    0x000045d2     0x1376 build/stm32f0xx_ll_usb.o
 .debug_line    0x00005948      0xfbe build/stm32f0xx_hal_pcd.o
 .debug_line    0x00006906      0x420 build/stm32f0xx_hal_pcd_ex.o
 .debug_line    0x00006d26      0x83f build/usbd_core.o
 .debug_line    0x00007565      0xc26 build/usbd_ctlreq.o
 .debug_line    0x0000818b      0x3b1 build/usbd_ioreq.o
 .debug_line    0x0000853c      0x878 build/usbd_cdc.o
 .debug_line    0x00008db4       0x77 build/startup_stm32f072xb.o

.debug_str      0x00000000     0x2f66
 .debug_str     0x00000000      0x88b build/main.o
                                0x8fb (size before relaxing)
 .debug_str     0x0000088b      0x3fa build/stm32f0xx_it.o
                                0x65a (size before relaxing)
 .debug_str     0x00000c85       0x7e build/stm32f0xx_hal_msp.o
                                0x2b9 (size before relaxing)
 .debug_str     0x00000d03      0x28c build/stm32f0xx_hal_rcc.o
                                0x6ce (size before relaxing)
 .debug_str     0x00000f8f      0x2a9 build/stm32f0xx_hal_rcc_ex.o
                                0x6c6 (size before relaxing)
 .debug_str     0x00001238      0x3d3 build/stm32f0xx_hal.o
                                0x722 (size before relaxing)
 .debug_str     0x0000160b      0x151 build/stm32f0xx_hal_gpio.o
                                0x4b9 (size before relaxing)
 .debug_str     0x0000175c      0x260 build/stm32f0xx_hal_cortex.o
                                0x70c (size before relaxing)
 .debug_str     0x000019bc       0x38 build/system_stm32f0xx.o
                                0x2e5 (size before relaxing)
 .debug_str     0x000019f4        0xb build/gpio.o
                                0x2ad (size before relaxing)
 .debug_str     0x000019ff      0x3c9 build/usb_device.o
                                0xac8 (size before relaxing)
 .debug_str     0x00001dc8      0x503 build/usbd_conf.o
                               0x15e8 (size before relaxing)
 .debug_str     0x000022cb      0x171 build/usbd_desc.o
                                0x8d3 (size before relaxing)
 .debug_str     0x0000243c      0x113 build/usbd_cdc_if.o
                                0xb98 (size before relaxing)
 .debug_str     0x0000254f      0x34a build/stm32f0xx_ll_usb.o
                                0x7e0 (size before relaxing)
 .debug_str     0x00002899      0x11d build/stm32f0xx_hal_pcd.o
                                0xae7 (size before relaxing)
 .debug_str     0x000029b6      0x17d build/stm32f0xx_hal_pcd_ex.o
                                0x810 (size before relaxing)
 .debug_str     0x00002b33      0x13e build/usbd_core.o
                                0xcbe (size before relaxing)
 .debug_str     0x00002c71       0xe2 build/usbd_ctlreq.o
                                0xbd8 (size before relaxing)
 .debug_str     0x00002d53       0x60 build/usbd_ioreq.o
                                0xb05 (size before relaxing)
 .debug_str     0x00002db3      0x18f build/usbd_cdc.o
                               0x10bd (size before relaxing)
 .debug_str     0x00002f42       0x24 build/startup_stm32f072xb.o
                                 0x4a (size before relaxing)

.comment        0x00000000       0x79
 .comment       0x00000000       0x79 build/main.o
                                 0x7a (size before relaxing)
 .comment       0x00000079       0x7a build/stm32f0xx_it.o
 .comment       0x00000079       0x7a build/stm32f0xx_hal_msp.o
 .comment       0x00000079       0x7a build/stm32f0xx_hal_rcc.o
 .comment       0x00000079       0x7a build/stm32f0xx_hal_rcc_ex.o
 .comment       0x00000079       0x7a build/stm32f0xx_hal.o
 .comment       0x00000079       0x7a build/stm32f0xx_hal_gpio.o
 .comment       0x00000079       0x7a build/stm32f0xx_hal_cortex.o
 .comment       0x00000079       0x7a build/system_stm32f0xx.o
 .comment       0x00000079       0x7a build/gpio.o
 .comment       0x00000079       0x7a build/usb_device.o
 .comment       0x00000079       0x7a build/usbd_conf.o
 .comment       0x00000079       0x7a build/usbd_desc.o
 .comment       0x00000079       0x7a build/usbd_cdc_if.o
 .comment       0x00000079       0x7a build/stm32f0xx_ll_usb.o
 .comment       0x00000079       0x7a build/stm32f0xx_hal_pcd.o
 .comment       0x00000079       0x7a build/stm32f0xx_hal_pcd_ex.o
 .comment       0x00000079       0x7a build/usbd_core.o
 .comment       0x00000079       0x7a build/usbd_ctlreq.o
 .comment       0x00000079       0x7a build/usbd_ioreq.o
 .comment       0x00000079       0x7a build/usbd_cdc.o

.debug_frame    0x00000000     0x18e0
 .debug_frame   0x00000000       0x58 build/main.o
 .debug_frame   0x00000058       0x88 build/stm32f0xx_it.o
 .debug_frame   0x000000e0       0x24 build/stm32f0xx_hal_msp.o
 .debug_frame   0x00000104      0x158 build/stm32f0xx_hal_rcc.o
 .debug_frame   0x0000025c      0x10c build/stm32f0xx_hal_rcc_ex.o
 .debug_frame   0x00000368      0x1c0 build/stm32f0xx_hal.o
 .debug_frame   0x00000528       0xe0 build/stm32f0xx_hal_gpio.o
 .debug_frame   0x00000608       0xec build/stm32f0xx_hal_cortex.o
 .debug_frame   0x000006f4       0x3c build/system_stm32f0xx.o
 .debug_frame   0x00000730       0x24 build/gpio.o
 .debug_frame   0x00000754       0x2c build/usb_device.o
 .debug_frame   0x00000780      0x368 build/usbd_conf.o
 .debug_frame   0x00000ae8       0xf8 build/usbd_desc.o
 .debug_frame   0x00000be0       0x84 build/usbd_cdc_if.o
 .debug_frame   0x00000c64      0x254 build/stm32f0xx_ll_usb.o
 .debug_frame   0x00000eb8      0x330 build/stm32f0xx_hal_pcd.o
 .debug_frame   0x000011e8       0xac build/stm32f0xx_hal_pcd_ex.o
 .debug_frame   0x00001294      0x1f8 build/usbd_core.o
 .debug_frame   0x0000148c      0x198 build/usbd_ctlreq.o
 .debug_frame   0x00001624       0xd4 build/usbd_ioreq.o
 .debug_frame   0x000016f8      0x17c build/usbd_cdc.o
 .debug_frame   0x00001874       0x2c d:/gnu tools arm embedded/9 2019-q4-major/bin/../lib/gcc/arm-none-eabi/9.2.1/../../../../arm-none-eabi/lib/thumb/v6-m/nofp\libc_nano.a(lib_a-init.o)
 .debug_frame   0x000018a0       0x20 d:/gnu tools arm embedded/9 2019-q4-major/bin/../lib/gcc/arm-none-eabi/9.2.1/../../../../arm-none-eabi/lib/thumb/v6-m/nofp\libc_nano.a(lib_a-memset.o)
 .debug_frame   0x000018c0       0x20 d:/gnu tools arm embedded/9 2019-q4-major/bin/../lib/gcc/arm-none-eabi/9.2.1/thumb/v6-m/nofp\libgcc.a(_udivsi3.o)

Cross Reference Table

Symbol                                            File
ADC1_COMP_IRQHandler                              build/startup_stm32f072xb.o
AHBPrescTable                                     build/system_stm32f0xx.o
                                                  build/stm32f0xx_hal_rcc.o
APBPrescTable                                     build/system_stm32f0xx.o
                                                  build/stm32f0xx_hal_rcc.o
CDC_Transmit_FS                                   build/usbd_cdc_if.o
                                                  build/main.o
CEC_CAN_IRQHandler                                build/startup_stm32f072xb.o
DMA1_Channel1_IRQHandler                          build/startup_stm32f072xb.o
DMA1_Channel2_3_IRQHandler                        build/startup_stm32f072xb.o
DMA1_Channel4_5_6_7_IRQHandler                    build/startup_stm32f072xb.o
Default_Handler                                   build/startup_stm32f072xb.o
EXTI0_1_IRQHandler                                build/startup_stm32f072xb.o
EXTI2_3_IRQHandler                                build/startup_stm32f072xb.o
EXTI4_15_IRQHandler                               build/startup_stm32f072xb.o
Error_Handler                                     build/main.o
                                                  build/usbd_conf.o
                                                  build/usb_device.o
FLASH_IRQHandler                                  build/startup_stm32f072xb.o
FLASH_PageErase                                   build/stm32f0xx_hal_flash_ex.o
                                                  build/stm32f0xx_hal_flash.o
FLASH_WaitForLastOperation                        build/stm32f0xx_hal_flash.o
                                                  build/stm32f0xx_hal_flash_ex.o
FS_Desc                                           build/usbd_desc.o
                                                  build/usb_device.o
HAL_DBGMCU_DisableDBGStandbyMode                  build/stm32f0xx_hal.o
HAL_DBGMCU_DisableDBGStopMode                     build/stm32f0xx_hal.o
HAL_DBGMCU_EnableDBGStandbyMode                   build/stm32f0xx_hal.o
HAL_DBGMCU_EnableDBGStopMode                      build/stm32f0xx_hal.o
HAL_DMA_Abort                                     build/stm32f0xx_hal_dma.o
HAL_DMA_Abort_IT                                  build/stm32f0xx_hal_dma.o
                                                  build/stm32f0xx_hal_i2c.o
HAL_DMA_DeInit                                    build/stm32f0xx_hal_dma.o
HAL_DMA_GetError                                  build/stm32f0xx_hal_dma.o
HAL_DMA_GetState                                  build/stm32f0xx_hal_dma.o
HAL_DMA_IRQHandler                                build/stm32f0xx_hal_dma.o
HAL_DMA_Init                                      build/stm32f0xx_hal_dma.o
HAL_DMA_PollForTransfer                           build/stm32f0xx_hal_dma.o
HAL_DMA_RegisterCallback                          build/stm32f0xx_hal_dma.o
HAL_DMA_Start                                     build/stm32f0xx_hal_dma.o
HAL_DMA_Start_IT                                  build/stm32f0xx_hal_dma.o
                                                  build/stm32f0xx_hal_i2c.o
HAL_DMA_UnRegisterCallback                        build/stm32f0xx_hal_dma.o
HAL_DeInit                                        build/stm32f0xx_hal.o
HAL_Delay                                         build/stm32f0xx_hal.o
                                                  build/stm32f0xx_hal_pcd_ex.o
                                                  build/usbd_conf.o
                                                  build/main.o
HAL_EXTI_ClearConfigLine                          build/stm32f0xx_hal_exti.o
HAL_EXTI_ClearPending                             build/stm32f0xx_hal_exti.o
HAL_EXTI_GenerateSWI                              build/stm32f0xx_hal_exti.o
HAL_EXTI_GetConfigLine                            build/stm32f0xx_hal_exti.o
HAL_EXTI_GetHandle                                build/stm32f0xx_hal_exti.o
HAL_EXTI_GetPending                               build/stm32f0xx_hal_exti.o
HAL_EXTI_IRQHandler                               build/stm32f0xx_hal_exti.o
HAL_EXTI_RegisterCallback                         build/stm32f0xx_hal_exti.o
HAL_EXTI_SetConfigLine                            build/stm32f0xx_hal_exti.o
HAL_FLASHEx_Erase                                 build/stm32f0xx_hal_flash_ex.o
HAL_FLASHEx_Erase_IT                              build/stm32f0xx_hal_flash_ex.o
HAL_FLASHEx_OBErase                               build/stm32f0xx_hal_flash_ex.o
HAL_FLASHEx_OBGetConfig                           build/stm32f0xx_hal_flash_ex.o
HAL_FLASHEx_OBGetUserData                         build/stm32f0xx_hal_flash_ex.o
HAL_FLASHEx_OBProgram                             build/stm32f0xx_hal_flash_ex.o
HAL_FLASH_EndOfOperationCallback                  build/stm32f0xx_hal_flash.o
HAL_FLASH_GetError                                build/stm32f0xx_hal_flash.o
HAL_FLASH_IRQHandler                              build/stm32f0xx_hal_flash.o
HAL_FLASH_Lock                                    build/stm32f0xx_hal_flash.o
HAL_FLASH_OB_Launch                               build/stm32f0xx_hal_flash.o
HAL_FLASH_OB_Lock                                 build/stm32f0xx_hal_flash.o
HAL_FLASH_OB_Unlock                               build/stm32f0xx_hal_flash.o
HAL_FLASH_OperationErrorCallback                  build/stm32f0xx_hal_flash.o
HAL_FLASH_Program                                 build/stm32f0xx_hal_flash.o
HAL_FLASH_Program_IT                              build/stm32f0xx_hal_flash.o
HAL_FLASH_Unlock                                  build/stm32f0xx_hal_flash.o
HAL_GPIO_DeInit                                   build/stm32f0xx_hal_gpio.o
                                                  build/usbd_conf.o
HAL_GPIO_EXTI_Callback                            build/stm32f0xx_hal_gpio.o
HAL_GPIO_EXTI_IRQHandler                          build/stm32f0xx_hal_gpio.o
HAL_GPIO_Init                                     build/stm32f0xx_hal_gpio.o
                                                  build/usbd_conf.o
                                                  build/stm32f0xx_hal_rcc.o
HAL_GPIO_LockPin                                  build/stm32f0xx_hal_gpio.o
HAL_GPIO_ReadPin                                  build/stm32f0xx_hal_gpio.o
HAL_GPIO_TogglePin                                build/stm32f0xx_hal_gpio.o
HAL_GPIO_WritePin                                 build/stm32f0xx_hal_gpio.o
HAL_GetDEVID                                      build/stm32f0xx_hal.o
HAL_GetHalVersion                                 build/stm32f0xx_hal.o
HAL_GetREVID                                      build/stm32f0xx_hal.o
HAL_GetTick                                       build/stm32f0xx_hal.o
                                                  build/stm32f0xx_hal_pcd_ex.o
                                                  build/stm32f0xx_hal_flash.o
                                                  build/stm32f0xx_hal_dma.o
                                                  build/stm32f0xx_hal_i2c.o
                                                  build/stm32f0xx_hal_rcc_ex.o
                                                  build/stm32f0xx_hal_rcc.o
HAL_GetTickFreq                                   build/stm32f0xx_hal.o
HAL_GetTickPrio                                   build/stm32f0xx_hal.o
HAL_GetUIDw0                                      build/stm32f0xx_hal.o
HAL_GetUIDw1                                      build/stm32f0xx_hal.o
HAL_GetUIDw2                                      build/stm32f0xx_hal.o
HAL_I2CEx_ConfigAnalogFilter                      build/stm32f0xx_hal_i2c_ex.o
HAL_I2CEx_ConfigDigitalFilter                     build/stm32f0xx_hal_i2c_ex.o
HAL_I2CEx_DisableFastModePlus                     build/stm32f0xx_hal_i2c_ex.o
HAL_I2CEx_DisableWakeUp                           build/stm32f0xx_hal_i2c_ex.o
HAL_I2CEx_EnableFastModePlus                      build/stm32f0xx_hal_i2c_ex.o
HAL_I2CEx_EnableWakeUp                            build/stm32f0xx_hal_i2c_ex.o
HAL_I2C_AbortCpltCallback                         build/stm32f0xx_hal_i2c.o
HAL_I2C_AddrCallback                              build/stm32f0xx_hal_i2c.o
HAL_I2C_DeInit                                    build/stm32f0xx_hal_i2c.o
HAL_I2C_DisableListen_IT                          build/stm32f0xx_hal_i2c.o
HAL_I2C_ER_IRQHandler                             build/stm32f0xx_hal_i2c.o
HAL_I2C_EV_IRQHandler                             build/stm32f0xx_hal_i2c.o
HAL_I2C_EnableListen_IT                           build/stm32f0xx_hal_i2c.o
HAL_I2C_ErrorCallback                             build/stm32f0xx_hal_i2c.o
HAL_I2C_GetError                                  build/stm32f0xx_hal_i2c.o
HAL_I2C_GetMode                                   build/stm32f0xx_hal_i2c.o
HAL_I2C_GetState                                  build/stm32f0xx_hal_i2c.o
HAL_I2C_Init                                      build/stm32f0xx_hal_i2c.o
HAL_I2C_IsDeviceReady                             build/stm32f0xx_hal_i2c.o
HAL_I2C_ListenCpltCallback                        build/stm32f0xx_hal_i2c.o
HAL_I2C_MasterRxCpltCallback                      build/stm32f0xx_hal_i2c.o
HAL_I2C_MasterTxCpltCallback                      build/stm32f0xx_hal_i2c.o
HAL_I2C_Master_Abort_IT                           build/stm32f0xx_hal_i2c.o
HAL_I2C_Master_Receive                            build/stm32f0xx_hal_i2c.o
HAL_I2C_Master_Receive_DMA                        build/stm32f0xx_hal_i2c.o
HAL_I2C_Master_Receive_IT                         build/stm32f0xx_hal_i2c.o
HAL_I2C_Master_Seq_Receive_DMA                    build/stm32f0xx_hal_i2c.o
HAL_I2C_Master_Seq_Receive_IT                     build/stm32f0xx_hal_i2c.o
HAL_I2C_Master_Seq_Transmit_DMA                   build/stm32f0xx_hal_i2c.o
HAL_I2C_Master_Seq_Transmit_IT                    build/stm32f0xx_hal_i2c.o
HAL_I2C_Master_Transmit                           build/stm32f0xx_hal_i2c.o
HAL_I2C_Master_Transmit_DMA                       build/stm32f0xx_hal_i2c.o
HAL_I2C_Master_Transmit_IT                        build/stm32f0xx_hal_i2c.o
HAL_I2C_MemRxCpltCallback                         build/stm32f0xx_hal_i2c.o
HAL_I2C_MemTxCpltCallback                         build/stm32f0xx_hal_i2c.o
HAL_I2C_Mem_Read                                  build/stm32f0xx_hal_i2c.o
HAL_I2C_Mem_Read_DMA                              build/stm32f0xx_hal_i2c.o
HAL_I2C_Mem_Read_IT                               build/stm32f0xx_hal_i2c.o
HAL_I2C_Mem_Write                                 build/stm32f0xx_hal_i2c.o
HAL_I2C_Mem_Write_DMA                             build/stm32f0xx_hal_i2c.o
HAL_I2C_Mem_Write_IT                              build/stm32f0xx_hal_i2c.o
HAL_I2C_MspDeInit                                 build/stm32f0xx_hal_i2c.o
HAL_I2C_MspInit                                   build/stm32f0xx_hal_i2c.o
HAL_I2C_SlaveRxCpltCallback                       build/stm32f0xx_hal_i2c.o
HAL_I2C_SlaveTxCpltCallback                       build/stm32f0xx_hal_i2c.o
HAL_I2C_Slave_Receive                             build/stm32f0xx_hal_i2c.o
HAL_I2C_Slave_Receive_DMA                         build/stm32f0xx_hal_i2c.o
HAL_I2C_Slave_Receive_IT                          build/stm32f0xx_hal_i2c.o
HAL_I2C_Slave_Seq_Receive_DMA                     build/stm32f0xx_hal_i2c.o
HAL_I2C_Slave_Seq_Receive_IT                      build/stm32f0xx_hal_i2c.o
HAL_I2C_Slave_Seq_Transmit_DMA                    build/stm32f0xx_hal_i2c.o
HAL_I2C_Slave_Seq_Transmit_IT                     build/stm32f0xx_hal_i2c.o
HAL_I2C_Slave_Transmit                            build/stm32f0xx_hal_i2c.o
HAL_I2C_Slave_Transmit_DMA                        build/stm32f0xx_hal_i2c.o
HAL_I2C_Slave_Transmit_IT                         build/stm32f0xx_hal_i2c.o
HAL_IncTick                                       build/stm32f0xx_hal.o
                                                  build/stm32f0xx_it.o
HAL_Init                                          build/stm32f0xx_hal.o
                                                  build/main.o
HAL_InitTick                                      build/stm32f0xx_hal.o
                                                  build/stm32f0xx_hal_rcc.o
HAL_MspDeInit                                     build/stm32f0xx_hal.o
HAL_MspInit                                       build/stm32f0xx_hal_msp.o
HAL_NVIC_ClearPendingIRQ                          build/stm32f0xx_hal_cortex.o
HAL_NVIC_DisableIRQ                               build/stm32f0xx_hal_cortex.o
                                                  build/usbd_conf.o
HAL_NVIC_EnableIRQ                                build/stm32f0xx_hal_cortex.o
                                                  build/usbd_conf.o
HAL_NVIC_GetPendingIRQ                            build/stm32f0xx_hal_cortex.o
HAL_NVIC_GetPriority                              build/stm32f0xx_hal_cortex.o
HAL_NVIC_SetPendingIRQ                            build/stm32f0xx_hal_cortex.o
HAL_NVIC_SetPriority                              build/stm32f0xx_hal_cortex.o
                                                  build/usbd_conf.o
                                                  build/stm32f0xx_hal.o
HAL_NVIC_SystemReset                              build/stm32f0xx_hal_cortex.o
HAL_PCDEx_ActivateBCD                             build/stm32f0xx_hal_pcd_ex.o
HAL_PCDEx_ActivateLPM                             build/stm32f0xx_hal_pcd_ex.o
                                                  build/stm32f0xx_hal_pcd.o
HAL_PCDEx_BCD_Callback                            build/stm32f0xx_hal_pcd_ex.o
HAL_PCDEx_BCD_VBUSDetect                          build/stm32f0xx_hal_pcd_ex.o
HAL_PCDEx_DeActivateBCD                           build/stm32f0xx_hal_pcd_ex.o
HAL_PCDEx_DeActivateLPM                           build/stm32f0xx_hal_pcd_ex.o
HAL_PCDEx_LPM_Callback                            build/stm32f0xx_hal_pcd_ex.o
                                                  build/stm32f0xx_hal_pcd.o
HAL_PCDEx_PMAConfig                               build/stm32f0xx_hal_pcd_ex.o
                                                  build/usbd_conf.o
HAL_PCD_ActivateRemoteWakeup                      build/stm32f0xx_hal_pcd.o
HAL_PCD_ConnectCallback                           build/usbd_conf.o
HAL_PCD_DataInStageCallback                       build/usbd_conf.o
HAL_PCD_DataOutStageCallback                      build/usbd_conf.o
HAL_PCD_DeActivateRemoteWakeup                    build/stm32f0xx_hal_pcd.o
HAL_PCD_DeInit                                    build/stm32f0xx_hal_pcd.o
                                                  build/usbd_conf.o
HAL_PCD_DevConnect                                build/stm32f0xx_hal_pcd.o
HAL_PCD_DevDisconnect                             build/stm32f0xx_hal_pcd.o
HAL_PCD_DisconnectCallback                        build/usbd_conf.o
HAL_PCD_EP_Close                                  build/stm32f0xx_hal_pcd.o
                                                  build/usbd_conf.o
HAL_PCD_EP_ClrStall                               build/stm32f0xx_hal_pcd.o
                                                  build/usbd_conf.o
HAL_PCD_EP_Flush                                  build/stm32f0xx_hal_pcd.o
                                                  build/usbd_conf.o
HAL_PCD_EP_GetRxCount                             build/stm32f0xx_hal_pcd.o
                                                  build/usbd_conf.o
HAL_PCD_EP_Open                                   build/stm32f0xx_hal_pcd.o
                                                  build/usbd_conf.o
HAL_PCD_EP_Receive                                build/stm32f0xx_hal_pcd.o
                                                  build/usbd_conf.o
HAL_PCD_EP_SetStall                               build/stm32f0xx_hal_pcd.o
                                                  build/usbd_conf.o
HAL_PCD_EP_Transmit                               build/stm32f0xx_hal_pcd.o
                                                  build/usbd_conf.o
HAL_PCD_GetState                                  build/stm32f0xx_hal_pcd.o
HAL_PCD_IRQHandler                                build/stm32f0xx_hal_pcd.o
                                                  build/stm32f0xx_it.o
HAL_PCD_ISOINIncompleteCallback                   build/usbd_conf.o
HAL_PCD_ISOOUTIncompleteCallback                  build/usbd_conf.o
HAL_PCD_Init                                      build/stm32f0xx_hal_pcd.o
                                                  build/usbd_conf.o
HAL_PCD_MspDeInit                                 build/usbd_conf.o
HAL_PCD_MspInit                                   build/usbd_conf.o
HAL_PCD_ResetCallback                             build/usbd_conf.o
HAL_PCD_ResumeCallback                            build/usbd_conf.o
HAL_PCD_SOFCallback                               build/usbd_conf.o
HAL_PCD_SetAddress                                build/stm32f0xx_hal_pcd.o
                                                  build/usbd_conf.o
HAL_PCD_SetupStageCallback                        build/usbd_conf.o
HAL_PCD_Start                                     build/stm32f0xx_hal_pcd.o
                                                  build/usbd_conf.o
HAL_PCD_Stop                                      build/stm32f0xx_hal_pcd.o
                                                  build/usbd_conf.o
HAL_PCD_SuspendCallback                           build/usbd_conf.o
HAL_PWREx_DisableVddio2Monitor                    build/stm32f0xx_hal_pwr_ex.o
HAL_PWREx_EnableVddio2Monitor                     build/stm32f0xx_hal_pwr_ex.o
HAL_PWREx_Vddio2MonitorCallback                   build/stm32f0xx_hal_pwr_ex.o
HAL_PWREx_Vddio2Monitor_IRQHandler                build/stm32f0xx_hal_pwr_ex.o
HAL_PWR_ConfigPVD                                 build/stm32f0xx_hal_pwr_ex.o
HAL_PWR_DeInit                                    build/stm32f0xx_hal_pwr.o
HAL_PWR_DisableBkUpAccess                         build/stm32f0xx_hal_pwr.o
HAL_PWR_DisablePVD                                build/stm32f0xx_hal_pwr_ex.o
HAL_PWR_DisableSEVOnPend                          build/stm32f0xx_hal_pwr.o
HAL_PWR_DisableSleepOnExit                        build/stm32f0xx_hal_pwr.o
HAL_PWR_DisableWakeUpPin                          build/stm32f0xx_hal_pwr.o
HAL_PWR_EnableBkUpAccess                          build/stm32f0xx_hal_pwr.o
HAL_PWR_EnablePVD                                 build/stm32f0xx_hal_pwr_ex.o
HAL_PWR_EnableSEVOnPend                           build/stm32f0xx_hal_pwr.o
HAL_PWR_EnableSleepOnExit                         build/stm32f0xx_hal_pwr.o
HAL_PWR_EnableWakeUpPin                           build/stm32f0xx_hal_pwr.o
HAL_PWR_EnterSLEEPMode                            build/stm32f0xx_hal_pwr.o
HAL_PWR_EnterSTANDBYMode                          build/stm32f0xx_hal_pwr.o
HAL_PWR_EnterSTOPMode                             build/stm32f0xx_hal_pwr.o
HAL_PWR_PVDCallback                               build/stm32f0xx_hal_pwr_ex.o
HAL_PWR_PVD_IRQHandler                            build/stm32f0xx_hal_pwr_ex.o
HAL_RCCEx_CRSConfig                               build/stm32f0xx_hal_rcc_ex.o
HAL_RCCEx_CRSGetSynchronizationInfo               build/stm32f0xx_hal_rcc_ex.o
HAL_RCCEx_CRSSoftwareSynchronizationGenerate      build/stm32f0xx_hal_rcc_ex.o
HAL_RCCEx_CRSWaitSynchronization                  build/stm32f0xx_hal_rcc_ex.o
HAL_RCCEx_CRS_ErrorCallback                       build/stm32f0xx_hal_rcc_ex.o
HAL_RCCEx_CRS_ExpectedSyncCallback                build/stm32f0xx_hal_rcc_ex.o
HAL_RCCEx_CRS_IRQHandler                          build/stm32f0xx_hal_rcc_ex.o
HAL_RCCEx_CRS_SyncOkCallback                      build/stm32f0xx_hal_rcc_ex.o
HAL_RCCEx_CRS_SyncWarnCallback                    build/stm32f0xx_hal_rcc_ex.o
HAL_RCCEx_GetPeriphCLKConfig                      build/stm32f0xx_hal_rcc_ex.o
HAL_RCCEx_GetPeriphCLKFreq                        build/stm32f0xx_hal_rcc_ex.o
HAL_RCCEx_PeriphCLKConfig                         build/stm32f0xx_hal_rcc_ex.o
                                                  build/main.o
HAL_RCC_CSSCallback                               build/stm32f0xx_hal_rcc.o
HAL_RCC_ClockConfig                               build/stm32f0xx_hal_rcc.o
                                                  build/main.o
HAL_RCC_DeInit                                    build/stm32f0xx_hal_rcc.o
HAL_RCC_DisableCSS                                build/stm32f0xx_hal_rcc.o
HAL_RCC_EnableCSS                                 build/stm32f0xx_hal_rcc.o
HAL_RCC_GetClockConfig                            build/stm32f0xx_hal_rcc.o
HAL_RCC_GetHCLKFreq                               build/stm32f0xx_hal_rcc.o
HAL_RCC_GetOscConfig                              build/stm32f0xx_hal_rcc.o
HAL_RCC_GetPCLK1Freq                              build/stm32f0xx_hal_rcc.o
                                                  build/stm32f0xx_hal_rcc_ex.o
HAL_RCC_GetSysClockFreq                           build/stm32f0xx_hal_rcc.o
                                                  build/stm32f0xx_hal_rcc_ex.o
HAL_RCC_MCOConfig                                 build/stm32f0xx_hal_rcc.o
HAL_RCC_NMI_IRQHandler                            build/stm32f0xx_hal_rcc.o
HAL_RCC_OscConfig                                 build/stm32f0xx_hal_rcc.o
                                                  build/main.o
HAL_ResumeTick                                    build/stm32f0xx_hal.o
HAL_SYSTICK_CLKSourceConfig                       build/stm32f0xx_hal_cortex.o
HAL_SYSTICK_Callback                              build/stm32f0xx_hal_cortex.o
HAL_SYSTICK_Config                                build/stm32f0xx_hal_cortex.o
                                                  build/stm32f0xx_hal.o
HAL_SYSTICK_IRQHandler                            build/stm32f0xx_hal_cortex.o
HAL_SetTickFreq                                   build/stm32f0xx_hal.o
HAL_SuspendTick                                   build/stm32f0xx_hal.o
HardFault_Handler                                 build/stm32f0xx_it.o
I2C1_IRQHandler                                   build/startup_stm32f072xb.o
I2C2_IRQHandler                                   build/startup_stm32f072xb.o
MX_GPIO_Init                                      build/gpio.o
                                                  build/main.o
MX_SYS_Init                                       build/sys.o
MX_USB_DEVICE_Init                                build/usb_device.o
                                                  build/main.o
NMI_Handler                                       build/stm32f0xx_it.o
PVD_VDDIO2_IRQHandler                             build/startup_stm32f072xb.o
PendSV_Handler                                    build/stm32f0xx_it.o
RCC_CRS_IRQHandler                                build/startup_stm32f072xb.o
RTC_IRQHandler                                    build/startup_stm32f072xb.o
Reset_Handler                                     build/startup_stm32f072xb.o
SPI1_IRQHandler                                   build/startup_stm32f072xb.o
SPI2_IRQHandler                                   build/startup_stm32f072xb.o
SVC_Handler                                       build/stm32f0xx_it.o
SysTick_Handler                                   build/stm32f0xx_it.o
SystemClock_Config                                build/main.o
                                                  build/usbd_conf.o
SystemCoreClock                                   build/system_stm32f0xx.o
                                                  build/stm32f0xx_hal.o
                                                  build/stm32f0xx_hal_rcc.o
SystemCoreClockUpdate                             build/system_stm32f0xx.o
SystemInit                                        build/system_stm32f0xx.o
                                                  build/startup_stm32f072xb.o
TIM14_IRQHandler                                  build/startup_stm32f072xb.o
TIM15_IRQHandler                                  build/startup_stm32f072xb.o
TIM16_IRQHandler                                  build/startup_stm32f072xb.o
TIM17_IRQHandler                                  build/startup_stm32f072xb.o
TIM1_BRK_UP_TRG_COM_IRQHandler                    build/startup_stm32f072xb.o
TIM1_CC_IRQHandler                                build/startup_stm32f072xb.o
TIM2_IRQHandler                                   build/startup_stm32f072xb.o
TIM3_IRQHandler                                   build/startup_stm32f072xb.o
TIM6_DAC_IRQHandler                               build/startup_stm32f072xb.o
TIM7_IRQHandler                                   build/startup_stm32f072xb.o
TSC_IRQHandler                                    build/startup_stm32f072xb.o
USART1_IRQHandler                                 build/startup_stm32f072xb.o
USART2_IRQHandler                                 build/startup_stm32f072xb.o
USART3_4_IRQHandler                               build/startup_stm32f072xb.o
USBD_CDC                                          build/usbd_cdc.o
                                                  build/usb_device.o
USBD_CDC_CfgFSDesc                                build/usbd_cdc.o
USBD_CDC_CfgHSDesc                                build/usbd_cdc.o
USBD_CDC_GetDeviceQualifierDescriptor             build/usbd_cdc.o
USBD_CDC_OtherSpeedCfgDesc                        build/usbd_cdc.o
USBD_CDC_ReceivePacket                            build/usbd_cdc.o
                                                  build/usbd_cdc_if.o
USBD_CDC_RegisterInterface                        build/usbd_cdc.o
                                                  build/usb_device.o
USBD_CDC_SetRxBuffer                              build/usbd_cdc.o
                                                  build/usbd_cdc_if.o
USBD_CDC_SetTxBuffer                              build/usbd_cdc.o
                                                  build/usbd_cdc_if.o
USBD_CDC_TransmitPacket                           build/usbd_cdc.o
                                                  build/usbd_cdc_if.o
USBD_ClrClassConfig                               build/usbd_core.o
                                                  build/usbd_ctlreq.o
USBD_CtlContinueRx                                build/usbd_ioreq.o
                                                  build/usbd_core.o
USBD_CtlContinueSendData                          build/usbd_ioreq.o
                                                  build/usbd_core.o
USBD_CtlError                                     build/usbd_ctlreq.o
                                                  build/usbd_cdc.o
USBD_CtlPrepareRx                                 build/usbd_ioreq.o
                                                  build/usbd_cdc.o
USBD_CtlReceiveStatus                             build/usbd_ioreq.o
                                                  build/usbd_core.o
USBD_CtlSendData                                  build/usbd_ioreq.o
                                                  build/usbd_cdc.o
                                                  build/usbd_ctlreq.o
USBD_CtlSendStatus                                build/usbd_ioreq.o
                                                  build/usbd_ctlreq.o
                                                  build/usbd_core.o
USBD_DeInit                                       build/usbd_core.o
USBD_FS_ConfigStrDescriptor                       build/usbd_desc.o
USBD_FS_DeviceDesc                                build/usbd_desc.o
USBD_FS_DeviceDescriptor                          build/usbd_desc.o
USBD_FS_InterfaceStrDescriptor                    build/usbd_desc.o
USBD_FS_LangIDStrDescriptor                       build/usbd_desc.o
USBD_FS_ManufacturerStrDescriptor                 build/usbd_desc.o
USBD_FS_ProductStrDescriptor                      build/usbd_desc.o
USBD_FS_SerialStrDescriptor                       build/usbd_desc.o
USBD_GetRxCount                                   build/usbd_ioreq.o
USBD_GetString                                    build/usbd_ctlreq.o
                                                  build/usbd_desc.o
USBD_Init                                         build/usbd_core.o
                                                  build/usb_device.o
USBD_Interface_fops_FS                            build/usbd_cdc_if.o
                                                  build/usb_device.o
USBD_LL_ClearStallEP                              build/usbd_conf.o
                                                  build/usbd_ctlreq.o
USBD_LL_CloseEP                                   build/usbd_conf.o
                                                  build/usbd_cdc.o
USBD_LL_DataInStage                               build/usbd_core.o
                                                  build/usbd_conf.o
USBD_LL_DataOutStage                              build/usbd_core.o
                                                  build/usbd_conf.o
USBD_LL_DeInit                                    build/usbd_conf.o
                                                  build/usbd_core.o
USBD_LL_Delay                                     build/usbd_conf.o
USBD_LL_DevConnected                              build/usbd_core.o
                                                  build/usbd_conf.o
USBD_LL_DevDisconnected                           build/usbd_core.o
                                                  build/usbd_conf.o
USBD_LL_FlushEP                                   build/usbd_conf.o
USBD_LL_GetRxDataSize                             build/usbd_conf.o
                                                  build/usbd_cdc.o
                                                  build/usbd_ioreq.o
USBD_LL_Init                                      build/usbd_conf.o
                                                  build/usbd_core.o
USBD_LL_IsStallEP                                 build/usbd_conf.o
                                                  build/usbd_ctlreq.o
USBD_LL_IsoINIncomplete                           build/usbd_core.o
                                                  build/usbd_conf.o
USBD_LL_IsoOUTIncomplete                          build/usbd_core.o
                                                  build/usbd_conf.o
USBD_LL_OpenEP                                    build/usbd_conf.o
                                                  build/usbd_cdc.o
                                                  build/usbd_core.o
USBD_LL_PrepareReceive                            build/usbd_conf.o
                                                  build/usbd_cdc.o
                                                  build/usbd_ioreq.o
                                                  build/usbd_core.o
USBD_LL_Reset                                     build/usbd_core.o
                                                  build/usbd_conf.o
USBD_LL_Resume                                    build/usbd_core.o
                                                  build/usbd_conf.o
USBD_LL_SOF                                       build/usbd_core.o
                                                  build/usbd_conf.o
USBD_LL_SetSpeed                                  build/usbd_core.o
                                                  build/usbd_conf.o
USBD_LL_SetUSBAddress                             build/usbd_conf.o
                                                  build/usbd_ctlreq.o
USBD_LL_SetupStage                                build/usbd_core.o
                                                  build/usbd_conf.o
USBD_LL_StallEP                                   build/usbd_conf.o
                                                  build/usbd_ctlreq.o
                                                  build/usbd_core.o
USBD_LL_Start                                     build/usbd_conf.o
                                                  build/usbd_core.o
USBD_LL_Stop                                      build/usbd_conf.o
                                                  build/usbd_core.o
USBD_LL_Suspend                                   build/usbd_core.o
                                                  build/usbd_conf.o
USBD_LL_Transmit                                  build/usbd_conf.o
                                                  build/usbd_cdc.o
                                                  build/usbd_ioreq.o
USBD_LangIDDesc                                   build/usbd_desc.o
USBD_ParseSetupRequest                            build/usbd_ctlreq.o
                                                  build/usbd_core.o
USBD_RegisterClass                                build/usbd_core.o
                                                  build/usb_device.o
USBD_RunTestMode                                  build/usbd_core.o
USBD_SetClassConfig                               build/usbd_core.o
                                                  build/usbd_ctlreq.o
USBD_Start                                        build/usbd_core.o
                                                  build/usb_device.o
USBD_StdDevReq                                    build/usbd_ctlreq.o
                                                  build/usbd_core.o
USBD_StdEPReq                                     build/usbd_ctlreq.o
                                                  build/usbd_core.o
USBD_StdItfReq                                    build/usbd_ctlreq.o
                                                  build/usbd_core.o
USBD_Stop                                         build/usbd_core.o
USBD_StrDesc                                      build/usbd_desc.o
USBD_StringSerial                                 build/usbd_desc.o
USBD_static_free                                  build/usbd_conf.o
                                                  build/usbd_cdc.o
USBD_static_malloc                                build/usbd_conf.o
                                                  build/usbd_cdc.o
USB_ActivateEndpoint                              build/stm32f0xx_ll_usb.o
                                                  build/stm32f0xx_hal_pcd.o
USB_ActivateRemoteWakeup                          build/stm32f0xx_ll_usb.o
                                                  build/stm32f0xx_hal_pcd.o
USB_ClearInterrupts                               build/stm32f0xx_ll_usb.o
USB_CoreInit                                      build/stm32f0xx_ll_usb.o
USB_DeActivateRemoteWakeup                        build/stm32f0xx_ll_usb.o
                                                  build/stm32f0xx_hal_pcd.o
USB_DeactivateEndpoint                            build/stm32f0xx_ll_usb.o
                                                  build/stm32f0xx_hal_pcd.o
USB_DevConnect                                    build/stm32f0xx_ll_usb.o
                                                  build/stm32f0xx_hal_pcd.o
USB_DevDisconnect                                 build/stm32f0xx_ll_usb.o
                                                  build/stm32f0xx_hal_pcd.o
USB_DevInit                                       build/stm32f0xx_ll_usb.o
                                                  build/stm32f0xx_hal_pcd.o
USB_DisableGlobalInt                              build/stm32f0xx_ll_usb.o
                                                  build/stm32f0xx_hal_pcd.o
USB_EP0_OutStart                                  build/stm32f0xx_ll_usb.o
                                                  build/stm32f0xx_hal_pcd.o
USB_EPClearStall                                  build/stm32f0xx_ll_usb.o
                                                  build/stm32f0xx_hal_pcd.o
USB_EPSetStall                                    build/stm32f0xx_ll_usb.o
                                                  build/stm32f0xx_hal_pcd.o
USB_EPStartXfer                                   build/stm32f0xx_ll_usb.o
                                                  build/stm32f0xx_hal_pcd.o
USB_EnableGlobalInt                               build/stm32f0xx_ll_usb.o
                                                  build/stm32f0xx_hal_pcd.o
USB_FlushRxFifo                                   build/stm32f0xx_ll_usb.o
USB_FlushTxFifo                                   build/stm32f0xx_ll_usb.o
USB_IRQHandler                                    build/stm32f0xx_it.o
USB_ReadDevAllInEpInterrupt                       build/stm32f0xx_ll_usb.o
USB_ReadDevAllOutEpInterrupt                      build/stm32f0xx_ll_usb.o
USB_ReadDevInEPInterrupt                          build/stm32f0xx_ll_usb.o
USB_ReadDevOutEPInterrupt                         build/stm32f0xx_ll_usb.o
USB_ReadInterrupts                                build/stm32f0xx_ll_usb.o
                                                  build/stm32f0xx_hal_pcd.o
USB_ReadPMA                                       build/stm32f0xx_ll_usb.o
                                                  build/stm32f0xx_hal_pcd.o
USB_ReadPacket                                    build/stm32f0xx_ll_usb.o
USB_SetCurrentMode                                build/stm32f0xx_ll_usb.o
USB_SetDevAddress                                 build/stm32f0xx_ll_usb.o
                                                  build/stm32f0xx_hal_pcd.o
USB_SetDevSpeed                                   build/stm32f0xx_ll_usb.o
USB_StopDevice                                    build/stm32f0xx_ll_usb.o
                                                  build/stm32f0xx_hal_pcd.o
USB_WritePMA                                      build/stm32f0xx_ll_usb.o
USB_WritePacket                                   build/stm32f0xx_ll_usb.o
UserRxBufferFS                                    build/usbd_cdc_if.o
UserTxBufferFS                                    build/usbd_cdc_if.o
WWDG_IRQHandler                                   build/startup_stm32f072xb.o
__aeabi_idiv0                                     d:/gnu tools arm embedded/9 2019-q4-major/bin/../lib/gcc/arm-none-eabi/9.2.1/thumb/v6-m/nofp\libgcc.a(_dvmd_tls.o)
                                                  d:/gnu tools arm embedded/9 2019-q4-major/bin/../lib/gcc/arm-none-eabi/9.2.1/thumb/v6-m/nofp\libgcc.a(_udivsi3.o)
__aeabi_ldiv0                                     d:/gnu tools arm embedded/9 2019-q4-major/bin/../lib/gcc/arm-none-eabi/9.2.1/thumb/v6-m/nofp\libgcc.a(_dvmd_tls.o)
__aeabi_uidiv                                     d:/gnu tools arm embedded/9 2019-q4-major/bin/../lib/gcc/arm-none-eabi/9.2.1/thumb/v6-m/nofp\libgcc.a(_udivsi3.o)
                                                  build/system_stm32f0xx.o
                                                  build/stm32f0xx_hal_dma.o
                                                  build/stm32f0xx_hal.o
                                                  build/stm32f0xx_hal_rcc_ex.o
                                                  build/stm32f0xx_hal_rcc.o
__aeabi_uidivmod                                  d:/gnu tools arm embedded/9 2019-q4-major/bin/../lib/gcc/arm-none-eabi/9.2.1/thumb/v6-m/nofp\libgcc.a(_udivsi3.o)
                                                  build/usbd_cdc.o
                                                  build/usbd_core.o
__bss_end__                                       d:/gnu tools arm embedded/9 2019-q4-major/bin/../lib/gcc/arm-none-eabi/9.2.1/../../../../arm-none-eabi/lib/thumb/v6-m/nofp/crt0.o
__bss_start__                                     d:/gnu tools arm embedded/9 2019-q4-major/bin/../lib/gcc/arm-none-eabi/9.2.1/../../../../arm-none-eabi/lib/thumb/v6-m/nofp/crt0.o
__call_exitprocs                                  d:/gnu tools arm embedded/9 2019-q4-major/bin/../lib/gcc/arm-none-eabi/9.2.1/../../../../arm-none-eabi/lib/thumb/v6-m/nofp\libc_nano.a(lib_a-exit.o)
__deregister_frame_info                           d:/gnu tools arm embedded/9 2019-q4-major/bin/../lib/gcc/arm-none-eabi/9.2.1/thumb/v6-m/nofp/crtbegin.o
__dso_handle                                      d:/gnu tools arm embedded/9 2019-q4-major/bin/../lib/gcc/arm-none-eabi/9.2.1/thumb/v6-m/nofp/crtbegin.o
__init_array_end                                  d:/gnu tools arm embedded/9 2019-q4-major/bin/../lib/gcc/arm-none-eabi/9.2.1/../../../../arm-none-eabi/lib/thumb/v6-m/nofp\libc_nano.a(lib_a-init.o)
__init_array_start                                d:/gnu tools arm embedded/9 2019-q4-major/bin/../lib/gcc/arm-none-eabi/9.2.1/../../../../arm-none-eabi/lib/thumb/v6-m/nofp\libc_nano.a(lib_a-init.o)
__libc_fini_array                                 d:/gnu tools arm embedded/9 2019-q4-major/bin/../lib/gcc/arm-none-eabi/9.2.1/../../../../arm-none-eabi/lib/thumb/v6-m/nofp/crt0.o
__libc_init_array                                 d:/gnu tools arm embedded/9 2019-q4-major/bin/../lib/gcc/arm-none-eabi/9.2.1/../../../../arm-none-eabi/lib/thumb/v6-m/nofp\libc_nano.a(lib_a-init.o)
                                                  build/startup_stm32f072xb.o
                                                  d:/gnu tools arm embedded/9 2019-q4-major/bin/../lib/gcc/arm-none-eabi/9.2.1/../../../../arm-none-eabi/lib/thumb/v6-m/nofp/crt0.o
__preinit_array_end                               d:/gnu tools arm embedded/9 2019-q4-major/bin/../lib/gcc/arm-none-eabi/9.2.1/../../../../arm-none-eabi/lib/thumb/v6-m/nofp\libc_nano.a(lib_a-init.o)
__preinit_array_start                             d:/gnu tools arm embedded/9 2019-q4-major/bin/../lib/gcc/arm-none-eabi/9.2.1/../../../../arm-none-eabi/lib/thumb/v6-m/nofp\libc_nano.a(lib_a-init.o)
__register_frame_info                             d:/gnu tools arm embedded/9 2019-q4-major/bin/../lib/gcc/arm-none-eabi/9.2.1/thumb/v6-m/nofp/crtbegin.o
__sf_fake_stderr                                  d:/gnu tools arm embedded/9 2019-q4-major/bin/../lib/gcc/arm-none-eabi/9.2.1/../../../../arm-none-eabi/lib/thumb/v6-m/nofp\libc_nano.a(lib_a-impure.o)
__sf_fake_stdin                                   d:/gnu tools arm embedded/9 2019-q4-major/bin/../lib/gcc/arm-none-eabi/9.2.1/../../../../arm-none-eabi/lib/thumb/v6-m/nofp\libc_nano.a(lib_a-impure.o)
__sf_fake_stdout                                  d:/gnu tools arm embedded/9 2019-q4-major/bin/../lib/gcc/arm-none-eabi/9.2.1/../../../../arm-none-eabi/lib/thumb/v6-m/nofp\libc_nano.a(lib_a-impure.o)
__stack                                           d:/gnu tools arm embedded/9 2019-q4-major/bin/../lib/gcc/arm-none-eabi/9.2.1/../../../../arm-none-eabi/lib/thumb/v6-m/nofp/crt0.o
__udivsi3                                         d:/gnu tools arm embedded/9 2019-q4-major/bin/../lib/gcc/arm-none-eabi/9.2.1/thumb/v6-m/nofp\libgcc.a(_udivsi3.o)
_ebss                                             build/startup_stm32f072xb.o
_edata                                            build/startup_stm32f072xb.o
_estack                                           build/startup_stm32f072xb.o
_exit                                             d:/gnu tools arm embedded/9 2019-q4-major/bin/../lib/gcc/arm-none-eabi/9.2.1/../../../../arm-none-eabi/lib/thumb/v6-m/nofp\libnosys.a(_exit.o)
                                                  d:/gnu tools arm embedded/9 2019-q4-major/bin/../lib/gcc/arm-none-eabi/9.2.1/../../../../arm-none-eabi/lib/thumb/v6-m/nofp\libc_nano.a(lib_a-exit.o)
_fini                                             d:/gnu tools arm embedded/9 2019-q4-major/bin/../lib/gcc/arm-none-eabi/9.2.1/thumb/v6-m/nofp/crti.o