Archive member included to satisfy reference by file (symbol)

d:/st/stm32cubeide_1.4.0/stm32cubeide/plugins/com.st.stm32cube.ide.mcu.externaltools.gnu-tools-for-stm32.7-2018-q2-update.win32_1.4.0.202007081208/tools/bin/../lib/gcc/arm-none-eabi/7.3.1/../../../../arm-none-eabi/lib/thumb/v6-m\libc_nano.a(lib_a-errno.o)
                              Core/Src/syscalls.o (__errno)
d:/st/stm32cubeide_1.4.0/stm32cubeide/plugins/com.st.stm32cube.ide.mcu.externaltools.gnu-tools-for-stm32.7-2018-q2-update.win32_1.4.0.202007081208/tools/bin/../lib/gcc/arm-none-eabi/7.3.1/../../../../arm-none-eabi/lib/thumb/v6-m\libc_nano.a(lib_a-exit.o)
                              d:/st/stm32cubeide_1.4.0/stm32cubeide/plugins/com.st.stm32cube.ide.mcu.externaltools.gnu-tools-for-stm32.7-2018-q2-update.win32_1.4.0.202007081208/tools/bin/../lib/gcc/arm-none-eabi/7.3.1/../../../../arm-none-eabi/lib/thumb/v6-m/crt0.o (exit)
d:/st/stm32cubeide_1.4.0/stm32cubeide/plugins/com.st.stm32cube.ide.mcu.externaltools.gnu-tools-for-stm32.7-2018-q2-update.win32_1.4.0.202007081208/tools/bin/../lib/gcc/arm-none-eabi/7.3.1/../../../../arm-none-eabi/lib/thumb/v6-m\libc_nano.a(lib_a-impure.o)
                              d:/st/stm32cubeide_1.4.0/stm32cubeide/plugins/com.st.stm32cube.ide.mcu.externaltools.gnu-tools-for-stm32.7-2018-q2-update.win32_1.4.0.202007081208/tools/bin/../lib/gcc/arm-none-eabi/7.3.1/../../../../arm-none-eabi/lib/thumb/v6-m\libc_nano.a(lib_a-exit.o) (_global_impure_ptr)
d:/st/stm32cubeide_1.4.0/stm32cubeide/plugins/com.st.stm32cube.ide.mcu.externaltools.gnu-tools-for-stm32.7-2018-q2-update.win32_1.4.0.202007081208/tools/bin/../lib/gcc/arm-none-eabi/7.3.1/../../../../arm-none-eabi/lib/thumb/v6-m\libc_nano.a(lib_a-init.o)
                              d:/st/stm32cubeide_1.4.0/stm32cubeide/plugins/com.st.stm32cube.ide.mcu.externaltools.gnu-tools-for-stm32.7-2018-q2-update.win32_1.4.0.202007081208/tools/bin/../lib/gcc/arm-none-eabi/7.3.1/../../../../arm-none-eabi/lib/thumb/v6-m/crt0.o (__libc_init_array)
d:/st/stm32cubeide_1.4.0/stm32cubeide/plugins/com.st.stm32cube.ide.mcu.externaltools.gnu-tools-for-stm32.7-2018-q2-update.win32_1.4.0.202007081208/tools/bin/../lib/gcc/arm-none-eabi/7.3.1/../../../../arm-none-eabi/lib/thumb/v6-m\libc_nano.a(lib_a-memset.o)
                              d:/st/stm32cubeide_1.4.0/stm32cubeide/plugins/com.st.stm32cube.ide.mcu.externaltools.gnu-tools-for-stm32.7-2018-q2-update.win32_1.4.0.202007081208/tools/bin/../lib/gcc/arm-none-eabi/7.3.1/../../../../arm-none-eabi/lib/thumb/v6-m/crt0.o (memset)
d:/st/stm32cubeide_1.4.0/stm32cubeide/plugins/com.st.stm32cube.ide.mcu.externaltools.gnu-tools-for-stm32.7-2018-q2-update.win32_1.4.0.202007081208/tools/bin/../lib/gcc/arm-none-eabi/7.3.1/thumb/v6-m\libgcc.a(_udivsi3.o)
                              Core/Src/acquisition.o (__aeabi_uidiv)
d:/st/stm32cubeide_1.4.0/stm32cubeide/plugins/com.st.stm32cube.ide.mcu.externaltools.gnu-tools-for-stm32.7-2018-q2-update.win32_1.4.0.202007081208/tools/bin/../lib/gcc/arm-none-eabi/7.3.1/thumb/v6-m\libgcc.a(_divsi3.o)
                              Core/Src/outputs.o (__aeabi_idiv)
d:/st/stm32cubeide_1.4.0/stm32cubeide/plugins/com.st.stm32cube.ide.mcu.externaltools.gnu-tools-for-stm32.7-2018-q2-update.win32_1.4.0.202007081208/tools/bin/../lib/gcc/arm-none-eabi/7.3.1/thumb/v6-m\libgcc.a(_dvmd_tls.o)
                              d:/st/stm32cubeide_1.4.0/stm32cubeide/plugins/com.st.stm32cube.ide.mcu.externaltools.gnu-tools-for-stm32.7-2018-q2-update.win32_1.4.0.202007081208/tools/bin/../lib/gcc/arm-none-eabi/7.3.1/thumb/v6-m\libgcc.a(_udivsi3.o) (__aeabi_idiv0)

Allocating common symbols
Common symbol       size              file

hUsbDeviceFS        0x2c4             USB_DEVICE/App/usb_device.o
uwTick              0x4               Drivers/STM32F0xx_HAL_Driver/Src/stm32f0xx_hal.o
pFlash              0x20              Drivers/STM32F0xx_HAL_Driver/Src/stm32f0xx_hal_flash.o
UserRxBufferFS      0x3e8             USB_DEVICE/App/usbd_cdc_if.o
usb_Q               0x43              Core/Src/main.o
UserTxBufferFS      0x3e8             USB_DEVICE/App/usbd_cdc_if.o
pwm_timer           0x4               Core/Src/acquisition.o
hspi1               0x64              Core/Src/main.o
htim2               0x40              Core/Src/main.o
htim14              0x40              Core/Src/main.o
hdma_adc            0x44              Core/Src/main.o
hpcd_USB_FS         0x2f4             USB_DEVICE/Target/usbd_conf.o
hadc                0x40              Core/Src/main.o
USBD_StrDesc        0x200             USB_DEVICE/App/usbd_desc.o
adc_dma_arr         0xc               Core/Src/acquisition.o

Discarded input sections

 .text          0x0000000000000000        0x0 d:/st/stm32cubeide_1.4.0/stm32cubeide/plugins/com.st.stm32cube.ide.mcu.externaltools.gnu-tools-for-stm32.7-2018-q2-update.win32_1.4.0.202007081208/tools/bin/../lib/gcc/arm-none-eabi/7.3.1/thumb/v6-m/crti.o
[...]
Memory Configuration

Name             Origin             Length             Attributes
RAM              0x0000000020000000 0x0000000000004000 xrw
FLASH            0x0000000008000000 0x0000000000020000 xr
*default*        0x0000000000000000 0xffffffffffffffff

Linker script and memory map

LOAD d:/st/stm32cubeide_1.4.0/stm32cubeide/plugins/com.st.stm32cube.ide.mcu.externaltools.gnu-tools-for-stm32.7-2018-q2-update.win32_1.4.0.202007081208/tools/bin/../lib/gcc/arm-none-eabi/7.3.1/thumb/v6-m/crti.o
LOAD d:/st/stm32cubeide_1.4.0/stm32cubeide/plugins/com.st.stm32cube.ide.mcu.externaltools.gnu-tools-for-stm32.7-2018-q2-update.win32_1.4.0.202007081208/tools/bin/../lib/gcc/arm-none-eabi/7.3.1/thumb/v6-m/crtbegin.o
LOAD d:/st/stm32cubeide_1.4.0/stm32cubeide/plugins/com.st.stm32cube.ide.mcu.externaltools.gnu-tools-for-stm32.7-2018-q2-update.win32_1.4.0.202007081208/tools/bin/../lib/gcc/arm-none-eabi/7.3.1/../../../../arm-none-eabi/lib/thumb/v6-m/crt0.o
LOAD Core/Src/acquisition.o
LOAD Core/Src/main.o
LOAD Core/Src/outputs.o
LOAD Core/Src/panda_usb_device.o
LOAD Core/Src/stm32f0xx_hal_msp.o
LOAD Core/Src/stm32f0xx_it.o
LOAD Core/Src/syscalls.o
LOAD Core/Src/sysmem.o
LOAD Core/Src/system_stm32f0xx.o
LOAD Core/Src/utils.o
LOAD Core/Startup/startup_stm32f072rbtx.o
LOAD Drivers/STM32F0xx_HAL_Driver/Src/stm32f0xx_hal.o
LOAD Drivers/STM32F0xx_HAL_Driver/Src/stm32f0xx_hal_adc.o
LOAD Drivers/STM32F0xx_HAL_Driver/Src/stm32f0xx_hal_adc_ex.o
LOAD Drivers/STM32F0xx_HAL_Driver/Src/stm32f0xx_hal_cortex.o
LOAD Drivers/STM32F0xx_HAL_Driver/Src/stm32f0xx_hal_dma.o
LOAD Drivers/STM32F0xx_HAL_Driver/Src/stm32f0xx_hal_exti.o
LOAD Drivers/STM32F0xx_HAL_Driver/Src/stm32f0xx_hal_flash.o
LOAD Drivers/STM32F0xx_HAL_Driver/Src/stm32f0xx_hal_flash_ex.o
LOAD Drivers/STM32F0xx_HAL_Driver/Src/stm32f0xx_hal_gpio.o
LOAD Drivers/STM32F0xx_HAL_Driver/Src/stm32f0xx_hal_i2c.o
LOAD Drivers/STM32F0xx_HAL_Driver/Src/stm32f0xx_hal_i2c_ex.o
LOAD Drivers/STM32F0xx_HAL_Driver/Src/stm32f0xx_hal_pcd.o
LOAD Drivers/STM32F0xx_HAL_Driver/Src/stm32f0xx_hal_pcd_ex.o
LOAD Drivers/STM32F0xx_HAL_Driver/Src/stm32f0xx_hal_pwr.o
LOAD Drivers/STM32F0xx_HAL_Driver/Src/stm32f0xx_hal_pwr_ex.o
LOAD Drivers/STM32F0xx_HAL_Driver/Src/stm32f0xx_hal_rcc.o
LOAD Drivers/STM32F0xx_HAL_Driver/Src/stm32f0xx_hal_rcc_ex.o
LOAD Drivers/STM32F0xx_HAL_Driver/Src/stm32f0xx_hal_spi.o
LOAD Drivers/STM32F0xx_HAL_Driver/Src/stm32f0xx_hal_spi_ex.o
LOAD Drivers/STM32F0xx_HAL_Driver/Src/stm32f0xx_hal_tim.o
LOAD Drivers/STM32F0xx_HAL_Driver/Src/stm32f0xx_hal_tim_ex.o
LOAD Drivers/STM32F0xx_HAL_Driver/Src/stm32f0xx_ll_usb.o
LOAD Middlewares/ST/STM32_USB_Device_Library/Class/CDC/Src/usbd_cdc.o
LOAD Middlewares/ST/STM32_USB_Device_Library/Core/Src/usbd_core.o
LOAD Middlewares/ST/STM32_USB_Device_Library/Core/Src/usbd_ctlreq.o
LOAD Middlewares/ST/STM32_USB_Device_Library/Core/Src/usbd_ioreq.o
LOAD USB_DEVICE/App/usb_device.o
LOAD USB_DEVICE/App/usbd_cdc_if.o
LOAD USB_DEVICE/App/usbd_desc.o
LOAD USB_DEVICE/Target/usbd_conf.o
START GROUP
LOAD d:/st/stm32cubeide_1.4.0/stm32cubeide/plugins/com.st.stm32cube.ide.mcu.externaltools.gnu-tools-for-stm32.7-2018-q2-update.win32_1.4.0.202007081208/tools/bin/../lib/gcc/arm-none-eabi/7.3.1/../../../../arm-none-eabi/lib/thumb/v6-m\libc_nano.a
LOAD d:/st/stm32cubeide_1.4.0/stm32cubeide/plugins/com.st.stm32cube.ide.mcu.externaltools.gnu-tools-for-stm32.7-2018-q2-update.win32_1.4.0.202007081208/tools/bin/../lib/gcc/arm-none-eabi/7.3.1/../../../../arm-none-eabi/lib/thumb/v6-m\libm.a
END GROUP
START GROUP
LOAD d:/st/stm32cubeide_1.4.0/stm32cubeide/plugins/com.st.stm32cube.ide.mcu.externaltools.gnu-tools-for-stm32.7-2018-q2-update.win32_1.4.0.202007081208/tools/bin/../lib/gcc/arm-none-eabi/7.3.1/thumb/v6-m\libgcc.a
LOAD d:/st/stm32cubeide_1.4.0/stm32cubeide/plugins/com.st.stm32cube.ide.mcu.externaltools.gnu-tools-for-stm32.7-2018-q2-update.win32_1.4.0.202007081208/tools/bin/../lib/gcc/arm-none-eabi/7.3.1/../../../../arm-none-eabi/lib/thumb/v6-m\libc_nano.a
END GROUP
START GROUP
LOAD d:/st/stm32cubeide_1.4.0/stm32cubeide/plugins/com.st.stm32cube.ide.mcu.externaltools.gnu-tools-for-stm32.7-2018-q2-update.win32_1.4.0.202007081208/tools/bin/../lib/gcc/arm-none-eabi/7.3.1/thumb/v6-m\libgcc.a
LOAD d:/st/stm32cubeide_1.4.0/stm32cubeide/plugins/com.st.stm32cube.ide.mcu.externaltools.gnu-tools-for-stm32.7-2018-q2-update.win32_1.4.0.202007081208/tools/bin/../lib/gcc/arm-none-eabi/7.3.1/../../../../arm-none-eabi/lib/thumb/v6-m\libc_nano.a
LOAD d:/st/stm32cubeide_1.4.0/stm32cubeide/plugins/com.st.stm32cube.ide.mcu.externaltools.gnu-tools-for-stm32.7-2018-q2-update.win32_1.4.0.202007081208/tools/bin/../lib/gcc/arm-none-eabi/7.3.1/../../../../arm-none-eabi/lib/thumb/v6-m\libnosys.a
END GROUP
START GROUP
LOAD d:/st/stm32cubeide_1.4.0/stm32cubeide/plugins/com.st.stm32cube.ide.mcu.externaltools.gnu-tools-for-stm32.7-2018-q2-update.win32_1.4.0.202007081208/tools/bin/../lib/gcc/arm-none-eabi/7.3.1/thumb/v6-m\libgcc.a
LOAD d:/st/stm32cubeide_1.4.0/stm32cubeide/plugins/com.st.stm32cube.ide.mcu.externaltools.gnu-tools-for-stm32.7-2018-q2-update.win32_1.4.0.202007081208/tools/bin/../lib/gcc/arm-none-eabi/7.3.1/../../../../arm-none-eabi/lib/thumb/v6-m\libc_nano.a
LOAD d:/st/stm32cubeide_1.4.0/stm32cubeide/plugins/com.st.stm32cube.ide.mcu.externaltools.gnu-tools-for-stm32.7-2018-q2-update.win32_1.4.0.202007081208/tools/bin/../lib/gcc/arm-none-eabi/7.3.1/../../../../arm-none-eabi/lib/thumb/v6-m\libnosys.a
END GROUP
LOAD d:/st/stm32cubeide_1.4.0/stm32cubeide/plugins/com.st.stm32cube.ide.mcu.externaltools.gnu-tools-for-stm32.7-2018-q2-update.win32_1.4.0.202007081208/tools/bin/../lib/gcc/arm-none-eabi/7.3.1/thumb/v6-m/crtend.o
LOAD d:/st/stm32cubeide_1.4.0/stm32cubeide/plugins/com.st.stm32cube.ide.mcu.externaltools.gnu-tools-for-stm32.7-2018-q2-update.win32_1.4.0.202007081208/tools/bin/../lib/gcc/arm-none-eabi/7.3.1/thumb/v6-m/crtn.o
                0x0000000020004000                _estack = (ORIGIN (RAM) + LENGTH (RAM))
                0x0000000000000200                _Min_Heap_Size = 0x200
                0x0000000000000400                _Min_Stack_Size = 0x400

.isr_vector     0x0000000008000000       0xc0
                0x0000000008000000                . = ALIGN (0x4)
 *(.isr_vector)
 .isr_vector    0x0000000008000000       0xc0 Core/Startup/startup_stm32f072rbtx.o
                0x0000000008000000                g_pfnVectors
                0x00000000080000c0                . = ALIGN (0x4)

.text           0x00000000080000c0     0xa5dc
                0x00000000080000c0                . = ALIGN (0x4)
 *(.text)
 .text          0x00000000080000c0       0x48 d:/st/stm32cubeide_1.4.0/stm32cubeide/plugins/com.st.stm32cube.ide.mcu.externaltools.gnu-tools-for-stm32.7-2018-q2-update.win32_1.4.0.202007081208/tools/bin/../lib/gcc/arm-none-eabi/7.3.1/thumb/v6-m/crtbegin.o
 .text          0x0000000008000108      0x114 d:/st/stm32cubeide_1.4.0/stm32cubeide/plugins/com.st.stm32cube.ide.mcu.externaltools.gnu-tools-for-stm32.7-2018-q2-update.win32_1.4.0.202007081208/tools/bin/../lib/gcc/arm-none-eabi/7.3.1/thumb/v6-m\libgcc.a(_udivsi3.o)
                0x0000000008000108                __aeabi_uidiv
                0x0000000008000108                __udivsi3
                0x0000000008000214                __aeabi_uidivmod
 .text          0x000000000800021c      0x1d4 d:/st/stm32cubeide_1.4.0/stm32cubeide/plugins/com.st.stm32cube.ide.mcu.externaltools.gnu-tools-for-stm32.7-2018-q2-update.win32_1.4.0.202007081208/tools/bin/../lib/gcc/arm-none-eabi/7.3.1/thumb/v6-m\libgcc.a(_divsi3.o)
                0x000000000800021c                __divsi3
                0x000000000800021c                __aeabi_idiv
                0x00000000080003e8                __aeabi_idivmod
 .text          0x00000000080003f0        0x4 d:/st/stm32cubeide_1.4.0/stm32cubeide/plugins/com.st.stm32cube.ide.mcu.externaltools.gnu-tools-for-stm32.7-2018-q2-update.win32_1.4.0.202007081208/tools/bin/../lib/gcc/arm-none-eabi/7.3.1/thumb/v6-m\libgcc.a(_dvmd_tls.o)
                0x00000000080003f0                __aeabi_idiv0
                0x00000000080003f0                __aeabi_ldiv0
 *(.text*)
 .text.getAnalogRead
                0x00000000080003f4       0x24 Core/Src/acquisition.o
                0x00000000080003f4                getAnalogRead
 .text.setEncoderCount
                0x0000000008000418       0x50 Core/Src/acquisition.o
                0x0000000008000418                setEncoderCount
 .text.setEncoderMode
                0x0000000008000468       0x20 Core/Src/acquisition.o
                0x0000000008000468                setEncoderMode
 .text.getEncoderMode
                0x0000000008000488       0x14 Core/Src/acquisition.o
                0x0000000008000488                getEncoderMode
 .text.getEncoderCount
                0x000000000800049c       0x14 Core/Src/acquisition.o
                0x000000000800049c                getEncoderCount
 .text.encoderController
                0x00000000080004b0      0x19c Core/Src/acquisition.o
                0x00000000080004b0                encoderController
 .text.getEncoderDuty
                0x000000000800064c       0x14 Core/Src/acquisition.o
                0x000000000800064c                getEncoderDuty
 .text.getUserIn
                0x0000000008000660       0x2c Core/Src/acquisition.o
                0x0000000008000660                getUserIn
 .text.acquisitionInit
                0x000000000800068c       0x3c Core/Src/acquisition.o
                0x000000000800068c                acquisitionInit
 .text.spiTransmit
                0x00000000080006c8       0x4c Core/Src/main.o
                0x00000000080006c8                spiTransmit
 .text.main     0x0000000008000714       0x88 Core/Src/main.o
                0x0000000008000714                main
 .text.SystemClock_Config
                0x000000000800079c       0xcc Core/Src/main.o
                0x000000000800079c                SystemClock_Config
 .text.MX_ADC_Init
                0x0000000008000868       0xec Core/Src/main.o
 .text.MX_SPI1_Init
                0x0000000008000954       0x7c Core/Src/main.o
 .text.MX_TIM2_Init
                0x00000000080009d0       0xa8 Core/Src/main.o
 .text.MX_TIM14_Init
                0x0000000008000a78       0x4c Core/Src/main.o
 .text.MX_DMA_Init
                0x0000000008000ac4       0x3c Core/Src/main.o
 .text.MX_GPIO_Init
                0x0000000008000b00      0x130 Core/Src/main.o
 .text.HAL_GPIO_EXTI_Callback
                0x0000000008000c30       0x30 Core/Src/main.o
                0x0000000008000c30                HAL_GPIO_EXTI_Callback
 .text.Error_Handler
                0x0000000008000c60        0xa Core/Src/main.o
                0x0000000008000c60                Error_Handler
 *fill*         0x0000000008000c6a        0x2 
 .text.statusLedController
                0x0000000008000c6c       0x28 Core/Src/outputs.o
                0x0000000008000c6c                statusLedController
 .text.statusLedMode
                0x0000000008000c94       0x60 Core/Src/outputs.o
                0x0000000008000c94                statusLedMode
 .text.statusLedBlink
                0x0000000008000cf4       0x10 Core/Src/outputs.o
                0x0000000008000cf4                statusLedBlink
 .text.userLedMode
                0x0000000008000d04       0x6c Core/Src/outputs.o
                0x0000000008000d04                userLedMode
 .text.getUserLedMode
                0x0000000008000d70       0x14 Core/Src/outputs.o
                0x0000000008000d70                getUserLedMode
 .text.userLedFreq
                0x0000000008000d84       0x30 Core/Src/outputs.o
                0x0000000008000d84                userLedFreq
 .text.getUserLedFreq
                0x0000000008000db4       0x20 Core/Src/outputs.o
                0x0000000008000db4                getUserLedFreq
 .text.userLedController
                0x0000000008000dd4       0x50 Core/Src/outputs.o
                0x0000000008000dd4                userLedController
 .text.setUserOut
                0x0000000008000e24       0x78 Core/Src/outputs.o
                0x0000000008000e24                setUserOut
 .text.getUserOut
                0x0000000008000e9c       0x48 Core/Src/outputs.o
                0x0000000008000e9c                getUserOut
 .text.outputsInit
                0x0000000008000ee4       0x34 Core/Src/outputs.o
                0x0000000008000ee4                outputsInit
 .text.usb_queueInit
                0x0000000008000f18       0x4a Core/Src/panda_usb_device.o
                0x0000000008000f18                usb_queueInit
 *fill*         0x0000000008000f62        0x2 
 .text.usb_init
                0x0000000008000f64       0x1c Core/Src/panda_usb_device.o
                0x0000000008000f64                usb_init
 .text.usb_addToQueue
                0x0000000008000f80       0xa8 Core/Src/panda_usb_device.o
                0x0000000008000f80                usb_addToQueue
 .text.usb_queuedData
                0x0000000008001028       0x24 Core/Src/panda_usb_device.o
                0x0000000008001028                usb_queuedData
 .text.usb_peekQueue
                0x000000000800104c       0x46 Core/Src/panda_usb_device.o
                0x000000000800104c                usb_peekQueue
 .text.usb_GetByteFromQueue
                0x0000000008001092       0x4c Core/Src/panda_usb_device.o
                0x0000000008001092                usb_GetByteFromQueue
 .text.usb_queueDiscard
                0x00000000080010de       0xa2 Core/Src/panda_usb_device.o
                0x00000000080010de                usb_queueDiscard
 .text.usb_processFrame
                0x0000000008001180      0x430 Core/Src/panda_usb_device.o
                0x0000000008001180                usb_processFrame
 .text.usb_getQueuedCommand
                0x00000000080015b0       0xc0 Core/Src/panda_usb_device.o
                0x00000000080015b0                usb_getQueuedCommand
 .text.usbController
                0x0000000008001670       0x24 Core/Src/panda_usb_device.o
                0x0000000008001670                usbController
 .text.HAL_MspInit
                0x0000000008001694       0x48 Core/Src/stm32f0xx_hal_msp.o
                0x0000000008001694                HAL_MspInit
 .text.HAL_ADC_MspInit
                0x00000000080016dc       0xe4 Core/Src/stm32f0xx_hal_msp.o
                0x00000000080016dc                HAL_ADC_MspInit
 .text.HAL_SPI_MspInit
                0x00000000080017c0       0xe4 Core/Src/stm32f0xx_hal_msp.o
                0x00000000080017c0                HAL_SPI_MspInit
 .text.HAL_TIM_Base_MspInit
                0x00000000080018a4       0x74 Core/Src/stm32f0xx_hal_msp.o
                0x00000000080018a4                HAL_TIM_Base_MspInit
 .text.NMI_Handler
                0x0000000008001918        0xa Core/Src/stm32f0xx_it.o
                0x0000000008001918                NMI_Handler
 .text.HardFault_Handler
                0x0000000008001922        0x6 Core/Src/stm32f0xx_it.o
                0x0000000008001922                HardFault_Handler
 .text.SVC_Handler
                0x0000000008001928        0xa Core/Src/stm32f0xx_it.o
                0x0000000008001928                SVC_Handler
 .text.PendSV_Handler
                0x0000000008001932        0xa Core/Src/stm32f0xx_it.o
                0x0000000008001932                PendSV_Handler
 .text.SysTick_Handler
                0x000000000800193c        0xe Core/Src/stm32f0xx_it.o
                0x000000000800193c                SysTick_Handler
 .text.EXTI4_15_IRQHandler
                0x000000000800194a       0x1e Core/Src/stm32f0xx_it.o
                0x000000000800194a                EXTI4_15_IRQHandler
 .text.DMA1_Channel1_IRQHandler
                0x0000000008001968       0x18 Core/Src/stm32f0xx_it.o
                0x0000000008001968                DMA1_Channel1_IRQHandler
 .text.TIM14_IRQHandler
                0x0000000008001980       0x1c Core/Src/stm32f0xx_it.o
                0x0000000008001980                TIM14_IRQHandler
 .text.USB_IRQHandler
                0x000000000800199c       0x18 Core/Src/stm32f0xx_it.o
                0x000000000800199c                USB_IRQHandler
 .text.SystemInit
                0x00000000080019b4        0xa Core/Src/system_stm32f0xx.o
                0x00000000080019b4                SystemInit
 .text.get8MSB  0x00000000080019be       0x1e Core/Src/utils.o
                0x00000000080019be                get8MSB
 .text.get8LSB  0x00000000080019dc       0x1a Core/Src/utils.o
                0x00000000080019dc                get8LSB
 .text.get16MSB
                0x00000000080019f6       0x16 Core/Src/utils.o
                0x00000000080019f6                get16MSB
 .text.get16LSB
                0x0000000008001a0c       0x14 Core/Src/utils.o
                0x0000000008001a0c                get16LSB
 .text.getConfigBits
                0x0000000008001a20       0x74 Core/Src/utils.o
                0x0000000008001a20                getConfigBits
 .text.Reset_Handler
                0x0000000008001a94       0x50 Core/Startup/startup_stm32f072rbtx.o
                0x0000000008001a94                Reset_Handler
 .text.Default_Handler
                0x0000000008001ae4        0x2 Core/Startup/startup_stm32f072rbtx.o
                0x0000000008001ae4                TIM1_CC_IRQHandler
                0x0000000008001ae4                TSC_IRQHandler
                0x0000000008001ae4                ADC1_COMP_IRQHandler
                0x0000000008001ae4                I2C1_IRQHandler
                0x0000000008001ae4                RCC_CRS_IRQHandler
                0x0000000008001ae4                SPI1_IRQHandler
                0x0000000008001ae4                TIM6_DAC_IRQHandler
                0x0000000008001ae4                USART3_4_IRQHandler
                0x0000000008001ae4                EXTI2_3_IRQHandler
                0x0000000008001ae4                I2C2_IRQHandler
                0x0000000008001ae4                TIM17_IRQHandler
                0x0000000008001ae4                CEC_CAN_IRQHandler
                0x0000000008001ae4                RTC_IRQHandler
                0x0000000008001ae4                PVD_VDDIO2_IRQHandler
                0x0000000008001ae4                DMA1_Channel4_5_6_7_IRQHandler
                0x0000000008001ae4                TIM16_IRQHandler
                0x0000000008001ae4                TIM3_IRQHandler
                0x0000000008001ae4                Default_Handler
                0x0000000008001ae4                TIM7_IRQHandler
                0x0000000008001ae4                TIM15_IRQHandler
                0x0000000008001ae4                EXTI0_1_IRQHandler
                0x0000000008001ae4                SPI2_IRQHandler
                0x0000000008001ae4                WWDG_IRQHandler
                0x0000000008001ae4                TIM2_IRQHandler
                0x0000000008001ae4                DMA1_Channel2_3_IRQHandler
                0x0000000008001ae4                USART2_IRQHandler
                0x0000000008001ae4                FLASH_IRQHandler
                0x0000000008001ae4                USART1_IRQHandler
                0x0000000008001ae4                TIM1_BRK_UP_TRG_COM_IRQHandler
 *fill*         0x0000000008001ae6        0x2 
 .text.HAL_Init
                0x0000000008001ae8       0x28 Drivers/STM32F0xx_HAL_Driver/Src/stm32f0xx_hal.o
                0x0000000008001ae8                HAL_Init
 .text.HAL_InitTick
                0x0000000008001b10       0x68 Drivers/STM32F0xx_HAL_Driver/Src/stm32f0xx_hal.o
                0x0000000008001b10                HAL_InitTick
 .text.HAL_IncTick
                0x0000000008001b78       0x24 Drivers/STM32F0xx_HAL_Driver/Src/stm32f0xx_hal.o
                0x0000000008001b78                HAL_IncTick
 .text.HAL_GetTick
                0x0000000008001b9c       0x14 Drivers/STM32F0xx_HAL_Driver/Src/stm32f0xx_hal.o
                0x0000000008001b9c                HAL_GetTick
 .text.HAL_Delay
                0x0000000008001bb0       0x44 Drivers/STM32F0xx_HAL_Driver/Src/stm32f0xx_hal.o
                0x0000000008001bb0                HAL_Delay
 .text.HAL_ADC_Init
                0x0000000008001bf4      0x280 Drivers/STM32F0xx_HAL_Driver/Src/stm32f0xx_hal_adc.o
                0x0000000008001bf4                HAL_ADC_Init
 .text.HAL_ADC_Start_DMA
                0x0000000008001e74      0x104 Drivers/STM32F0xx_HAL_Driver/Src/stm32f0xx_hal_adc.o
                0x0000000008001e74                HAL_ADC_Start_DMA
 .text.HAL_ADC_ConvCpltCallback
                0x0000000008001f78       0x10 Drivers/STM32F0xx_HAL_Driver/Src/stm32f0xx_hal_adc.o
                0x0000000008001f78                HAL_ADC_ConvCpltCallback
 .text.HAL_ADC_ConvHalfCpltCallback
                0x0000000008001f88       0x10 Drivers/STM32F0xx_HAL_Driver/Src/stm32f0xx_hal_adc.o
                0x0000000008001f88                HAL_ADC_ConvHalfCpltCallback
 .text.HAL_ADC_ErrorCallback
                0x0000000008001f98       0x10 Drivers/STM32F0xx_HAL_Driver/Src/stm32f0xx_hal_adc.o
                0x0000000008001f98                HAL_ADC_ErrorCallback
 .text.HAL_ADC_ConfigChannel
                0x0000000008001fa8      0x21c Drivers/STM32F0xx_HAL_Driver/Src/stm32f0xx_hal_adc.o
                0x0000000008001fa8                HAL_ADC_ConfigChannel
 .text.ADC_Enable
                0x00000000080021c4       0xf8 Drivers/STM32F0xx_HAL_Driver/Src/stm32f0xx_hal_adc.o
 .text.ADC_DMAConvCplt
                0x00000000080022bc       0xb4 Drivers/STM32F0xx_HAL_Driver/Src/stm32f0xx_hal_adc.o
 .text.ADC_DMAHalfConvCplt
                0x0000000008002370       0x1e Drivers/STM32F0xx_HAL_Driver/Src/stm32f0xx_hal_adc.o
 .text.ADC_DMAError
                0x000000000800238e       0x36 Drivers/STM32F0xx_HAL_Driver/Src/stm32f0xx_hal_adc.o
 .text.__NVIC_EnableIRQ
                0x00000000080023c4       0x34 Drivers/STM32F0xx_HAL_Driver/Src/stm32f0xx_hal_cortex.o
 .text.__NVIC_SetPriority
                0x00000000080023f8       0xdc Drivers/STM32F0xx_HAL_Driver/Src/stm32f0xx_hal_cortex.o
 .text.SysTick_Config
                0x00000000080024d4       0x48 Drivers/STM32F0xx_HAL_Driver/Src/stm32f0xx_hal_cortex.o
 .text.HAL_NVIC_SetPriority
                0x000000000800251c       0x2a Drivers/STM32F0xx_HAL_Driver/Src/stm32f0xx_hal_cortex.o
                0x000000000800251c                HAL_NVIC_SetPriority
 .text.HAL_NVIC_EnableIRQ
                0x0000000008002546       0x20 Drivers/STM32F0xx_HAL_Driver/Src/stm32f0xx_hal_cortex.o
                0x0000000008002546                HAL_NVIC_EnableIRQ
 .text.HAL_SYSTICK_Config
                0x0000000008002566       0x1a Drivers/STM32F0xx_HAL_Driver/Src/stm32f0xx_hal_cortex.o
                0x0000000008002566                HAL_SYSTICK_Config
 .text.HAL_DMA_Init
                0x0000000008002580       0x90 Drivers/STM32F0xx_HAL_Driver/Src/stm32f0xx_hal_dma.o
                0x0000000008002580                HAL_DMA_Init
 .text.HAL_DMA_Start_IT
                0x0000000008002610       0xcc Drivers/STM32F0xx_HAL_Driver/Src/stm32f0xx_hal_dma.o
                0x0000000008002610                HAL_DMA_Start_IT
 .text.HAL_DMA_IRQHandler
                0x00000000080026dc      0x144 Drivers/STM32F0xx_HAL_Driver/Src/stm32f0xx_hal_dma.o
                0x00000000080026dc                HAL_DMA_IRQHandler
 .text.DMA_SetConfig
                0x0000000008002820       0x58 Drivers/STM32F0xx_HAL_Driver/Src/stm32f0xx_hal_dma.o
 .text.DMA_CalcBaseAndBitshift
                0x0000000008002878       0x38 Drivers/STM32F0xx_HAL_Driver/Src/stm32f0xx_hal_dma.o
 .text.HAL_GPIO_Init
                0x00000000080028b0      0x2f0 Drivers/STM32F0xx_HAL_Driver/Src/stm32f0xx_hal_gpio.o
                0x00000000080028b0                HAL_GPIO_Init
 .text.HAL_GPIO_ReadPin
                0x0000000008002ba0       0x3a Drivers/STM32F0xx_HAL_Driver/Src/stm32f0xx_hal_gpio.o
                0x0000000008002ba0                HAL_GPIO_ReadPin
 .text.HAL_GPIO_WritePin
                0x0000000008002bda       0x3a Drivers/STM32F0xx_HAL_Driver/Src/stm32f0xx_hal_gpio.o
                0x0000000008002bda                HAL_GPIO_WritePin
 .text.HAL_GPIO_TogglePin
                0x0000000008002c14       0x36 Drivers/STM32F0xx_HAL_Driver/Src/stm32f0xx_hal_gpio.o
                0x0000000008002c14                HAL_GPIO_TogglePin
 *fill*         0x0000000008002c4a        0x2 
 .text.HAL_GPIO_EXTI_IRQHandler
                0x0000000008002c4c       0x38 Drivers/STM32F0xx_HAL_Driver/Src/stm32f0xx_hal_gpio.o
                0x0000000008002c4c                HAL_GPIO_EXTI_IRQHandler
 .text.HAL_PCD_Init
                0x0000000008002c84      0x220 Drivers/STM32F0xx_HAL_Driver/Src/stm32f0xx_hal_pcd.o
                0x0000000008002c84                HAL_PCD_Init
 .text.HAL_PCD_Start
                0x0000000008002ea4       0x4a Drivers/STM32F0xx_HAL_Driver/Src/stm32f0xx_hal_pcd.o
                0x0000000008002ea4                HAL_PCD_Start
 *fill*         0x0000000008002eee        0x2 
 .text.HAL_PCD_IRQHandler
                0x0000000008002ef0      0x2f8 Drivers/STM32F0xx_HAL_Driver/Src/stm32f0xx_hal_pcd.o
                0x0000000008002ef0                HAL_PCD_IRQHandler
 .text.HAL_PCD_SetAddress
                0x00000000080031e8       0x56 Drivers/STM32F0xx_HAL_Driver/Src/stm32f0xx_hal_pcd.o
                0x00000000080031e8                HAL_PCD_SetAddress
 .text.HAL_PCD_EP_Open
                0x000000000800323e       0xf0 Drivers/STM32F0xx_HAL_Driver/Src/stm32f0xx_hal_pcd.o
                0x000000000800323e                HAL_PCD_EP_Open
 .text.HAL_PCD_EP_Close
                0x000000000800332e       0xa2 Drivers/STM32F0xx_HAL_Driver/Src/stm32f0xx_hal_pcd.o
                0x000000000800332e                HAL_PCD_EP_Close
 .text.HAL_PCD_EP_Receive
                0x00000000080033d0       0x88 Drivers/STM32F0xx_HAL_Driver/Src/stm32f0xx_hal_pcd.o
                0x00000000080033d0                HAL_PCD_EP_Receive
 .text.HAL_PCD_EP_GetRxCount
                0x0000000008003458       0x32 Drivers/STM32F0xx_HAL_Driver/Src/stm32f0xx_hal_pcd.o
                0x0000000008003458                HAL_PCD_EP_GetRxCount
 .text.HAL_PCD_EP_Transmit
                0x000000000800348a       0x92 Drivers/STM32F0xx_HAL_Driver/Src/stm32f0xx_hal_pcd.o
                0x000000000800348a                HAL_PCD_EP_Transmit
 .text.HAL_PCD_EP_SetStall
                0x000000000800351c       0xb8 Drivers/STM32F0xx_HAL_Driver/Src/stm32f0xx_hal_pcd.o
                0x000000000800351c                HAL_PCD_EP_SetStall
 .text.HAL_PCD_EP_ClrStall
                0x00000000080035d4       0xbc Drivers/STM32F0xx_HAL_Driver/Src/stm32f0xx_hal_pcd.o
                0x00000000080035d4                HAL_PCD_EP_ClrStall
 .text.PCD_EP_ISR_Handler
                0x0000000008003690      0x688 Drivers/STM32F0xx_HAL_Driver/Src/stm32f0xx_hal_pcd.o
 .text.HAL_PCD_EP_DB_Receive
                0x0000000008003d18      0x240 Drivers/STM32F0xx_HAL_Driver/Src/stm32f0xx_hal_pcd.o
 .text.HAL_PCD_EP_DB_Transmit
                0x0000000008003f58      0x568 Drivers/STM32F0xx_HAL_Driver/Src/stm32f0xx_hal_pcd.o
 .text.HAL_PCDEx_PMAConfig
                0x00000000080044c0       0x9c Drivers/STM32F0xx_HAL_Driver/Src/stm32f0xx_hal_pcd_ex.o
                0x00000000080044c0                HAL_PCDEx_PMAConfig
 .text.HAL_PCDEx_ActivateLPM
                0x000000000800455c       0x54 Drivers/STM32F0xx_HAL_Driver/Src/stm32f0xx_hal_pcd_ex.o
                0x000000000800455c                HAL_PCDEx_ActivateLPM
 .text.HAL_PCDEx_LPM_Callback
                0x00000000080045b0       0x16 Drivers/STM32F0xx_HAL_Driver/Src/stm32f0xx_hal_pcd_ex.o
                0x00000000080045b0                HAL_PCDEx_LPM_Callback
 *fill*         0x00000000080045c6        0x2 
 .text.HAL_RCC_OscConfig
                0x00000000080045c8      0x70c Drivers/STM32F0xx_HAL_Driver/Src/stm32f0xx_hal_rcc.o
                0x00000000080045c8                HAL_RCC_OscConfig
 .text.HAL_RCC_ClockConfig
                0x0000000008004cd4      0x1b4 Drivers/STM32F0xx_HAL_Driver/Src/stm32f0xx_hal_rcc.o
                0x0000000008004cd4                HAL_RCC_ClockConfig
 .text.HAL_RCC_GetSysClockFreq
                0x0000000008004e88       0xfc Drivers/STM32F0xx_HAL_Driver/Src/stm32f0xx_hal_rcc.o
                0x0000000008004e88                HAL_RCC_GetSysClockFreq
 .text.HAL_RCCEx_PeriphCLKConfig
                0x0000000008004f84      0x200 Drivers/STM32F0xx_HAL_Driver/Src/stm32f0xx_hal_rcc_ex.o
                0x0000000008004f84                HAL_RCCEx_PeriphCLKConfig
 .text.HAL_SPI_Init
                0x0000000008005184      0x134 Drivers/STM32F0xx_HAL_Driver/Src/stm32f0xx_hal_spi.o
                0x0000000008005184                HAL_SPI_Init
 .text.HAL_SPI_Transmit
                0x00000000080052b8      0x302 Drivers/STM32F0xx_HAL_Driver/Src/stm32f0xx_hal_spi.o
                0x00000000080052b8                HAL_SPI_Transmit
 *fill*         0x00000000080055ba        0x2 
 .text.SPI_WaitFlagStateUntilTimeout
                0x00000000080055bc       0xe0 Drivers/STM32F0xx_HAL_Driver/Src/stm32f0xx_hal_spi.o
 .text.SPI_WaitFifoStateUntilTimeout
                0x000000000800569c       0xe8 Drivers/STM32F0xx_HAL_Driver/Src/stm32f0xx_hal_spi.o
 .text.SPI_EndRxTxTransaction
                0x0000000008005784       0x8c Drivers/STM32F0xx_HAL_Driver/Src/stm32f0xx_hal_spi.o
 .text.HAL_TIM_Base_Init
                0x0000000008005810       0x58 Drivers/STM32F0xx_HAL_Driver/Src/stm32f0xx_hal_tim.o
                0x0000000008005810                HAL_TIM_Base_Init
 .text.HAL_TIM_Base_Start_IT
                0x0000000008005868       0x44 Drivers/STM32F0xx_HAL_Driver/Src/stm32f0xx_hal_tim.o
                0x0000000008005868                HAL_TIM_Base_Start_IT
 .text.HAL_TIM_IRQHandler
                0x00000000080058ac      0x22c Drivers/STM32F0xx_HAL_Driver/Src/stm32f0xx_hal_tim.o
                0x00000000080058ac                HAL_TIM_IRQHandler
 .text.HAL_TIM_ConfigClockSource
                0x0000000008005ad8      0x17c Drivers/STM32F0xx_HAL_Driver/Src/stm32f0xx_hal_tim.o
                0x0000000008005ad8                HAL_TIM_ConfigClockSource
 .text.HAL_TIM_PeriodElapsedCallback
                0x0000000008005c54       0x10 Drivers/STM32F0xx_HAL_Driver/Src/stm32f0xx_hal_tim.o
                0x0000000008005c54                HAL_TIM_PeriodElapsedCallback
 .text.HAL_TIM_OC_DelayElapsedCallback
                0x0000000008005c64       0x10 Drivers/STM32F0xx_HAL_Driver/Src/stm32f0xx_hal_tim.o
                0x0000000008005c64                HAL_TIM_OC_DelayElapsedCallback
 .text.HAL_TIM_IC_CaptureCallback
                0x0000000008005c74       0x10 Drivers/STM32F0xx_HAL_Driver/Src/stm32f0xx_hal_tim.o
                0x0000000008005c74                HAL_TIM_IC_CaptureCallback
 .text.HAL_TIM_PWM_PulseFinishedCallback
                0x0000000008005c84       0x10 Drivers/STM32F0xx_HAL_Driver/Src/stm32f0xx_hal_tim.o
                0x0000000008005c84                HAL_TIM_PWM_PulseFinishedCallback
 .text.HAL_TIM_TriggerCallback
                0x0000000008005c94       0x10 Drivers/STM32F0xx_HAL_Driver/Src/stm32f0xx_hal_tim.o
                0x0000000008005c94                HAL_TIM_TriggerCallback
 .text.TIM_Base_SetConfig
                0x0000000008005ca4      0x100 Drivers/STM32F0xx_HAL_Driver/Src/stm32f0xx_hal_tim.o
                0x0000000008005ca4                TIM_Base_SetConfig
 .text.TIM_TI1_ConfigInputStage
                0x0000000008005da4       0x5c Drivers/STM32F0xx_HAL_Driver/Src/stm32f0xx_hal_tim.o
 .text.TIM_TI2_ConfigInputStage
                0x0000000008005e00       0x64 Drivers/STM32F0xx_HAL_Driver/Src/stm32f0xx_hal_tim.o
 .text.TIM_ITRx_SetConfig
                0x0000000008005e64       0x32 Drivers/STM32F0xx_HAL_Driver/Src/stm32f0xx_hal_tim.o
 *fill*         0x0000000008005e96        0x2 
 .text.TIM_ETR_SetConfig
                0x0000000008005e98       0x40 Drivers/STM32F0xx_HAL_Driver/Src/stm32f0xx_hal_tim.o
                0x0000000008005e98                TIM_ETR_SetConfig
 .text.HAL_TIMEx_MasterConfigSynchronization
                0x0000000008005ed8       0xbc Drivers/STM32F0xx_HAL_Driver/Src/stm32f0xx_hal_tim_ex.o
                0x0000000008005ed8                HAL_TIMEx_MasterConfigSynchronization
 .text.HAL_TIMEx_CommutCallback
                0x0000000008005f94       0x10 Drivers/STM32F0xx_HAL_Driver/Src/stm32f0xx_hal_tim_ex.o
                0x0000000008005f94                HAL_TIMEx_CommutCallback
 .text.HAL_TIMEx_BreakCallback
                0x0000000008005fa4       0x10 Drivers/STM32F0xx_HAL_Driver/Src/stm32f0xx_hal_tim_ex.o
                0x0000000008005fa4                HAL_TIMEx_BreakCallback
 .text.USB_EnableGlobalInt
                0x0000000008005fb4       0x2c Drivers/STM32F0xx_HAL_Driver/Src/stm32f0xx_ll_usb.o
                0x0000000008005fb4                USB_EnableGlobalInt
 .text.USB_DisableGlobalInt
                0x0000000008005fe0       0x34 Drivers/STM32F0xx_HAL_Driver/Src/stm32f0xx_ll_usb.o
                0x0000000008005fe0                USB_DisableGlobalInt
 .text.USB_DevInit
                0x0000000008006014       0x58 Drivers/STM32F0xx_HAL_Driver/Src/stm32f0xx_ll_usb.o
                0x0000000008006014                USB_DevInit
 .text.USB_ActivateEndpoint
                0x000000000800606c      0x6ac Drivers/STM32F0xx_HAL_Driver/Src/stm32f0xx_ll_usb.o
                0x000000000800606c                USB_ActivateEndpoint
 .text.USB_DeactivateEndpoint
                0x0000000008006718      0x380 Drivers/STM32F0xx_HAL_Driver/Src/stm32f0xx_ll_usb.o
                0x0000000008006718                USB_DeactivateEndpoint
 .text.USB_EPStartXfer
                0x0000000008006a98     0x12ac Drivers/STM32F0xx_HAL_Driver/Src/stm32f0xx_ll_usb.o
                0x0000000008006a98                USB_EPStartXfer
 .text.USB_EPSetStall
                0x0000000008007d44       0xa0 Drivers/STM32F0xx_HAL_Driver/Src/stm32f0xx_ll_usb.o
                0x0000000008007d44                USB_EPSetStall
 .text.USB_EPClearStall
                0x0000000008007de4      0x164 Drivers/STM32F0xx_HAL_Driver/Src/stm32f0xx_ll_usb.o
                0x0000000008007de4                USB_EPClearStall
 .text.USB_SetDevAddress
                0x0000000008007f48       0x28 Drivers/STM32F0xx_HAL_Driver/Src/stm32f0xx_ll_usb.o
                0x0000000008007f48                USB_SetDevAddress
 .text.USB_DevConnect
                0x0000000008007f70       0x2c Drivers/STM32F0xx_HAL_Driver/Src/stm32f0xx_ll_usb.o
                0x0000000008007f70                USB_DevConnect
 .text.USB_ReadInterrupts
                0x0000000008007f9c       0x1c Drivers/STM32F0xx_HAL_Driver/Src/stm32f0xx_ll_usb.o
                0x0000000008007f9c                USB_ReadInterrupts
 .text.USB_WritePMA
                0x0000000008007fb8       0x86 Drivers/STM32F0xx_HAL_Driver/Src/stm32f0xx_ll_usb.o
                0x0000000008007fb8                USB_WritePMA
 .text.USB_ReadPMA
                0x000000000800803e       0x9e Drivers/STM32F0xx_HAL_Driver/Src/stm32f0xx_ll_usb.o
                0x000000000800803e                USB_ReadPMA
 .text.USBD_CDC_Init
                0x00000000080080dc      0x118 Middlewares/ST/STM32_USB_Device_Library/Class/CDC/Src/usbd_cdc.o
 .text.USBD_CDC_DeInit
                0x00000000080081f4       0x88 Middlewares/ST/STM32_USB_Device_Library/Class/CDC/Src/usbd_cdc.o
 .text.USBD_CDC_Setup
                0x000000000800827c      0x18c Middlewares/ST/STM32_USB_Device_Library/Class/CDC/Src/usbd_cdc.o
 .text.USBD_CDC_DataIn
                0x0000000008008408       0xb6 Middlewares/ST/STM32_USB_Device_Library/Class/CDC/Src/usbd_cdc.o
 .text.USBD_CDC_DataOut
                0x00000000080084be       0x6a Middlewares/ST/STM32_USB_Device_Library/Class/CDC/Src/usbd_cdc.o
 .text.USBD_CDC_EP0_RxReady
                0x0000000008008528       0x64 Middlewares/ST/STM32_USB_Device_Library/Class/CDC/Src/usbd_cdc.o
 .text.USBD_CDC_GetFSCfgDesc
                0x000000000800858c       0x1c Middlewares/ST/STM32_USB_Device_Library/Class/CDC/Src/usbd_cdc.o
 .text.USBD_CDC_GetHSCfgDesc
                0x00000000080085a8       0x1c Middlewares/ST/STM32_USB_Device_Library/Class/CDC/Src/usbd_cdc.o
 .text.USBD_CDC_GetOtherSpeedCfgDesc
                0x00000000080085c4       0x1c Middlewares/ST/STM32_USB_Device_Library/Class/CDC/Src/usbd_cdc.o
 .text.USBD_CDC_GetDeviceQualifierDescriptor
                0x00000000080085e0       0x1c Middlewares/ST/STM32_USB_Device_Library/Class/CDC/Src/usbd_cdc.o
                0x00000000080085e0                USBD_CDC_GetDeviceQualifierDescriptor
 .text.USBD_CDC_RegisterInterface
                0x00000000080085fc       0x38 Middlewares/ST/STM32_USB_Device_Library/Class/CDC/Src/usbd_cdc.o
                0x00000000080085fc                USBD_CDC_RegisterInterface
 .text.USBD_CDC_SetTxBuffer
                0x0000000008008634       0x38 Middlewares/ST/STM32_USB_Device_Library/Class/CDC/Src/usbd_cdc.o
                0x0000000008008634                USBD_CDC_SetTxBuffer
 .text.USBD_CDC_SetRxBuffer
                0x000000000800866c       0x28 Middlewares/ST/STM32_USB_Device_Library/Class/CDC/Src/usbd_cdc.o
                0x000000000800866c                USBD_CDC_SetRxBuffer
 .text.USBD_CDC_TransmitPacket
                0x0000000008008694       0x6e Middlewares/ST/STM32_USB_Device_Library/Class/CDC/Src/usbd_cdc.o
                0x0000000008008694                USBD_CDC_TransmitPacket
 .text.USBD_CDC_ReceivePacket
                0x0000000008008702       0x5c Middlewares/ST/STM32_USB_Device_Library/Class/CDC/Src/usbd_cdc.o
                0x0000000008008702                USBD_CDC_ReceivePacket
 .text.USBD_Init
                0x000000000800875e       0x62 Middlewares/ST/STM32_USB_Device_Library/Core/Src/usbd_core.o
                0x000000000800875e                USBD_Init
 .text.USBD_RegisterClass
                0x00000000080087c0       0x42 Middlewares/ST/STM32_USB_Device_Library/Core/Src/usbd_core.o
                0x00000000080087c0                USBD_RegisterClass
 .text.USBD_Start
                0x0000000008008802       0x1a Middlewares/ST/STM32_USB_Device_Library/Core/Src/usbd_core.o
                0x0000000008008802                USBD_Start
 .text.USBD_RunTestMode
                0x000000000800881c       0x12 Middlewares/ST/STM32_USB_Device_Library/Core/Src/usbd_core.o
                0x000000000800881c                USBD_RunTestMode
 .text.USBD_SetClassConfig
                0x000000000800882e       0x50 Middlewares/ST/STM32_USB_Device_Library/Core/Src/usbd_core.o
                0x000000000800882e                USBD_SetClassConfig
 .text.USBD_ClrClassConfig
                0x000000000800887e       0x2c Middlewares/ST/STM32_USB_Device_Library/Core/Src/usbd_core.o
                0x000000000800887e                USBD_ClrClassConfig
 *fill*         0x00000000080088aa        0x2 
 .text.USBD_LL_SetupStage
                0x00000000080088ac       0xb8 Middlewares/ST/STM32_USB_Device_Library/Core/Src/usbd_core.o
                0x00000000080088ac                USBD_LL_SetupStage
 .text.USBD_LL_DataOutStage
                0x0000000008008964      0x104 Middlewares/ST/STM32_USB_Device_Library/Core/Src/usbd_core.o
                0x0000000008008964                USBD_LL_DataOutStage
 .text.USBD_LL_DataInStage
                0x0000000008008a68      0x17a Middlewares/ST/STM32_USB_Device_Library/Core/Src/usbd_core.o
                0x0000000008008a68                USBD_LL_DataInStage
 .text.USBD_LL_Reset
                0x0000000008008be2       0x90 Middlewares/ST/STM32_USB_Device_Library/Core/Src/usbd_core.o
                0x0000000008008be2                USBD_LL_Reset
 .text.USBD_LL_SetSpeed
                0x0000000008008c72       0x20 Middlewares/ST/STM32_USB_Device_Library/Core/Src/usbd_core.o
                0x0000000008008c72                USBD_LL_SetSpeed
 *fill*         0x0000000008008c92        0x2 
 .text.USBD_LL_Suspend
                0x0000000008008c94       0x30 Middlewares/ST/STM32_USB_Device_Library/Core/Src/usbd_core.o
                0x0000000008008c94                USBD_LL_Suspend
 .text.USBD_LL_Resume
                0x0000000008008cc4       0x30 Middlewares/ST/STM32_USB_Device_Library/Core/Src/usbd_core.o
                0x0000000008008cc4                USBD_LL_Resume
 .text.USBD_LL_SOF
                0x0000000008008cf4       0x3c Middlewares/ST/STM32_USB_Device_Library/Core/Src/usbd_core.o
                0x0000000008008cf4                USBD_LL_SOF
 .text.USBD_StdDevReq
                0x0000000008008d30       0xe4 Middlewares/ST/STM32_USB_Device_Library/Core/Src/usbd_ctlreq.o
                0x0000000008008d30                USBD_StdDevReq
 .text.USBD_StdItfReq
                0x0000000008008e14       0xae Middlewares/ST/STM32_USB_Device_Library/Core/Src/usbd_ctlreq.o
                0x0000000008008e14                USBD_StdItfReq
 .text.USBD_StdEPReq
                0x0000000008008ec2      0x37c Middlewares/ST/STM32_USB_Device_Library/Core/Src/usbd_ctlreq.o
                0x0000000008008ec2                USBD_StdEPReq
 *fill*         0x000000000800923e        0x2 
 .text.USBD_GetDescriptor
                0x0000000008009240      0x368 Middlewares/ST/STM32_USB_Device_Library/Core/Src/usbd_ctlreq.o
 .text.USBD_SetAddress
                0x00000000080095a8       0xa8 Middlewares/ST/STM32_USB_Device_Library/Core/Src/usbd_ctlreq.o
 .text.USBD_SetConfig
                0x0000000008009650      0x148 Middlewares/ST/STM32_USB_Device_Library/Core/Src/usbd_ctlreq.o
 .text.USBD_GetConfig
                0x0000000008009798       0x74 Middlewares/ST/STM32_USB_Device_Library/Core/Src/usbd_ctlreq.o
 .text.USBD_GetStatus
                0x000000000800980c       0x74 Middlewares/ST/STM32_USB_Device_Library/Core/Src/usbd_ctlreq.o
 .text.USBD_SetFeature
                0x0000000008009880       0x2c Middlewares/ST/STM32_USB_Device_Library/Core/Src/usbd_ctlreq.o
 .text.USBD_ClrFeature
                0x00000000080098ac       0x4c Middlewares/ST/STM32_USB_Device_Library/Core/Src/usbd_ctlreq.o
 .text.USBD_ParseSetupRequest
                0x00000000080098f8       0x76 Middlewares/ST/STM32_USB_Device_Library/Core/Src/usbd_ctlreq.o
                0x00000000080098f8                USBD_ParseSetupRequest
 .text.USBD_CtlError
                0x000000000800996e       0x26 Middlewares/ST/STM32_USB_Device_Library/Core/Src/usbd_ctlreq.o
                0x000000000800996e                USBD_CtlError
 .text.USBD_GetString
                0x0000000008009994       0x9e Middlewares/ST/STM32_USB_Device_Library/Core/Src/usbd_ctlreq.o
                0x0000000008009994                USBD_GetString
 .text.USBD_GetLen
                0x0000000008009a32       0x3a Middlewares/ST/STM32_USB_Device_Library/Core/Src/usbd_ctlreq.o
 .text.USBD_CtlSendData
                0x0000000008009a6c       0x40 Middlewares/ST/STM32_USB_Device_Library/Core/Src/usbd_ioreq.o
                0x0000000008009a6c                USBD_CtlSendData
 .text.USBD_CtlContinueSendData
                0x0000000008009aac       0x26 Middlewares/ST/STM32_USB_Device_Library/Core/Src/usbd_ioreq.o
                0x0000000008009aac                USBD_CtlContinueSendData
 .text.USBD_CtlPrepareRx
                0x0000000008009ad2       0x48 Middlewares/ST/STM32_USB_Device_Library/Core/Src/usbd_ioreq.o
                0x0000000008009ad2                USBD_CtlPrepareRx
 .text.USBD_CtlContinueRx
                0x0000000008009b1a       0x26 Middlewares/ST/STM32_USB_Device_Library/Core/Src/usbd_ioreq.o
                0x0000000008009b1a                USBD_CtlContinueRx
 .text.USBD_CtlSendStatus
                0x0000000008009b40       0x28 Middlewares/ST/STM32_USB_Device_Library/Core/Src/usbd_ioreq.o
                0x0000000008009b40                USBD_CtlSendStatus
 .text.USBD_CtlReceiveStatus
                0x0000000008009b68       0x28 Middlewares/ST/STM32_USB_Device_Library/Core/Src/usbd_ioreq.o
                0x0000000008009b68                USBD_CtlReceiveStatus
 .text.MX_USB_DEVICE_Init
                0x0000000008009b90       0x68 USB_DEVICE/App/usb_device.o
                0x0000000008009b90                MX_USB_DEVICE_Init
 .text.CDC_Init_FS
                0x0000000008009bf8       0x30 USB_DEVICE/App/usbd_cdc_if.o
 .text.CDC_DeInit_FS
                0x0000000008009c28        0xc USB_DEVICE/App/usbd_cdc_if.o
 .text.CDC_Control_FS
                0x0000000008009c34       0x38 USB_DEVICE/App/usbd_cdc_if.o
 .text.CDC_Receive_FS
                0x0000000008009c6c       0x40 USB_DEVICE/App/usbd_cdc_if.o
 .text.CDC_Transmit_FS
                0x0000000008009cac       0x60 USB_DEVICE/App/usbd_cdc_if.o
                0x0000000008009cac                CDC_Transmit_FS
 .text.USBD_FS_DeviceDescriptor
                0x0000000008009d0c       0x24 USB_DEVICE/App/usbd_desc.o
                0x0000000008009d0c                USBD_FS_DeviceDescriptor
 .text.USBD_FS_LangIDStrDescriptor
                0x0000000008009d30       0x24 USB_DEVICE/App/usbd_desc.o
                0x0000000008009d30                USBD_FS_LangIDStrDescriptor
 .text.USBD_FS_ProductStrDescriptor
                0x0000000008009d54       0x44 USB_DEVICE/App/usbd_desc.o
                0x0000000008009d54                USBD_FS_ProductStrDescriptor
 .text.USBD_FS_ManufacturerStrDescriptor
                0x0000000008009d98       0x2c USB_DEVICE/App/usbd_desc.o
                0x0000000008009d98                USBD_FS_ManufacturerStrDescriptor
 .text.USBD_FS_SerialStrDescriptor
                0x0000000008009dc4       0x28 USB_DEVICE/App/usbd_desc.o
                0x0000000008009dc4                USBD_FS_SerialStrDescriptor
 .text.USBD_FS_ConfigStrDescriptor
                0x0000000008009dec       0x44 USB_DEVICE/App/usbd_desc.o
                0x0000000008009dec                USBD_FS_ConfigStrDescriptor
 .text.USBD_FS_InterfaceStrDescriptor
                0x0000000008009e30       0x44 USB_DEVICE/App/usbd_desc.o
                0x0000000008009e30                USBD_FS_InterfaceStrDescriptor
 .text.Get_SerialNum
                0x0000000008009e74       0x5c USB_DEVICE/App/usbd_desc.o
 .text.IntToUnicode
                0x0000000008009ed0       0x94 USB_DEVICE/App/usbd_desc.o
 .text.HAL_PCD_MspInit
                0x0000000008009f64       0x50 USB_DEVICE/Target/usbd_conf.o
                0x0000000008009f64                HAL_PCD_MspInit
 .text.HAL_PCD_SetupStageCallback
                0x0000000008009fb4       0x2a USB_DEVICE/Target/usbd_conf.o
                0x0000000008009fb4                HAL_PCD_SetupStageCallback
 .text.HAL_PCD_DataOutStageCallback
                0x0000000008009fde       0x42 USB_DEVICE/Target/usbd_conf.o
                0x0000000008009fde                HAL_PCD_DataOutStageCallback
 .text.HAL_PCD_DataInStageCallback
                0x000000000800a020       0x3c USB_DEVICE/Target/usbd_conf.o
                0x000000000800a020                HAL_PCD_DataInStageCallback
 .text.HAL_PCD_SOFCallback
                0x000000000800a05c       0x1e USB_DEVICE/Target/usbd_conf.o
                0x000000000800a05c                HAL_PCD_SOFCallback
 .text.HAL_PCD_ResetCallback
                0x000000000800a07a       0x48 USB_DEVICE/Target/usbd_conf.o
                0x000000000800a07a                HAL_PCD_ResetCallback
 *fill*         0x000000000800a0c2        0x2 
 .text.HAL_PCD_SuspendCallback
                0x000000000800a0c4       0x38 USB_DEVICE/Target/usbd_conf.o
                0x000000000800a0c4                HAL_PCD_SuspendCallback
 .text.HAL_PCD_ResumeCallback
                0x000000000800a0fc       0x3c USB_DEVICE/Target/usbd_conf.o
                0x000000000800a0fc                HAL_PCD_ResumeCallback
 .text.USBD_LL_Init
                0x000000000800a138       0xc8 USB_DEVICE/Target/usbd_conf.o
                0x000000000800a138                USBD_LL_Init
 .text.USBD_LL_Start
                0x000000000800a200       0x4c USB_DEVICE/Target/usbd_conf.o
                0x000000000800a200                USBD_LL_Start
 .text.USBD_LL_OpenEP
                0x000000000800a24c       0x6e USB_DEVICE/Target/usbd_conf.o
                0x000000000800a24c                USBD_LL_OpenEP
 .text.USBD_LL_CloseEP
                0x000000000800a2ba       0x58 USB_DEVICE/Target/usbd_conf.o
                0x000000000800a2ba                USBD_LL_CloseEP
 .text.USBD_LL_StallEP
                0x000000000800a312       0x58 USB_DEVICE/Target/usbd_conf.o
                0x000000000800a312                USBD_LL_StallEP
 .text.USBD_LL_ClearStallEP
                0x000000000800a36a       0x58 USB_DEVICE/Target/usbd_conf.o
                0x000000000800a36a                USBD_LL_ClearStallEP
 .text.USBD_LL_IsStallEP
                0x000000000800a3c2       0x62 USB_DEVICE/Target/usbd_conf.o
                0x000000000800a3c2                USBD_LL_IsStallEP
 .text.USBD_LL_SetUSBAddress
                0x000000000800a424       0x58 USB_DEVICE/Target/usbd_conf.o
                0x000000000800a424                USBD_LL_SetUSBAddress
 .text.USBD_LL_Transmit
                0x000000000800a47c       0x70 USB_DEVICE/Target/usbd_conf.o
                0x000000000800a47c                USBD_LL_Transmit
 .text.USBD_LL_PrepareReceive
                0x000000000800a4ec       0x70 USB_DEVICE/Target/usbd_conf.o
                0x000000000800a4ec                USBD_LL_PrepareReceive
 .text.USBD_LL_GetRxDataSize
                0x000000000800a55c       0x2c USB_DEVICE/Target/usbd_conf.o
                0x000000000800a55c                USBD_LL_GetRxDataSize
 .text.USBD_static_malloc
                0x000000000800a588       0x18 USB_DEVICE/Target/usbd_conf.o
                0x000000000800a588                USBD_static_malloc
 .text.USBD_static_free
                0x000000000800a5a0       0x10 USB_DEVICE/Target/usbd_conf.o
                0x000000000800a5a0                USBD_static_free
 .text.SystemClockConfig_Resume
                0x000000000800a5b0        0xe USB_DEVICE/Target/usbd_conf.o
 .text.USBD_Get_USB_Status
                0x000000000800a5be       0x6e USB_DEVICE/Target/usbd_conf.o
 .text.__libc_init_array
                0x000000000800a62c       0x48 d:/st/stm32cubeide_1.4.0/stm32cubeide/plugins/com.st.stm32cube.ide.mcu.externaltools.gnu-tools-for-stm32.7-2018-q2-update.win32_1.4.0.202007081208/tools/bin/../lib/gcc/arm-none-eabi/7.3.1/../../../../arm-none-eabi/lib/thumb/v6-m\libc_nano.a(lib_a-init.o)
                0x000000000800a62c                __libc_init_array
 .text.memset   0x000000000800a674       0x10 d:/st/stm32cubeide_1.4.0/stm32cubeide/plugins/com.st.stm32cube.ide.mcu.externaltools.gnu-tools-for-stm32.7-2018-q2-update.win32_1.4.0.202007081208/tools/bin/../lib/gcc/arm-none-eabi/7.3.1/../../../../arm-none-eabi/lib/thumb/v6-m\libc_nano.a(lib_a-memset.o)
                0x000000000800a674                memset
 *(.glue_7)
 .glue_7        0x000000000800a684        0x0 linker stubs
 *(.glue_7t)
 .glue_7t       0x000000000800a684        0x0 linker stubs
 *(.eh_frame)
 .eh_frame      0x000000000800a684        0x0 d:/st/stm32cubeide_1.4.0/stm32cubeide/plugins/com.st.stm32cube.ide.mcu.externaltools.gnu-tools-for-stm32.7-2018-q2-update.win32_1.4.0.202007081208/tools/bin/../lib/gcc/arm-none-eabi/7.3.1/thumb/v6-m/crtbegin.o
 *(.init)
 .init          0x000000000800a684        0x4 d:/st/stm32cubeide_1.4.0/stm32cubeide/plugins/com.st.stm32cube.ide.mcu.externaltools.gnu-tools-for-stm32.7-2018-q2-update.win32_1.4.0.202007081208/tools/bin/../lib/gcc/arm-none-eabi/7.3.1/thumb/v6-m/crti.o
                0x000000000800a684                _init
 .init          0x000000000800a688        0x8 d:/st/stm32cubeide_1.4.0/stm32cubeide/plugins/com.st.stm32cube.ide.mcu.externaltools.gnu-tools-for-stm32.7-2018-q2-update.win32_1.4.0.202007081208/tools/bin/../lib/gcc/arm-none-eabi/7.3.1/thumb/v6-m/crtn.o
 *(.fini)
 .fini          0x000000000800a690        0x4 d:/st/stm32cubeide_1.4.0/stm32cubeide/plugins/com.st.stm32cube.ide.mcu.externaltools.gnu-tools-for-stm32.7-2018-q2-update.win32_1.4.0.202007081208/tools/bin/../lib/gcc/arm-none-eabi/7.3.1/thumb/v6-m/crti.o
                0x000000000800a690                _fini
 .fini          0x000000000800a694        0x8 d:/st/stm32cubeide_1.4.0/stm32cubeide/plugins/com.st.stm32cube.ide.mcu.externaltools.gnu-tools-for-stm32.7-2018-q2-update.win32_1.4.0.202007081208/tools/bin/../lib/gcc/arm-none-eabi/7.3.1/thumb/v6-m/crtn.o
                0x000000000800a69c                . = ALIGN (0x4)
                0x000000000800a69c                _etext = .

.vfp11_veneer   0x000000000800a69c        0x0
 .vfp11_veneer  0x000000000800a69c        0x0 linker stubs

.v4_bx          0x000000000800a69c        0x0
 .v4_bx         0x000000000800a69c        0x0 linker stubs

.iplt           0x000000000800a69c        0x0
 .iplt          0x000000000800a69c        0x0 d:/st/stm32cubeide_1.4.0/stm32cubeide/plugins/com.st.stm32cube.ide.mcu.externaltools.gnu-tools-for-stm32.7-2018-q2-update.win32_1.4.0.202007081208/tools/bin/../lib/gcc/arm-none-eabi/7.3.1/thumb/v6-m/crtbegin.o

.rodata         0x000000000800a69c      0x21c
                0x000000000800a69c                . = ALIGN (0x4)
 *(.rodata)
 .rodata        0x000000000800a69c       0x20 Drivers/STM32F0xx_HAL_Driver/Src/stm32f0xx_hal_rcc.o
 .rodata        0x000000000800a6bc       0x46 USB_DEVICE/App/usbd_desc.o
 *(.rodata*)
 *fill*         0x000000000800a702        0x2 
 .rodata.usb_processFrame
                0x000000000800a704       0xb4 Core/Src/panda_usb_device.o
 .rodata.AHBPrescTable
                0x000000000800a7b8       0x10 Core/Src/system_stm32f0xx.o
                0x000000000800a7b8                AHBPrescTable
 .rodata.USBD_StdDevReq
                0x000000000800a7c8       0x28 Middlewares/ST/STM32_USB_Device_Library/Core/Src/usbd_ctlreq.o
 .rodata.USBD_GetDescriptor
                0x000000000800a7f0       0x38 Middlewares/ST/STM32_USB_Device_Library/Core/Src/usbd_ctlreq.o
 .rodata.CDC_Control_FS
                0x000000000800a828       0x90 USB_DEVICE/App/usbd_cdc_if.o
                0x000000000800a8b8                . = ALIGN (0x4)

.rel.dyn        0x000000000800a8b8        0x0
 .rel.iplt      0x000000000800a8b8        0x0 d:/st/stm32cubeide_1.4.0/stm32cubeide/plugins/com.st.stm32cube.ide.mcu.externaltools.gnu-tools-for-stm32.7-2018-q2-update.win32_1.4.0.202007081208/tools/bin/../lib/gcc/arm-none-eabi/7.3.1/thumb/v6-m/crtbegin.o

.ARM.extab      0x000000000800a8b8        0x0
                0x000000000800a8b8                . = ALIGN (0x4)
 *(.ARM.extab* .gnu.linkonce.armextab.*)
                0x000000000800a8b8                . = ALIGN (0x4)

.ARM            0x000000000800a8b8        0x0
                0x000000000800a8b8                . = ALIGN (0x4)
                0x000000000800a8b8                __exidx_start = .
 *(.ARM.exidx*)
                0x000000000800a8b8                __exidx_end = .
                0x000000000800a8b8                . = ALIGN (0x4)

.preinit_array  0x000000000800a8b8        0x0
                0x000000000800a8b8                . = ALIGN (0x4)
                0x000000000800a8b8                PROVIDE (__preinit_array_start = .)
 *(.preinit_array*)
                0x000000000800a8b8                PROVIDE (__preinit_array_end = .)
                0x000000000800a8b8                . = ALIGN (0x4)

.init_array     0x000000000800a8b8        0x4
                0x000000000800a8b8                . = ALIGN (0x4)
                0x000000000800a8b8                PROVIDE (__init_array_start = .)
 *(SORT_BY_NAME(.init_array.*))
 *(.init_array*)
 .init_array    0x000000000800a8b8        0x4 d:/st/stm32cubeide_1.4.0/stm32cubeide/plugins/com.st.stm32cube.ide.mcu.externaltools.gnu-tools-for-stm32.7-2018-q2-update.win32_1.4.0.202007081208/tools/bin/../lib/gcc/arm-none-eabi/7.3.1/thumb/v6-m/crtbegin.o
                0x000000000800a8bc                PROVIDE (__init_array_end = .)
                0x000000000800a8bc                . = ALIGN (0x4)

.fini_array     0x000000000800a8bc        0x4
                0x000000000800a8bc                . = ALIGN (0x4)
                [!provide]                        PROVIDE (__fini_array_start = .)
 *(SORT_BY_NAME(.fini_array.*))
 *(.fini_array*)
 .fini_array    0x000000000800a8bc        0x4 d:/st/stm32cubeide_1.4.0/stm32cubeide/plugins/com.st.stm32cube.ide.mcu.externaltools.gnu-tools-for-stm32.7-2018-q2-update.win32_1.4.0.202007081208/tools/bin/../lib/gcc/arm-none-eabi/7.3.1/thumb/v6-m/crtbegin.o
                [!provide]                        PROVIDE (__fini_array_end = .)
                0x000000000800a8c0                . = ALIGN (0x4)
                0x000000000800a8c0                _sidata = LOADADDR (.data)

.data           0x0000000020000000      0x180 load address 0x000000000800a8c0
                0x0000000020000000                . = ALIGN (0x4)
                0x0000000020000000                _sdata = .
 *(.data)
 *(.data*)
 .data.user_led_period
                0x0000000020000000        0x2 Core/Src/outputs.o
                0x0000000020000000                user_led_period
 .data.last_mode.6518
                0x0000000020000002        0x1 Core/Src/outputs.o
 *fill*         0x0000000020000003        0x1 
 .data.SystemCoreClock
                0x0000000020000004        0x4 Core/Src/system_stm32f0xx.o
                0x0000000020000004                SystemCoreClock
 .data.uwTickPrio
                0x0000000020000008        0x4 Drivers/STM32F0xx_HAL_Driver/Src/stm32f0xx_hal.o
                0x0000000020000008                uwTickPrio
 .data.uwTickFreq
                0x000000002000000c        0x1 Drivers/STM32F0xx_HAL_Driver/Src/stm32f0xx_hal.o
                0x000000002000000c                uwTickFreq
 *fill*         0x000000002000000d        0x3 
 .data.USBD_CDC_DeviceQualifierDesc
                0x0000000020000010        0xa Middlewares/ST/STM32_USB_Device_Library/Class/CDC/Src/usbd_cdc.o
 *fill*         0x000000002000001a        0x2 
 .data.USBD_CDC
                0x000000002000001c       0x38 Middlewares/ST/STM32_USB_Device_Library/Class/CDC/Src/usbd_cdc.o
                0x000000002000001c                USBD_CDC
 .data.USBD_CDC_CfgHSDesc
                0x0000000020000054       0x43 Middlewares/ST/STM32_USB_Device_Library/Class/CDC/Src/usbd_cdc.o
                0x0000000020000054                USBD_CDC_CfgHSDesc
 *fill*         0x0000000020000097        0x1 
 .data.USBD_CDC_CfgFSDesc
                0x0000000020000098       0x43 Middlewares/ST/STM32_USB_Device_Library/Class/CDC/Src/usbd_cdc.o
                0x0000000020000098                USBD_CDC_CfgFSDesc
 *fill*         0x00000000200000db        0x1 
 .data.USBD_CDC_OtherSpeedCfgDesc
                0x00000000200000dc       0x43 Middlewares/ST/STM32_USB_Device_Library/Class/CDC/Src/usbd_cdc.o
                0x00000000200000dc                USBD_CDC_OtherSpeedCfgDesc
 *fill*         0x000000002000011f        0x1 
 .data.USBD_Interface_fops_FS
                0x0000000020000120       0x10 USB_DEVICE/App/usbd_cdc_if.o
                0x0000000020000120                USBD_Interface_fops_FS
 .data.FS_Desc  0x0000000020000130       0x1c USB_DEVICE/App/usbd_desc.o
                0x0000000020000130                FS_Desc
 .data.USBD_FS_DeviceDesc
                0x000000002000014c       0x12 USB_DEVICE/App/usbd_desc.o
                0x000000002000014c                USBD_FS_DeviceDesc
 *fill*         0x000000002000015e        0x2 
 .data.USBD_LangIDDesc
                0x0000000020000160        0x4 USB_DEVICE/App/usbd_desc.o
                0x0000000020000160                USBD_LangIDDesc
 .data.USBD_StringSerial
                0x0000000020000164       0x1a USB_DEVICE/App/usbd_desc.o
                0x0000000020000164                USBD_StringSerial
                0x0000000020000180                . = ALIGN (0x4)
 *fill*         0x000000002000017e        0x2 
                0x0000000020000180                _edata = .

.igot.plt       0x0000000020000180        0x0 load address 0x000000000800aa40
 .igot.plt      0x0000000020000180        0x0 d:/st/stm32cubeide_1.4.0/stm32cubeide/plugins/com.st.stm32cube.ide.mcu.externaltools.gnu-tools-for-stm32.7-2018-q2-update.win32_1.4.0.202007081208/tools/bin/../lib/gcc/arm-none-eabi/7.3.1/thumb/v6-m/crtbegin.o
                0x0000000020000180                . = ALIGN (0x4)

.bss            0x0000000020000180     0x13cc load address 0x000000000800aa40
                0x0000000020000180                _sbss = .
                0x0000000020000180                __bss_start__ = _sbss
 *(.bss)
 .bss           0x0000000020000180       0x1c d:/st/stm32cubeide_1.4.0/stm32cubeide/plugins/com.st.stm32cube.ide.mcu.externaltools.gnu-tools-for-stm32.7-2018-q2-update.win32_1.4.0.202007081208/tools/bin/../lib/gcc/arm-none-eabi/7.3.1/thumb/v6-m/crtbegin.o
 *(.bss*)
 .bss.enc_pin_state
                0x000000002000019c        0x1 Core/Src/acquisition.o
                0x000000002000019c                enc_pin_state
 *fill*         0x000000002000019d        0x3 
 .bss.encoder_count
                0x00000000200001a0        0x4 Core/Src/acquisition.o
                0x00000000200001a0                encoder_count
 .bss.encoder_mode
                0x00000000200001a4        0x1 Core/Src/acquisition.o
                0x00000000200001a4                encoder_mode
 *fill*         0x00000000200001a5        0x3 
 .bss.encoder_pwm_duty
                0x00000000200001a8        0x4 Core/Src/acquisition.o
                0x00000000200001a8                encoder_pwm_duty
 .bss.pwm_rising_edge.6530
                0x00000000200001ac        0x4 Core/Src/acquisition.o
 .bss.pwm_period.6532
                0x00000000200001b0        0x4 Core/Src/acquisition.o
 .bss.pwm_duty_period.6531
                0x00000000200001b4        0x4 Core/Src/acquisition.o
 .bss.status_led
                0x00000000200001b8        0x1 Core/Src/outputs.o
                0x00000000200001b8                status_led
 .bss.user_led  0x00000000200001b9        0x1 Core/Src/outputs.o
                0x00000000200001b9                user_led
 .bss.userOut1  0x00000000200001ba        0x1 Core/Src/outputs.o
                0x00000000200001ba                userOut1
 .bss.userOut2  0x00000000200001bb        0x1 Core/Src/outputs.o
                0x00000000200001bb                userOut2
 .bss.last_toogle_time.6532
                0x00000000200001bc        0x4 Core/Src/outputs.o
 .bss.response.8500
                0x00000000200001c0       0x10 Core/Src/panda_usb_device.o
 .bss.rx_frame.8533
                0x00000000200001d0       0x10 Core/Src/panda_usb_device.o
 .bss.cfgidx.8459
                0x00000000200001e0        0x1 Middlewares/ST/STM32_USB_Device_Library/Core/Src/usbd_ctlreq.o
 *fill*         0x00000000200001e1        0x3 
 .bss.mem.8528  0x00000000200001e4      0x220 USB_DEVICE/Target/usbd_conf.o
 *(COMMON)
 COMMON         0x0000000020000404       0x10 Core/Src/acquisition.o
                0x0000000020000404                pwm_timer
                0x0000000020000408                adc_dma_arr
 COMMON         0x0000000020000414      0x1ac Core/Src/main.o
                0x0000000020000414                usb_Q
                0x0000000020000458                hspi1
                0x00000000200004bc                htim2
                0x00000000200004fc                htim14
                0x000000002000053c                hdma_adc
                0x0000000020000580                hadc
 COMMON         0x00000000200005c0        0x4 Drivers/STM32F0xx_HAL_Driver/Src/stm32f0xx_hal.o
                0x00000000200005c0                uwTick
 COMMON         0x00000000200005c4      0x2c4 USB_DEVICE/App/usb_device.o
                0x00000000200005c4                hUsbDeviceFS
 COMMON         0x0000000020000888      0x7d0 USB_DEVICE/App/usbd_cdc_if.o
                0x0000000020000888                UserRxBufferFS
                0x0000000020000c70                UserTxBufferFS
 COMMON         0x0000000020001058      0x200 USB_DEVICE/App/usbd_desc.o
                0x0000000020001058                USBD_StrDesc
 COMMON         0x0000000020001258      0x2f4 USB_DEVICE/Target/usbd_conf.o
                0x0000000020001258                hpcd_USB_FS
                0x000000002000154c                . = ALIGN (0x4)
                0x000000002000154c                _ebss = .
                0x000000002000154c                __bss_end__ = _ebss

._user_heap_stack
                0x000000002000154c      0x604 load address 0x000000000800aa40
                0x0000000020001550                . = ALIGN (0x8)
 *fill*         0x000000002000154c        0x4 
                [!provide]                        PROVIDE (end = .)
                0x0000000020001550                PROVIDE (_end = .)
                0x0000000020001750                . = (. + _Min_Heap_Size)
 *fill*         0x0000000020001550      0x200 
                0x0000000020001b50                . = (. + _Min_Stack_Size)
 *fill*         0x0000000020001750      0x400 
                0x0000000020001b50                . = ALIGN (0x8)

/DISCARD/
 libc.a(*)
 libm.a(*)
 libgcc.a(*)

.ARM.attributes
                0x0000000000000000       0x28
 *(.ARM.attributes)
 .ARM.attributes
                0x0000000000000000       0x1e d:/st/stm32cubeide_1.4.0/stm32cubeide/plugins/com.st.stm32cube.ide.mcu.externaltools.gnu-tools-for-stm32.7-2018-q2-update.win32_1.4.0.202007081208/tools/bin/../lib/gcc/arm-none-eabi/7.3.1/thumb/v6-m/crti.o
 .ARM.attributes
                0x000000000000001e       0x2c d:/st/stm32cubeide_1.4.0/stm32cubeide/plugins/com.st.stm32cube.ide.mcu.externaltools.gnu-tools-for-stm32.7-2018-q2-update.win32_1.4.0.202007081208/tools/bin/../lib/gcc/arm-none-eabi/7.3.1/thumb/v6-m/crtbegin.o
 .ARM.attributes
                0x000000000000004a       0x31 Core/Src/acquisition.o
 .ARM.attributes
                0x000000000000007b       0x31 Core/Src/main.o
 .ARM.attributes
                0x00000000000000ac       0x31 Core/Src/outputs.o
 .ARM.attributes
                0x00000000000000dd       0x31 Core/Src/panda_usb_device.o
 .ARM.attributes
                0x000000000000010e       0x31 Core/Src/stm32f0xx_hal_msp.o
 .ARM.attributes
                0x000000000000013f       0x31 Core/Src/stm32f0xx_it.o
 .ARM.attributes
                0x0000000000000170       0x31 Core/Src/system_stm32f0xx.o
 .ARM.attributes
                0x00000000000001a1       0x31 Core/Src/utils.o
 .ARM.attributes
                0x00000000000001d2       0x21 Core/Startup/startup_stm32f072rbtx.o
 .ARM.attributes
                0x00000000000001f3       0x31 Drivers/STM32F0xx_HAL_Driver/Src/stm32f0xx_hal.o
 .ARM.attributes
                0x0000000000000224       0x31 Drivers/STM32F0xx_HAL_Driver/Src/stm32f0xx_hal_adc.o
 .ARM.attributes
                0x0000000000000255       0x31 Drivers/STM32F0xx_HAL_Driver/Src/stm32f0xx_hal_cortex.o
 .ARM.attributes
                0x0000000000000286       0x31 Drivers/STM32F0xx_HAL_Driver/Src/stm32f0xx_hal_dma.o
 .ARM.attributes
                0x00000000000002b7       0x31 Drivers/STM32F0xx_HAL_Driver/Src/stm32f0xx_hal_gpio.o
 .ARM.attributes
                0x00000000000002e8       0x31 Drivers/STM32F0xx_HAL_Driver/Src/stm32f0xx_hal_pcd.o
 .ARM.attributes
                0x0000000000000319       0x31 Drivers/STM32F0xx_HAL_Driver/Src/stm32f0xx_hal_pcd_ex.o
 .ARM.attributes
                0x000000000000034a       0x31 Drivers/STM32F0xx_HAL_Driver/Src/stm32f0xx_hal_rcc.o
 .ARM.attributes
                0x000000000000037b       0x31 Drivers/STM32F0xx_HAL_Driver/Src/stm32f0xx_hal_rcc_ex.o
 .ARM.attributes
                0x00000000000003ac       0x31 Drivers/STM32F0xx_HAL_Driver/Src/stm32f0xx_hal_spi.o
 .ARM.attributes
                0x00000000000003dd       0x31 Drivers/STM32F0xx_HAL_Driver/Src/stm32f0xx_hal_tim.o
 .ARM.attributes
                0x000000000000040e       0x31 Drivers/STM32F0xx_HAL_Driver/Src/stm32f0xx_hal_tim_ex.o
 .ARM.attributes
                0x000000000000043f       0x31 Drivers/STM32F0xx_HAL_Driver/Src/stm32f0xx_ll_usb.o
 .ARM.attributes
                0x0000000000000470       0x31 Middlewares/ST/STM32_USB_Device_Library/Class/CDC/Src/usbd_cdc.o
 .ARM.attributes
                0x00000000000004a1       0x31 Middlewares/ST/STM32_USB_Device_Library/Core/Src/usbd_core.o
 .ARM.attributes
                0x00000000000004d2       0x31 Middlewares/ST/STM32_USB_Device_Library/Core/Src/usbd_ctlreq.o
 .ARM.attributes
                0x0000000000000503       0x31 Middlewares/ST/STM32_USB_Device_Library/Core/Src/usbd_ioreq.o
 .ARM.attributes
                0x0000000000000534       0x31 USB_DEVICE/App/usb_device.o
 .ARM.attributes
                0x0000000000000565       0x31 USB_DEVICE/App/usbd_cdc_if.o
 .ARM.attributes
                0x0000000000000596       0x31 USB_DEVICE/App/usbd_desc.o
 .ARM.attributes
                0x00000000000005c7       0x31 USB_DEVICE/Target/usbd_conf.o
 .ARM.attributes
                0x00000000000005f8       0x2c d:/st/stm32cubeide_1.4.0/stm32cubeide/plugins/com.st.stm32cube.ide.mcu.externaltools.gnu-tools-for-stm32.7-2018-q2-update.win32_1.4.0.202007081208/tools/bin/../lib/gcc/arm-none-eabi/7.3.1/../../../../arm-none-eabi/lib/thumb/v6-m\libc_nano.a(lib_a-init.o)
 .ARM.attributes
                0x0000000000000624       0x2c d:/st/stm32cubeide_1.4.0/stm32cubeide/plugins/com.st.stm32cube.ide.mcu.externaltools.gnu-tools-for-stm32.7-2018-q2-update.win32_1.4.0.202007081208/tools/bin/../lib/gcc/arm-none-eabi/7.3.1/../../../../arm-none-eabi/lib/thumb/v6-m\libc_nano.a(lib_a-memset.o)
 .ARM.attributes
                0x0000000000000650       0x1e d:/st/stm32cubeide_1.4.0/stm32cubeide/plugins/com.st.stm32cube.ide.mcu.externaltools.gnu-tools-for-stm32.7-2018-q2-update.win32_1.4.0.202007081208/tools/bin/../lib/gcc/arm-none-eabi/7.3.1/thumb/v6-m\libgcc.a(_udivsi3.o)
 .ARM.attributes
                0x000000000000066e       0x1e d:/st/stm32cubeide_1.4.0/stm32cubeide/plugins/com.st.stm32cube.ide.mcu.externaltools.gnu-tools-for-stm32.7-2018-q2-update.win32_1.4.0.202007081208/tools/bin/../lib/gcc/arm-none-eabi/7.3.1/thumb/v6-m\libgcc.a(_divsi3.o)
 .ARM.attributes
                0x000000000000068c       0x1e d:/st/stm32cubeide_1.4.0/stm32cubeide/plugins/com.st.stm32cube.ide.mcu.externaltools.gnu-tools-for-stm32.7-2018-q2-update.win32_1.4.0.202007081208/tools/bin/../lib/gcc/arm-none-eabi/7.3.1/thumb/v6-m\libgcc.a(_dvmd_tls.o)
 .ARM.attributes
                0x00000000000006aa       0x1e d:/st/stm32cubeide_1.4.0/stm32cubeide/plugins/com.st.stm32cube.ide.mcu.externaltools.gnu-tools-for-stm32.7-2018-q2-update.win32_1.4.0.202007081208/tools/bin/../lib/gcc/arm-none-eabi/7.3.1/thumb/v6-m/crtn.o
OUTPUT(Disco.elf elf32-littlearm)

.debug_info     0x0000000000000000    0x1a4dd
 .debug_info    0x0000000000000000      0xa94 Core/Src/acquisition.o
 .debug_info    0x0000000000000a94     0x1a44 Core/Src/main.o
 .debug_info    0x00000000000024d8      0x8a3 Core/Src/outputs.o
 .debug_info    0x0000000000002d7b     0x110b Core/Src/panda_usb_device.o
 .debug_info    0x0000000000003e86      0xf5d Core/Src/stm32f0xx_hal_msp.o
 .debug_info    0x0000000000004de3      0xb23 Core/Src/stm32f0xx_it.o
 .debug_info    0x0000000000005906      0x29e Core/Src/system_stm32f0xx.o
 .debug_info    0x0000000000005ba4      0x2d4 Core/Src/utils.o
 .debug_info    0x0000000000005e78       0x22 Core/Startup/startup_stm32f072rbtx.o
 .debug_info    0x0000000000005e9a      0x6c0 Drivers/STM32F0xx_HAL_Driver/Src/stm32f0xx_hal.o
 .debug_info    0x000000000000655a      0xca9 Drivers/STM32F0xx_HAL_Driver/Src/stm32f0xx_hal_adc.o
 .debug_info    0x0000000000007203      0x78c Drivers/STM32F0xx_HAL_Driver/Src/stm32f0xx_hal_cortex.o
 .debug_info    0x000000000000798f      0x7a9 Drivers/STM32F0xx_HAL_Driver/Src/stm32f0xx_hal_dma.o
 .debug_info    0x0000000000008138      0x689 Drivers/STM32F0xx_HAL_Driver/Src/stm32f0xx_hal_gpio.o
 .debug_info    0x00000000000087c1     0x119e Drivers/STM32F0xx_HAL_Driver/Src/stm32f0xx_hal_pcd.o
 .debug_info    0x000000000000995f      0x897 Drivers/STM32F0xx_HAL_Driver/Src/stm32f0xx_hal_pcd_ex.o
 .debug_info    0x000000000000a1f6      0x82d Drivers/STM32F0xx_HAL_Driver/Src/stm32f0xx_hal_rcc.o
 .debug_info    0x000000000000aa23      0x677 Drivers/STM32F0xx_HAL_Driver/Src/stm32f0xx_hal_rcc_ex.o
 .debug_info    0x000000000000b09a     0x1603 Drivers/STM32F0xx_HAL_Driver/Src/stm32f0xx_hal_spi.o
 .debug_info    0x000000000000c69d     0x252c Drivers/STM32F0xx_HAL_Driver/Src/stm32f0xx_hal_tim.o
 .debug_info    0x000000000000ebc9     0x10f0 Drivers/STM32F0xx_HAL_Driver/Src/stm32f0xx_hal_tim_ex.o
 .debug_info    0x000000000000fcb9     0x162d Drivers/STM32F0xx_HAL_Driver/Src/stm32f0xx_ll_usb.o
 .debug_info    0x00000000000112e6     0x17d3 Middlewares/ST/STM32_USB_Device_Library/Class/CDC/Src/usbd_cdc.o
 .debug_info    0x0000000000012ab9     0x11ae Middlewares/ST/STM32_USB_Device_Library/Core/Src/usbd_core.o
 .debug_info    0x0000000000013c67     0x111e Middlewares/ST/STM32_USB_Device_Library/Core/Src/usbd_ctlreq.o
 .debug_info    0x0000000000014d85      0xf0f Middlewares/ST/STM32_USB_Device_Library/Core/Src/usbd_ioreq.o
 .debug_info    0x0000000000015c94      0xe57 USB_DEVICE/App/usb_device.o
 .debug_info    0x0000000000016aeb     0x106b USB_DEVICE/App/usbd_cdc_if.o
 .debug_info    0x0000000000017b56      0xcf3 USB_DEVICE/App/usbd_desc.o
 .debug_info    0x0000000000018849     0x1c94 USB_DEVICE/Target/usbd_conf.o

.debug_abbrev   0x0000000000000000     0x3d82
 .debug_abbrev  0x0000000000000000      0x20d Core/Src/acquisition.o
 .debug_abbrev  0x000000000000020d      0x2c1 Core/Src/main.o
 .debug_abbrev  0x00000000000004ce      0x20b Core/Src/outputs.o
 .debug_abbrev  0x00000000000006d9      0x2a3 Core/Src/panda_usb_device.o
 .debug_abbrev  0x000000000000097c      0x1de Core/Src/stm32f0xx_hal_msp.o
 .debug_abbrev  0x0000000000000b5a      0x185 Core/Src/stm32f0xx_it.o
 .debug_abbrev  0x0000000000000cdf      0x12b Core/Src/system_stm32f0xx.o
 .debug_abbrev  0x0000000000000e0a      0x13c Core/Src/utils.o
 .debug_abbrev  0x0000000000000f46       0x12 Core/Startup/startup_stm32f072rbtx.o
 .debug_abbrev  0x0000000000000f58      0x1c7 Drivers/STM32F0xx_HAL_Driver/Src/stm32f0xx_hal.o
 .debug_abbrev  0x000000000000111f      0x207 Drivers/STM32F0xx_HAL_Driver/Src/stm32f0xx_hal_adc.o
 .debug_abbrev  0x0000000000001326      0x273 Drivers/STM32F0xx_HAL_Driver/Src/stm32f0xx_hal_cortex.o
 .debug_abbrev  0x0000000000001599      0x216 Drivers/STM32F0xx_HAL_Driver/Src/stm32f0xx_hal_dma.o
 .debug_abbrev  0x00000000000017af      0x1c0 Drivers/STM32F0xx_HAL_Driver/Src/stm32f0xx_hal_gpio.o
 .debug_abbrev  0x000000000000196f      0x268 Drivers/STM32F0xx_HAL_Driver/Src/stm32f0xx_hal_pcd.o
 .debug_abbrev  0x0000000000001bd7      0x1eb Drivers/STM32F0xx_HAL_Driver/Src/stm32f0xx_hal_pcd_ex.o
 .debug_abbrev  0x0000000000001dc2      0x20f Drivers/STM32F0xx_HAL_Driver/Src/stm32f0xx_hal_rcc.o
 .debug_abbrev  0x0000000000001fd1      0x1a7 Drivers/STM32F0xx_HAL_Driver/Src/stm32f0xx_hal_rcc_ex.o
 .debug_abbrev  0x0000000000002178      0x228 Drivers/STM32F0xx_HAL_Driver/Src/stm32f0xx_hal_spi.o
 .debug_abbrev  0x00000000000023a0      0x230 Drivers/STM32F0xx_HAL_Driver/Src/stm32f0xx_hal_tim.o
 .debug_abbrev  0x00000000000025d0      0x21e Drivers/STM32F0xx_HAL_Driver/Src/stm32f0xx_hal_tim_ex.o
 .debug_abbrev  0x00000000000027ee      0x22a Drivers/STM32F0xx_HAL_Driver/Src/stm32f0xx_ll_usb.o
 .debug_abbrev  0x0000000000002a18      0x2b6 Middlewares/ST/STM32_USB_Device_Library/Class/CDC/Src/usbd_cdc.o
 .debug_abbrev  0x0000000000002cce      0x270 Middlewares/ST/STM32_USB_Device_Library/Core/Src/usbd_core.o
 .debug_abbrev  0x0000000000002f3e      0x2a0 Middlewares/ST/STM32_USB_Device_Library/Core/Src/usbd_ctlreq.o
 .debug_abbrev  0x00000000000031de      0x1e0 Middlewares/ST/STM32_USB_Device_Library/Core/Src/usbd_ioreq.o
 .debug_abbrev  0x00000000000033be      0x1be USB_DEVICE/App/usb_device.o
 .debug_abbrev  0x000000000000357c      0x285 USB_DEVICE/App/usbd_cdc_if.o
 .debug_abbrev  0x0000000000003801      0x290 USB_DEVICE/App/usbd_desc.o
 .debug_abbrev  0x0000000000003a91      0x2f1 USB_DEVICE/Target/usbd_conf.o

.debug_aranges  0x0000000000000000     0x1468
 .debug_aranges
                0x0000000000000000       0x60 Core/Src/acquisition.o
 .debug_aranges
                0x0000000000000060       0x70 Core/Src/main.o
 .debug_aranges
                0x00000000000000d0       0x80 Core/Src/outputs.o
 .debug_aranges
                0x0000000000000150       0x68 Core/Src/panda_usb_device.o
 .debug_aranges
                0x00000000000001b8       0x50 Core/Src/stm32f0xx_hal_msp.o
 .debug_aranges
                0x0000000000000208       0x60 Core/Src/stm32f0xx_it.o
 .debug_aranges
                0x0000000000000268       0x28 Core/Src/system_stm32f0xx.o
 .debug_aranges
                0x0000000000000290       0x40 Core/Src/utils.o
 .debug_aranges
                0x00000000000002d0       0x28 Core/Startup/startup_stm32f072rbtx.o
 .debug_aranges
                0x00000000000002f8       0xd0 Drivers/STM32F0xx_HAL_Driver/Src/stm32f0xx_hal.o
 .debug_aranges
                0x00000000000003c8       0xf8 Drivers/STM32F0xx_HAL_Driver/Src/stm32f0xx_hal_adc.o
 .debug_aranges
                0x00000000000004c0       0xc0 Drivers/STM32F0xx_HAL_Driver/Src/stm32f0xx_hal_cortex.o
 .debug_aranges
                0x0000000000000580       0x88 Drivers/STM32F0xx_HAL_Driver/Src/stm32f0xx_hal_dma.o
 .debug_aranges
                0x0000000000000608       0x58 Drivers/STM32F0xx_HAL_Driver/Src/stm32f0xx_hal_gpio.o
 .debug_aranges
                0x0000000000000660      0x130 Drivers/STM32F0xx_HAL_Driver/Src/stm32f0xx_hal_pcd.o
 .debug_aranges
                0x0000000000000790       0x58 Drivers/STM32F0xx_HAL_Driver/Src/stm32f0xx_hal_pcd_ex.o
 .debug_aranges
                0x00000000000007e8       0x80 Drivers/STM32F0xx_HAL_Driver/Src/stm32f0xx_hal_rcc.o
 .debug_aranges
                0x0000000000000868       0x78 Drivers/STM32F0xx_HAL_Driver/Src/stm32f0xx_hal_rcc_ex.o
 .debug_aranges
                0x00000000000008e0      0x1d8 Drivers/STM32F0xx_HAL_Driver/Src/stm32f0xx_hal_spi.o
 .debug_aranges
                0x0000000000000ab8      0x3b8 Drivers/STM32F0xx_HAL_Driver/Src/stm32f0xx_hal_tim.o
 .debug_aranges
                0x0000000000000e70      0x150 Drivers/STM32F0xx_HAL_Driver/Src/stm32f0xx_hal_tim_ex.o
 .debug_aranges
                0x0000000000000fc0       0xb0 Drivers/STM32F0xx_HAL_Driver/Src/stm32f0xx_ll_usb.o
 .debug_aranges
                0x0000000000001070       0x90 Middlewares/ST/STM32_USB_Device_Library/Class/CDC/Src/usbd_cdc.o
 .debug_aranges
                0x0000000000001100       0xb8 Middlewares/ST/STM32_USB_Device_Library/Core/Src/usbd_core.o
 .debug_aranges
                0x00000000000011b8       0x88 Middlewares/ST/STM32_USB_Device_Library/Core/Src/usbd_ctlreq.o
 .debug_aranges
                0x0000000000001240       0x50 Middlewares/ST/STM32_USB_Device_Library/Core/Src/usbd_ioreq.o
 .debug_aranges
                0x0000000000001290       0x20 USB_DEVICE/App/usb_device.o
 .debug_aranges
                0x00000000000012b0       0x40 USB_DEVICE/App/usbd_cdc_if.o
 .debug_aranges
                0x00000000000012f0       0x60 USB_DEVICE/App/usbd_desc.o
 .debug_aranges
                0x0000000000001350      0x118 USB_DEVICE/Target/usbd_conf.o

.debug_ranges   0x0000000000000000     0x12a8
 .debug_ranges  0x0000000000000000       0x68 Core/Src/acquisition.o
 .debug_ranges  0x0000000000000068       0x60 Core/Src/main.o
 .debug_ranges  0x00000000000000c8       0x70 Core/Src/outputs.o
 .debug_ranges  0x0000000000000138       0x58 Core/Src/panda_usb_device.o
 .debug_ranges  0x0000000000000190       0x40 Core/Src/stm32f0xx_hal_msp.o
 .debug_ranges  0x00000000000001d0       0x50 Core/Src/stm32f0xx_it.o
 .debug_ranges  0x0000000000000220       0x18 Core/Src/system_stm32f0xx.o
 .debug_ranges  0x0000000000000238       0x30 Core/Src/utils.o
 .debug_ranges  0x0000000000000268       0x20 Core/Startup/startup_stm32f072rbtx.o
 .debug_ranges  0x0000000000000288       0xc0 Drivers/STM32F0xx_HAL_Driver/Src/stm32f0xx_hal.o
 .debug_ranges  0x0000000000000348       0xe8 Drivers/STM32F0xx_HAL_Driver/Src/stm32f0xx_hal_adc.o
 .debug_ranges  0x0000000000000430       0xb0 Drivers/STM32F0xx_HAL_Driver/Src/stm32f0xx_hal_cortex.o
 .debug_ranges  0x00000000000004e0       0x78 Drivers/STM32F0xx_HAL_Driver/Src/stm32f0xx_hal_dma.o
 .debug_ranges  0x0000000000000558       0x48 Drivers/STM32F0xx_HAL_Driver/Src/stm32f0xx_hal_gpio.o
 .debug_ranges  0x00000000000005a0      0x120 Drivers/STM32F0xx_HAL_Driver/Src/stm32f0xx_hal_pcd.o
 .debug_ranges  0x00000000000006c0       0x48 Drivers/STM32F0xx_HAL_Driver/Src/stm32f0xx_hal_pcd_ex.o
 .debug_ranges  0x0000000000000708       0x70 Drivers/STM32F0xx_HAL_Driver/Src/stm32f0xx_hal_rcc.o
 .debug_ranges  0x0000000000000778       0x68 Drivers/STM32F0xx_HAL_Driver/Src/stm32f0xx_hal_rcc_ex.o
 .debug_ranges  0x00000000000007e0      0x1c8 Drivers/STM32F0xx_HAL_Driver/Src/stm32f0xx_hal_spi.o
 .debug_ranges  0x00000000000009a8      0x3a8 Drivers/STM32F0xx_HAL_Driver/Src/stm32f0xx_hal_tim.o
 .debug_ranges  0x0000000000000d50      0x140 Drivers/STM32F0xx_HAL_Driver/Src/stm32f0xx_hal_tim_ex.o
 .debug_ranges  0x0000000000000e90       0xa0 Drivers/STM32F0xx_HAL_Driver/Src/stm32f0xx_ll_usb.o
 .debug_ranges  0x0000000000000f30       0x80 Middlewares/ST/STM32_USB_Device_Library/Class/CDC/Src/usbd_cdc.o
 .debug_ranges  0x0000000000000fb0       0xa8 Middlewares/ST/STM32_USB_Device_Library/Core/Src/usbd_core.o
 .debug_ranges  0x0000000000001058       0x78 Middlewares/ST/STM32_USB_Device_Library/Core/Src/usbd_ctlreq.o
 .debug_ranges  0x00000000000010d0       0x40 Middlewares/ST/STM32_USB_Device_Library/Core/Src/usbd_ioreq.o
 .debug_ranges  0x0000000000001110       0x10 USB_DEVICE/App/usb_device.o
 .debug_ranges  0x0000000000001120       0x30 USB_DEVICE/App/usbd_cdc_if.o
 .debug_ranges  0x0000000000001150       0x50 USB_DEVICE/App/usbd_desc.o
 .debug_ranges  0x00000000000011a0      0x108 USB_DEVICE/Target/usbd_conf.o

.debug_macro    0x0000000000000000    0x1aa90
 .debug_macro   0x0000000000000000      0x21e Core/Src/acquisition.o
 .debug_macro   0x000000000000021e      0xa48 Core/Src/acquisition.o
 .debug_macro   0x0000000000000c66      0x13f Core/Src/acquisition.o
 .debug_macro   0x0000000000000da5       0x2e Core/Src/acquisition.o
 .debug_macro   0x0000000000000dd3       0x22 Core/Src/acquisition.o
 .debug_macro   0x0000000000000df5       0x22 Core/Src/acquisition.o
 .debug_macro   0x0000000000000e17       0x8e Core/Src/acquisition.o
 .debug_macro   0x0000000000000ea5       0x51 Core/Src/acquisition.o
 .debug_macro   0x0000000000000ef6       0xef Core/Src/acquisition.o
 .debug_macro   0x0000000000000fe5       0x6a Core/Src/acquisition.o
 .debug_macro   0x000000000000104f      0x1df Core/Src/acquisition.o
 .debug_macro   0x000000000000122e       0x1c Core/Src/acquisition.o
 .debug_macro   0x000000000000124a       0x22 Core/Src/acquisition.o
 .debug_macro   0x000000000000126c       0xb5 Core/Src/acquisition.o
 .debug_macro   0x0000000000001321      0x391 Core/Src/acquisition.o
 .debug_macro   0x00000000000016b2     0xfe50 Core/Src/acquisition.o
 .debug_macro   0x0000000000011502       0x3c Core/Src/acquisition.o
 .debug_macro   0x000000000001153e      0x174 Core/Src/acquisition.o
 .debug_macro   0x00000000000116b2       0x54 Core/Src/acquisition.o
 .debug_macro   0x0000000000011706      0x946 Core/Src/acquisition.o
 .debug_macro   0x000000000001204c      0x5f3 Core/Src/acquisition.o
 .debug_macro   0x000000000001263f      0x12f Core/Src/acquisition.o
 .debug_macro   0x000000000001276e      0x1a7 Core/Src/acquisition.o
 .debug_macro   0x0000000000012915      0x1a7 Core/Src/acquisition.o
 .debug_macro   0x0000000000012abc      0x22c Core/Src/acquisition.o
 .debug_macro   0x0000000000012ce8       0x34 Core/Src/acquisition.o
 .debug_macro   0x0000000000012d1c       0x43 Core/Src/acquisition.o
 .debug_macro   0x0000000000012d5f       0x28 Core/Src/acquisition.o
 .debug_macro   0x0000000000012d87      0x33d Core/Src/acquisition.o
 .debug_macro   0x00000000000130c4       0xd4 Core/Src/acquisition.o
 .debug_macro   0x0000000000013198       0xb0 Core/Src/acquisition.o
 .debug_macro   0x0000000000013248      0x217 Core/Src/acquisition.o
 .debug_macro   0x000000000001345f      0x22c Core/Src/acquisition.o
 .debug_macro   0x000000000001368b       0x60 Core/Src/acquisition.o
 .debug_macro   0x00000000000136eb       0xa5 Core/Src/acquisition.o
 .debug_macro   0x0000000000013790       0x65 Core/Src/acquisition.o
 .debug_macro   0x00000000000137f5      0x234 Core/Src/acquisition.o
 .debug_macro   0x0000000000013a29       0x4c Core/Src/acquisition.o
 .debug_macro   0x0000000000013a75      0x16d Core/Src/acquisition.o
 .debug_macro   0x0000000000013be2      0x305 Core/Src/acquisition.o
 .debug_macro   0x0000000000013ee7      0x8ae Core/Src/acquisition.o
 .debug_macro   0x0000000000014795       0x28 Core/Src/acquisition.o
 .debug_macro   0x00000000000147bd      0x130 Core/Src/acquisition.o
 .debug_macro   0x00000000000148ed       0xd6 Core/Src/acquisition.o
 .debug_macro   0x00000000000149c3       0x10 Core/Src/acquisition.o
 .debug_macro   0x00000000000149d3      0x409 Core/Src/main.o
 .debug_macro   0x0000000000014ddc       0x46 Core/Src/main.o
 .debug_macro   0x0000000000014e22       0x18 Core/Src/main.o
 .debug_macro   0x0000000000014e3a       0x3c Core/Src/main.o
 .debug_macro   0x0000000000014e76       0x34 Core/Src/main.o
 .debug_macro   0x0000000000014eaa       0x16 Core/Src/main.o
 .debug_macro   0x0000000000014ec0       0x35 Core/Src/main.o
 .debug_macro   0x0000000000014ef5      0x32a Core/Src/main.o
 .debug_macro   0x000000000001521f       0x10 Core/Src/main.o
 .debug_macro   0x000000000001522f       0x52 Core/Src/main.o
 .debug_macro   0x0000000000015281       0x1f Core/Src/main.o
 .debug_macro   0x00000000000152a0       0x43 Core/Src/main.o
 .debug_macro   0x00000000000152e3       0x20 Core/Src/main.o
 .debug_macro   0x0000000000015303      0x1a3 Core/Src/main.o
 .debug_macro   0x00000000000154a6       0x10 Core/Src/main.o
 .debug_macro   0x00000000000154b6       0x1c Core/Src/main.o
 .debug_macro   0x00000000000154d2       0x52 Core/Src/main.o
 .debug_macro   0x0000000000015524       0x40 Core/Src/main.o
 .debug_macro   0x0000000000015564       0x10 Core/Src/main.o
 .debug_macro   0x0000000000015574       0x40 Core/Src/main.o
 .debug_macro   0x00000000000155b4       0xd7 Core/Src/main.o
 .debug_macro   0x000000000001568b       0x1c Core/Src/main.o
 .debug_macro   0x00000000000156a7       0x3d Core/Src/main.o
 .debug_macro   0x00000000000156e4       0x16 Core/Src/main.o
 .debug_macro   0x00000000000156fa      0x145 Core/Src/main.o
 .debug_macro   0x000000000001583f       0x16 Core/Src/main.o
 .debug_macro   0x0000000000015855       0x16 Core/Src/main.o
 .debug_macro   0x000000000001586b       0x29 Core/Src/main.o
 .debug_macro   0x0000000000015894       0x16 Core/Src/main.o
 .debug_macro   0x00000000000158aa       0x20 Core/Src/main.o
 .debug_macro   0x00000000000158ca       0x5f Core/Src/main.o
 .debug_macro   0x0000000000015929      0x1c8 Core/Src/main.o
 .debug_macro   0x0000000000015af1       0x16 Core/Src/main.o
 .debug_macro   0x0000000000015b07      0x251 Core/Src/outputs.o
 .debug_macro   0x0000000000015d58      0x449 Core/Src/panda_usb_device.o
 .debug_macro   0x00000000000161a1       0x8f Core/Src/panda_usb_device.o
 .debug_macro   0x0000000000016230       0x10 Core/Src/panda_usb_device.o
 .debug_macro   0x0000000000016240       0x16 Core/Src/panda_usb_device.o
 .debug_macro   0x0000000000016256      0x201 Core/Src/stm32f0xx_hal_msp.o
 .debug_macro   0x0000000000016457      0x219 Core/Src/stm32f0xx_it.o
 .debug_macro   0x0000000000016670      0x1f2 Core/Src/system_stm32f0xx.o
 .debug_macro   0x0000000000016862      0x20b Core/Src/utils.o
 .debug_macro   0x0000000000016a6d      0x216 Drivers/STM32F0xx_HAL_Driver/Src/stm32f0xx_hal.o
 .debug_macro   0x0000000000016c83      0x216 Drivers/STM32F0xx_HAL_Driver/Src/stm32f0xx_hal_adc.o
 .debug_macro   0x0000000000016e99      0x1f2 Drivers/STM32F0xx_HAL_Driver/Src/stm32f0xx_hal_cortex.o
 .debug_macro   0x000000000001708b      0x1f2 Drivers/STM32F0xx_HAL_Driver/Src/stm32f0xx_hal_dma.o
 .debug_macro   0x000000000001727d      0x22a Drivers/STM32F0xx_HAL_Driver/Src/stm32f0xx_hal_gpio.o
 .debug_macro   0x00000000000174a7      0x1fe Drivers/STM32F0xx_HAL_Driver/Src/stm32f0xx_hal_pcd.o
 .debug_macro   0x00000000000176a5      0x1f2 Drivers/STM32F0xx_HAL_Driver/Src/stm32f0xx_hal_pcd_ex.o
 .debug_macro   0x0000000000017897      0x204 Drivers/STM32F0xx_HAL_Driver/Src/stm32f0xx_hal_rcc.o
 .debug_macro   0x0000000000017a9b      0x204 Drivers/STM32F0xx_HAL_Driver/Src/stm32f0xx_hal_rcc_ex.o
 .debug_macro   0x0000000000017c9f      0x1fa Drivers/STM32F0xx_HAL_Driver/Src/stm32f0xx_hal_spi.o
 .debug_macro   0x0000000000017e99      0x1f3 Drivers/STM32F0xx_HAL_Driver/Src/stm32f0xx_hal_tim.o
 .debug_macro   0x000000000001808c      0x1f2 Drivers/STM32F0xx_HAL_Driver/Src/stm32f0xx_hal_tim_ex.o
 .debug_macro   0x000000000001827e      0x1f2 Drivers/STM32F0xx_HAL_Driver/Src/stm32f0xx_ll_usb.o
 .debug_macro   0x0000000000018470      0x40e Middlewares/ST/STM32_USB_Device_Library/Class/CDC/Src/usbd_cdc.o
 .debug_macro   0x000000000001887e       0x97 Middlewares/ST/STM32_USB_Device_Library/Class/CDC/Src/usbd_cdc.o
 .debug_macro   0x0000000000018915       0xfd Middlewares/ST/STM32_USB_Device_Library/Class/CDC/Src/usbd_cdc.o
 .debug_macro   0x0000000000018a12       0xaf Middlewares/ST/STM32_USB_Device_Library/Class/CDC/Src/usbd_cdc.o
 .debug_macro   0x0000000000018ac1       0x4e Middlewares/ST/STM32_USB_Device_Library/Class/CDC/Src/usbd_cdc.o
 .debug_macro   0x0000000000018b0f      0x3f5 Middlewares/ST/STM32_USB_Device_Library/Core/Src/usbd_core.o
 .debug_macro   0x0000000000018f04      0x1ce Middlewares/ST/STM32_USB_Device_Library/Core/Src/usbd_core.o
 .debug_macro   0x00000000000190d2      0x3ff Middlewares/ST/STM32_USB_Device_Library/Core/Src/usbd_ctlreq.o
 .debug_macro   0x00000000000194d1      0x3fb Middlewares/ST/STM32_USB_Device_Library/Core/Src/usbd_ioreq.o
 .debug_macro   0x00000000000198cc      0x42e USB_DEVICE/App/usb_device.o
 .debug_macro   0x0000000000019cfa       0xdc USB_DEVICE/App/usb_device.o
 .debug_macro   0x0000000000019dd6       0x22 USB_DEVICE/App/usb_device.o
 .debug_macro   0x0000000000019df8       0x16 USB_DEVICE/App/usb_device.o
 .debug_macro   0x0000000000019e0e      0x422 USB_DEVICE/App/usbd_cdc_if.o
 .debug_macro   0x000000000001a230      0x432 USB_DEVICE/App/usbd_desc.o
 .debug_macro   0x000000000001a662       0x1c USB_DEVICE/App/usbd_desc.o
 .debug_macro   0x000000000001a67e      0x412 USB_DEVICE/Target/usbd_conf.o

.debug_line     0x0000000000000000    0x13f0b
 .debug_line    0x0000000000000000      0x7ef Core/Src/acquisition.o
 .debug_line    0x00000000000007ef      0xb33 Core/Src/main.o
 .debug_line    0x0000000000001322      0x819 Core/Src/outputs.o
 .debug_line    0x0000000000001b3b      0xbeb Core/Src/panda_usb_device.o
 .debug_line    0x0000000000002726      0x7b9 Core/Src/stm32f0xx_hal_msp.o
 .debug_line    0x0000000000002edf      0x7bd Core/Src/stm32f0xx_it.o
 .debug_line    0x000000000000369c      0x735 Core/Src/system_stm32f0xx.o
 .debug_line    0x0000000000003dd1      0x757 Core/Src/utils.o
 .debug_line    0x0000000000004528       0x89 Core/Startup/startup_stm32f072rbtx.o
 .debug_line    0x00000000000045b1      0x8c8 Drivers/STM32F0xx_HAL_Driver/Src/stm32f0xx_hal.o
 .debug_line    0x0000000000004e79      0xca5 Drivers/STM32F0xx_HAL_Driver/Src/stm32f0xx_hal_adc.o
 .debug_line    0x0000000000005b1e      0x8e0 Drivers/STM32F0xx_HAL_Driver/Src/stm32f0xx_hal_cortex.o
 .debug_line    0x00000000000063fe      0x926 Drivers/STM32F0xx_HAL_Driver/Src/stm32f0xx_hal_dma.o
 .debug_line    0x0000000000006d24      0x8a0 Drivers/STM32F0xx_HAL_Driver/Src/stm32f0xx_hal_gpio.o
 .debug_line    0x00000000000075c4      0xcec Drivers/STM32F0xx_HAL_Driver/Src/stm32f0xx_hal_pcd.o
 .debug_line    0x00000000000082b0      0x7d9 Drivers/STM32F0xx_HAL_Driver/Src/stm32f0xx_hal_pcd_ex.o
 .debug_line    0x0000000000008a89      0x9b5 Drivers/STM32F0xx_HAL_Driver/Src/stm32f0xx_hal_rcc.o
 .debug_line    0x000000000000943e      0x961 Drivers/STM32F0xx_HAL_Driver/Src/stm32f0xx_hal_rcc_ex.o
 .debug_line    0x0000000000009d9f     0x119d Drivers/STM32F0xx_HAL_Driver/Src/stm32f0xx_hal_spi.o
 .debug_line    0x000000000000af3c     0x1afa Drivers/STM32F0xx_HAL_Driver/Src/stm32f0xx_hal_tim.o
 .debug_line    0x000000000000ca36      0xd14 Drivers/STM32F0xx_HAL_Driver/Src/stm32f0xx_hal_tim_ex.o
 .debug_line    0x000000000000d74a      0xce4 Drivers/STM32F0xx_HAL_Driver/Src/stm32f0xx_ll_usb.o
 .debug_line    0x000000000000e42e      0xbc9 Middlewares/ST/STM32_USB_Device_Library/Class/CDC/Src/usbd_cdc.o
 .debug_line    0x000000000000eff7      0xc04 Middlewares/ST/STM32_USB_Device_Library/Core/Src/usbd_core.o
 .debug_line    0x000000000000fbfb      0xc8b Middlewares/ST/STM32_USB_Device_Library/Core/Src/usbd_ctlreq.o
 .debug_line    0x0000000000010886      0xa6d Middlewares/ST/STM32_USB_Device_Library/Core/Src/usbd_ioreq.o
 .debug_line    0x00000000000112f3      0xa4f USB_DEVICE/App/usb_device.o
 .debug_line    0x0000000000011d42      0xa97 USB_DEVICE/App/usbd_cdc_if.o
 .debug_line    0x00000000000127d9      0xaa1 USB_DEVICE/App/usbd_desc.o
 .debug_line    0x000000000001327a      0xc91 USB_DEVICE/Target/usbd_conf.o

.debug_str      0x0000000000000000    0x85c5f
 .debug_str     0x0000000000000000    0x7bcfa Core/Src/acquisition.o
                                      0x7bf53 (size before relaxing)
 .debug_str     0x000000000007bcfa     0x52ab Core/Src/main.o
                                      0x81252 (size before relaxing)
 .debug_str     0x0000000000080fa5      0x213 Core/Src/outputs.o
                                      0x7be5d (size before relaxing)
 .debug_str     0x00000000000811b8      0x7c7 Core/Src/panda_usb_device.o
                                      0x80d15 (size before relaxing)
 .debug_str     0x000000000008197f       0xab Core/Src/stm32f0xx_hal_msp.o
                                      0x7c2f2 (size before relaxing)
 .debug_str     0x0000000000081a2a      0x39e Core/Src/stm32f0xx_it.o
                                      0x7c01f (size before relaxing)
 .debug_str     0x0000000000081dc8       0x5f Core/Src/system_stm32f0xx.o
                                      0x7b5a0 (size before relaxing)
 .debug_str     0x0000000000081e27       0x44 Core/Src/utils.o
                                      0x7b8c6 (size before relaxing)
 .debug_str     0x0000000000081e6b       0x36 Core/Startup/startup_stm32f072rbtx.o