acquisition.c:27:10:getAnalogRead	16	static
acquisition.c:31:6:setEncoderCount	24	static
acquisition.c:36:6:setEncoderMode	16	static
acquisition.c:39:9:getEncoderMode	8	static
acquisition.c:43:10:getEncoderCount	8	static
acquisition.c:47:6:encoderController	24	static
acquisition.c:99:10:getEncoderDuty	8	static
acquisition.c:103:9:getUserIn	16	static
acquisition.c:115:6:setOffset	16	static
acquisition.c:119:10:getOffset	8	static
acquisition.c:123:6:acquisitionInit	24	static
acquisition.c:142:6:sendToFilter	8	static
acquisition.c:146:10:getFromFilter	8	static
acquisition.c:153:9:measureGain	24	static
acquisition.c:174:6:calibrateGain	16	static
acquisition.c:187:9:getGainCalibrated	8	static
acquisition.c:191:9:getRgStep	8	static
acquisition.c:194:9:getRgWiper	8	static
acquisition.c:199:10:calcGain	24	static
acquisition.c:205:6:setGain	24	static
acquisition.c:214:10:getActiveGain	8	static
acquisition.c:219:9:autoOffset	16	static
