main.c:105:5:main	16	static
main.c:220:6:SystemClock_Config	112	static
main.c:267:13:MX_ADC_Init	24	static
main.c:333:13:MX_CAN_Init	8	static
main.c:369:13:MX_CRC_Init	8	static
main.c:402:13:MX_DAC_Init	16	static
main.c:440:13:MX_I2C1_Init	8	static
main.c:486:13:MX_SPI1_Init	8	static
main.c:526:13:MX_TIM2_Init	32	static
main.c:571:13:MX_TIM14_Init	8	static
main.c:602:13:MX_USART1_UART_Init	8	static
main.c:637:13:MX_DMA_Init	16	static
main.c:655:13:MX_GPIO_Init	48	static
main.c:717:6:HAL_GPIO_EXTI_Callback	16	static
main.c:723:6:HAL_ADC_ConvCpltCallback	16	static
main.c:727:10:calcCRC	16	static
main.c:739:6:can_filterConfig	8	static
main.c:751:6:can_msgConfig	8	static
main.c:758:6:HAL_CAN_RxFifo0MsgPendingCallback	16	static
main.c:767:6:Error_Handler	8	static
