main.c:106:5:main	16	static
main.c:215:6:SystemClock_Config	112	static
main.c:262:13:MX_ADC_Init	24	static
main.c:328:13:MX_CAN_Init	8	static
main.c:364:13:MX_CRC_Init	8	static
main.c:397:13:MX_DAC_Init	16	static
main.c:435:13:MX_I2C1_Init	8	static
main.c:481:13:MX_SPI1_Init	8	static
main.c:521:13:MX_TIM2_Init	32	static
main.c:566:13:MX_TIM14_Init	8	static
main.c:597:13:MX_USART1_UART_Init	8	static
main.c:632:13:MX_DMA_Init	16	static
main.c:650:13:MX_GPIO_Init	48	static
main.c:712:6:HAL_GPIO_EXTI_Callback	16	static
main.c:718:6:HAL_ADC_ConvCpltCallback	16	static
main.c:722:10:calcCRC	16	static
main.c:734:6:can_filterConfig	8	static
main.c:746:6:can_msgConfig	8	static
main.c:753:6:HAL_CAN_RxFifo0MsgPendingCallback	16	static
main.c:762:6:Error_Handler	8	static
