panda_usb_device.c:17:9:getVBus	8	static
panda_usb_device.c:21:6:setUsbActive	16	static
panda_usb_device.c:31:9:getUsbActive	8	static
panda_usb_device.c:34:6:usb_queueInit	24	static
panda_usb_device.c:42:6:usb_init	8	static
panda_usb_device.c:52:6:usb_addToQueue	40	static
panda_usb_device.c:72:9:usb_queuedData	16	static
panda_usb_device.c:81:9:usb_peekQueue	24	static
panda_usb_device.c:93:9:usb_GetByteFromQueue	24	static
panda_usb_device.c:109:9:usb_queueDiscard	24	static
panda_usb_device.c:124:9:usb_processFrame	40	static
panda_usb_device.c:335:9:usb_getQueuedCommand	32	static
panda_usb_device.c:354:6:usbController	8	static
