stm32f0xx_it.c:77:6:NMI_Handler	8	static
stm32f0xx_it.c:90:6:HardFault_Handler	8	static
stm32f0xx_it.c:105:6:SVC_Handler	8	static
stm32f0xx_it.c:118:6:PendSV_Handler	8	static
stm32f0xx_it.c:131:6:SysTick_Handler	8	static
stm32f0xx_it.c:152:6:EXTI4_15_IRQHandler	8	static
stm32f0xx_it.c:167:6:DMA1_Channel1_IRQHandler	8	static
stm32f0xx_it.c:181:6:TIM14_IRQHandler	8	static
stm32f0xx_it.c:196:6:I2C1_IRQHandler	8	static
stm32f0xx_it.c:214:6:USART1_IRQHandler	8	static
stm32f0xx_it.c:228:6:CEC_CAN_IRQHandler	8	static
stm32f0xx_it.c:241:6:USB_IRQHandler	8	static
