Archive member included to satisfy reference by file (symbol)

d:/st/stm32cubeide_1.4.0/stm32cubeide/plugins/com.st.stm32cube.ide.mcu.externaltools.gnu-tools-for-stm32.7-2018-q2-update.win32_1.4.0.202007081208/tools/bin/../lib/gcc/arm-none-eabi/7.3.1/../../../../arm-none-eabi/lib/thumb/v6-m\libc_nano.a(lib_a-errno.o)
                              Core/Src/syscalls.o (__errno)
d:/st/stm32cubeide_1.4.0/stm32cubeide/plugins/com.st.stm32cube.ide.mcu.externaltools.gnu-tools-for-stm32.7-2018-q2-update.win32_1.4.0.202007081208/tools/bin/../lib/gcc/arm-none-eabi/7.3.1/../../../../arm-none-eabi/lib/thumb/v6-m\libc_nano.a(lib_a-exit.o)
                              d:/st/stm32cubeide_1.4.0/stm32cubeide/plugins/com.st.stm32cube.ide.mcu.externaltools.gnu-tools-for-stm32.7-2018-q2-update.win32_1.4.0.202007081208/tools/bin/../lib/gcc/arm-none-eabi/7.3.1/../../../../arm-none-eabi/lib/thumb/v6-m/crt0.o (exit)
d:/st/stm32cubeide_1.4.0/stm32cubeide/plugins/com.st.stm32cube.ide.mcu.externaltools.gnu-tools-for-stm32.7-2018-q2-update.win32_1.4.0.202007081208/tools/bin/../lib/gcc/arm-none-eabi/7.3.1/../../../../arm-none-eabi/lib/thumb/v6-m\libc_nano.a(lib_a-impure.o)
                              d:/st/stm32cubeide_1.4.0/stm32cubeide/plugins/com.st.stm32cube.ide.mcu.externaltools.gnu-tools-for-stm32.7-2018-q2-update.win32_1.4.0.202007081208/tools/bin/../lib/gcc/arm-none-eabi/7.3.1/../../../../arm-none-eabi/lib/thumb/v6-m\libc_nano.a(lib_a-exit.o) (_global_impure_ptr)
d:/st/stm32cubeide_1.4.0/stm32cubeide/plugins/com.st.stm32cube.ide.mcu.externaltools.gnu-tools-for-stm32.7-2018-q2-update.win32_1.4.0.202007081208/tools/bin/../lib/gcc/arm-none-eabi/7.3.1/../../../../arm-none-eabi/lib/thumb/v6-m\libc_nano.a(lib_a-init.o)
                              d:/st/stm32cubeide_1.4.0/stm32cubeide/plugins/com.st.stm32cube.ide.mcu.externaltools.gnu-tools-for-stm32.7-2018-q2-update.win32_1.4.0.202007081208/tools/bin/../lib/gcc/arm-none-eabi/7.3.1/../../../../arm-none-eabi/lib/thumb/v6-m/crt0.o (__libc_init_array)
d:/st/stm32cubeide_1.4.0/stm32cubeide/plugins/com.st.stm32cube.ide.mcu.externaltools.gnu-tools-for-stm32.7-2018-q2-update.win32_1.4.0.202007081208/tools/bin/../lib/gcc/arm-none-eabi/7.3.1/../../../../arm-none-eabi/lib/thumb/v6-m\libc_nano.a(lib_a-memset.o)
                              d:/st/stm32cubeide_1.4.0/stm32cubeide/plugins/com.st.stm32cube.ide.mcu.externaltools.gnu-tools-for-stm32.7-2018-q2-update.win32_1.4.0.202007081208/tools/bin/../lib/gcc/arm-none-eabi/7.3.1/../../../../arm-none-eabi/lib/thumb/v6-m/crt0.o (memset)
d:/st/stm32cubeide_1.4.0/stm32cubeide/plugins/com.st.stm32cube.ide.mcu.externaltools.gnu-tools-for-stm32.7-2018-q2-update.win32_1.4.0.202007081208/tools/bin/../lib/gcc/arm-none-eabi/7.3.1/thumb/v6-m\libgcc.a(_udivsi3.o)
                              Core/Src/acquisition.o (__aeabi_uidiv)
d:/st/stm32cubeide_1.4.0/stm32cubeide/plugins/com.st.stm32cube.ide.mcu.externaltools.gnu-tools-for-stm32.7-2018-q2-update.win32_1.4.0.202007081208/tools/bin/../lib/gcc/arm-none-eabi/7.3.1/thumb/v6-m\libgcc.a(_divsi3.o)
                              Core/Src/acquisition.o (__aeabi_idiv)
d:/st/stm32cubeide_1.4.0/stm32cubeide/plugins/com.st.stm32cube.ide.mcu.externaltools.gnu-tools-for-stm32.7-2018-q2-update.win32_1.4.0.202007081208/tools/bin/../lib/gcc/arm-none-eabi/7.3.1/thumb/v6-m\libgcc.a(_dvmd_tls.o)
                              d:/st/stm32cubeide_1.4.0/stm32cubeide/plugins/com.st.stm32cube.ide.mcu.externaltools.gnu-tools-for-stm32.7-2018-q2-update.win32_1.4.0.202007081208/tools/bin/../lib/gcc/arm-none-eabi/7.3.1/thumb/v6-m\libgcc.a(_udivsi3.o) (__aeabi_idiv0)

Allocating common symbols
Common symbol       size              file

i2c_req_n           0x1               Core/Src/panda_i2c.o
amp_filter          0x102             Core/Src/acquisition.o
hUsbDeviceFS        0x2c4             USB_DEVICE/App/usb_device.o
dac_handler         0x4               Core/Src/acquisition.o
i2cRXBuf            0x8               Core/Src/panda_i2c.o
hi2c1               0x4c              Core/Src/main.o
hcrc                0x24              Core/Src/main.o
canTxMsg            0x18              Core/Src/main.o
huart               0x4               Core/Src/panda_serial_device.o
hcan                0x28              Core/Src/main.o
canFilterConfig     0x28              Core/Src/main.o
uwTick              0x4               Drivers/STM32F0xx_HAL_Driver/Src/stm32f0xx_hal.o
i2cTXBuf            0x8               Core/Src/panda_i2c.o
pFlash              0x20              Drivers/STM32F0xx_HAL_Driver/Src/stm32f0xx_hal_flash.o
aux                 0x4               Core/Src/main.o
UserRxBufferFS      0x3e8             USB_DEVICE/App/usbd_cdc_if.o
last_digipot_data   0x1               Core/Src/spi_devices.o
usb_Q               0x43              Core/Src/main.o
huart1              0x80              Core/Src/main.o
UserTxBufferFS      0x3e8             USB_DEVICE/App/usbd_cdc_if.o
hdac                0x14              Core/Src/main.o
[...]
Memory Configuration

Name             Origin             Length             Attributes
RAM              0x0000000020000000 0x0000000000004000 xrw
FLASH            0x0000000008000000 0x0000000000010000 xr
*default*        0x0000000000000000 0xffffffffffffffff

Linker script and memory map

LOAD d:/st/stm32cubeide_1.4.0/stm32cubeide/plugins/com.st.stm32cube.ide.mcu.externaltools.gnu-tools-for-stm32.7-2018-q2-update.win32_1.4.0.202007081208/tools/bin/../lib/gcc/arm-none-eabi/7.3.1/thumb/v6-m/crti.o
LOAD d:/st/stm32cubeide_1.4.0/stm32cubeide/plugins/com.st.stm32cube.ide.mcu.externaltools.gnu-tools-for-stm32.7-2018-q2-update.win32_1.4.0.202007081208/tools/bin/../lib/gcc/arm-none-eabi/7.3.1/thumb/v6-m/crtbegin.o
LOAD d:/st/stm32cubeide_1.4.0/stm32cubeide/plugins/com.st.stm32cube.ide.mcu.externaltools.gnu-tools-for-stm32.7-2018-q2-update.win32_1.4.0.202007081208/tools/bin/../lib/gcc/arm-none-eabi/7.3.1/../../../../arm-none-eabi/lib/thumb/v6-m/crt0.o
LOAD Core/Src/FIRFilter.o
LOAD Core/Src/acquisition.o
LOAD Core/Src/main.o
LOAD Core/Src/outputs.o
LOAD Core/Src/panda_can.o
LOAD Core/Src/panda_i2c.o
LOAD Core/Src/panda_modbus.o
LOAD Core/Src/panda_serial_device.o
LOAD Core/Src/panda_usb_device.o
LOAD Core/Src/panda_utils.o
LOAD Core/Src/spi_devices.o
LOAD Core/Src/stm32f0xx_hal_msp.o
LOAD Core/Src/stm32f0xx_it.o
LOAD Core/Src/syscalls.o
LOAD Core/Src/sysmem.o
LOAD Core/Src/system_stm32f0xx.o
LOAD Core/Startup/startup_stm32f072c8ux.o
LOAD Drivers/STM32F0xx_HAL_Driver/Src/stm32f0xx_hal.o
LOAD Drivers/STM32F0xx_HAL_Driver/Src/stm32f0xx_hal_adc.o
LOAD Drivers/STM32F0xx_HAL_Driver/Src/stm32f0xx_hal_adc_ex.o
LOAD Drivers/STM32F0xx_HAL_Driver/Src/stm32f0xx_hal_can.o
LOAD Drivers/STM32F0xx_HAL_Driver/Src/stm32f0xx_hal_cortex.o
LOAD Drivers/STM32F0xx_HAL_Driver/Src/stm32f0xx_hal_crc.o
LOAD Drivers/STM32F0xx_HAL_Driver/Src/stm32f0xx_hal_crc_ex.o
LOAD Drivers/STM32F0xx_HAL_Driver/Src/stm32f0xx_hal_dac.o
LOAD Drivers/STM32F0xx_HAL_Driver/Src/stm32f0xx_hal_dac_ex.o
LOAD Drivers/STM32F0xx_HAL_Driver/Src/stm32f0xx_hal_dma.o
LOAD Drivers/STM32F0xx_HAL_Driver/Src/stm32f0xx_hal_exti.o
LOAD Drivers/STM32F0xx_HAL_Driver/Src/stm32f0xx_hal_flash.o
LOAD Drivers/STM32F0xx_HAL_Driver/Src/stm32f0xx_hal_flash_ex.o
LOAD Drivers/STM32F0xx_HAL_Driver/Src/stm32f0xx_hal_gpio.o
LOAD Drivers/STM32F0xx_HAL_Driver/Src/stm32f0xx_hal_i2c.o
LOAD Drivers/STM32F0xx_HAL_Driver/Src/stm32f0xx_hal_i2c_ex.o
LOAD Drivers/STM32F0xx_HAL_Driver/Src/stm32f0xx_hal_pcd.o
LOAD Drivers/STM32F0xx_HAL_Driver/Src/stm32f0xx_hal_pcd_ex.o
LOAD Drivers/STM32F0xx_HAL_Driver/Src/stm32f0xx_hal_pwr.o
LOAD Drivers/STM32F0xx_HAL_Driver/Src/stm32f0xx_hal_pwr_ex.o
LOAD Drivers/STM32F0xx_HAL_Driver/Src/stm32f0xx_hal_rcc.o
LOAD Drivers/STM32F0xx_HAL_Driver/Src/stm32f0xx_hal_rcc_ex.o
LOAD Drivers/STM32F0xx_HAL_Driver/Src/stm32f0xx_hal_spi.o
LOAD Drivers/STM32F0xx_HAL_Driver/Src/stm32f0xx_hal_spi_ex.o
LOAD Drivers/STM32F0xx_HAL_Driver/Src/stm32f0xx_hal_tim.o
LOAD Drivers/STM32F0xx_HAL_Driver/Src/stm32f0xx_hal_tim_ex.o
LOAD Drivers/STM32F0xx_HAL_Driver/Src/stm32f0xx_hal_uart.o
LOAD Drivers/STM32F0xx_HAL_Driver/Src/stm32f0xx_hal_uart_ex.o
LOAD Drivers/STM32F0xx_HAL_Driver/Src/stm32f0xx_ll_usb.o
LOAD Middlewares/ST/STM32_USB_Device_Library/Class/CDC/Src/usbd_cdc.o
LOAD Middlewares/ST/STM32_USB_Device_Library/Core/Src/usbd_core.o
LOAD Middlewares/ST/STM32_USB_Device_Library/Core/Src/usbd_ctlreq.o
LOAD Middlewares/ST/STM32_USB_Device_Library/Core/Src/usbd_ioreq.o
LOAD USB_DEVICE/App/usb_device.o
LOAD USB_DEVICE/App/usbd_cdc_if.o
LOAD USB_DEVICE/App/usbd_desc.o
LOAD USB_DEVICE/Target/usbd_conf.o
START GROUP
LOAD d:/st/stm32cubeide_1.4.0/stm32cubeide/plugins/com.st.stm32cube.ide.mcu.externaltools.gnu-tools-for-stm32.7-2018-q2-update.win32_1.4.0.202007081208/tools/bin/../lib/gcc/arm-none-eabi/7.3.1/../../../../arm-none-eabi/lib/thumb/v6-m\libc_nano.a
LOAD d:/st/stm32cubeide_1.4.0/stm32cubeide/plugins/com.st.stm32cube.ide.mcu.externaltools.gnu-tools-for-stm32.7-2018-q2-update.win32_1.4.0.202007081208/tools/bin/../lib/gcc/arm-none-eabi/7.3.1/../../../../arm-none-eabi/lib/thumb/v6-m\libm.a
END GROUP
START GROUP
LOAD d:/st/stm32cubeide_1.4.0/stm32cubeide/plugins/com.st.stm32cube.ide.mcu.externaltools.gnu-tools-for-stm32.7-2018-q2-update.win32_1.4.0.202007081208/tools/bin/../lib/gcc/arm-none-eabi/7.3.1/thumb/v6-m\libgcc.a
LOAD d:/st/stm32cubeide_1.4.0/stm32cubeide/plugins/com.st.stm32cube.ide.mcu.externaltools.gnu-tools-for-stm32.7-2018-q2-update.win32_1.4.0.202007081208/tools/bin/../lib/gcc/arm-none-eabi/7.3.1/../../../../arm-none-eabi/lib/thumb/v6-m\libc_nano.a
END GROUP
START GROUP
LOAD d:/st/stm32cubeide_1.4.0/stm32cubeide/plugins/com.st.stm32cube.ide.mcu.externaltools.gnu-tools-for-stm32.7-2018-q2-update.win32_1.4.0.202007081208/tools/bin/../lib/gcc/arm-none-eabi/7.3.1/thumb/v6-m\libgcc.a
LOAD d:/st/stm32cubeide_1.4.0/stm32cubeide/plugins/com.st.stm32cube.ide.mcu.externaltools.gnu-tools-for-stm32.7-2018-q2-update.win32_1.4.0.202007081208/tools/bin/../lib/gcc/arm-none-eabi/7.3.1/../../../../arm-none-eabi/lib/thumb/v6-m\libc_nano.a
LOAD d:/st/stm32cubeide_1.4.0/stm32cubeide/plugins/com.st.stm32cube.ide.mcu.externaltools.gnu-tools-for-stm32.7-2018-q2-update.win32_1.4.0.202007081208/tools/bin/../lib/gcc/arm-none-eabi/7.3.1/../../../../arm-none-eabi/lib/thumb/v6-m\libnosys.a
END GROUP
START GROUP
LOAD d:/st/stm32cubeide_1.4.0/stm32cubeide/plugins/com.st.stm32cube.ide.mcu.externaltools.gnu-tools-for-stm32.7-2018-q2-update.win32_1.4.0.202007081208/tools/bin/../lib/gcc/arm-none-eabi/7.3.1/thumb/v6-m\libgcc.a
LOAD d:/st/stm32cubeide_1.4.0/stm32cubeide/plugins/com.st.stm32cube.ide.mcu.externaltools.gnu-tools-for-stm32.7-2018-q2-update.win32_1.4.0.202007081208/tools/bin/../lib/gcc/arm-none-eabi/7.3.1/../../../../arm-none-eabi/lib/thumb/v6-m\libc_nano.a
LOAD d:/st/stm32cubeide_1.4.0/stm32cubeide/plugins/com.st.stm32cube.ide.mcu.externaltools.gnu-tools-for-stm32.7-2018-q2-update.win32_1.4.0.202007081208/tools/bin/../lib/gcc/arm-none-eabi/7.3.1/../../../../arm-none-eabi/lib/thumb/v6-m\libnosys.a
END GROUP
LOAD d:/st/stm32cubeide_1.4.0/stm32cubeide/plugins/com.st.stm32cube.ide.mcu.externaltools.gnu-tools-for-stm32.7-2018-q2-update.win32_1.4.0.202007081208/tools/bin/../lib/gcc/arm-none-eabi/7.3.1/thumb/v6-m/crtend.o
LOAD d:/st/stm32cubeide_1.4.0/stm32cubeide/plugins/com.st.stm32cube.ide.mcu.externaltools.gnu-tools-for-stm32.7-2018-q2-update.win32_1.4.0.202007081208/tools/bin/../lib/gcc/arm-none-eabi/7.3.1/thumb/v6-m/crtn.o
                0x0000000020004000                _estack = (ORIGIN (RAM) + LENGTH (RAM))
                0x0000000000000200                _Min_Heap_Size = 0x200
                0x0000000000000400                _Min_Stack_Size = 0x400

.isr_vector     0x0000000008000000       0xc0
                0x0000000008000000                . = ALIGN (0x4)
 *(.isr_vector)
 .isr_vector    0x0000000008000000       0xc0 Core/Startup/startup_stm32f072c8ux.o
                0x0000000008000000                g_pfnVectors
                0x00000000080000c0                . = ALIGN (0x4)

.text           0x00000000080000c0     0xf2e4
                0x00000000080000c0                . = ALIGN (0x4)
 *(.text)
 .text          0x00000000080000c0       0x48 d:/st/stm32cubeide_1.4.0/stm32cubeide/plugins/com.st.stm32cube.ide.mcu.externaltools.gnu-tools-for-stm32.7-2018-q2-update.win32_1.4.0.202007081208/tools/bin/../lib/gcc/arm-none-eabi/7.3.1/thumb/v6-m/crtbegin.o
 .text          0x0000000008000108      0x114 d:/st/stm32cubeide_1.4.0/stm32cubeide/plugins/com.st.stm32cube.ide.mcu.externaltools.gnu-tools-for-stm32.7-2018-q2-update.win32_1.4.0.202007081208/tools/bin/../lib/gcc/arm-none-eabi/7.3.1/thumb/v6-m\libgcc.a(_udivsi3.o)
                0x0000000008000108                __aeabi_uidiv
                0x0000000008000108                __udivsi3
                0x0000000008000214                __aeabi_uidivmod
 .text          0x000000000800021c      0x1d4 d:/st/stm32cubeide_1.4.0/stm32cubeide/plugins/com.st.stm32cube.ide.mcu.externaltools.gnu-tools-for-stm32.7-2018-q2-update.win32_1.4.0.202007081208/tools/bin/../lib/gcc/arm-none-eabi/7.3.1/thumb/v6-m\libgcc.a(_divsi3.o)
                0x000000000800021c                __divsi3
                0x000000000800021c                __aeabi_idiv
                0x00000000080003e8                __aeabi_idivmod
 .text          0x00000000080003f0        0x4 d:/st/stm32cubeide_1.4.0/stm32cubeide/plugins/com.st.stm32cube.ide.mcu.externaltools.gnu-tools-for-stm32.7-2018-q2-update.win32_1.4.0.202007081208/tools/bin/../lib/gcc/arm-none-eabi/7.3.1/thumb/v6-m\libgcc.a(_dvmd_tls.o)
                0x00000000080003f0                __aeabi_idiv0
                0x00000000080003f0                __aeabi_ldiv0
 *(.text*)
 .text.FIRFilter_init
                0x00000000080003f4       0x36 Core/Src/FIRFilter.o
                0x00000000080003f4                FIRFilter_init
 .text.FIRFilter_put
                0x000000000800042a       0x4c Core/Src/FIRFilter.o
                0x000000000800042a                FIRFilter_put
 *fill*         0x0000000008000476        0x2 
 .text.FIRFilter_get
                0x0000000008000478       0x90 Core/Src/FIRFilter.o
                0x0000000008000478                FIRFilter_get
 .text.getAnalogRead
                0x0000000008000508       0x24 Core/Src/acquisition.o
                0x0000000008000508                getAnalogRead
 .text.setEncoderCount
                0x000000000800052c       0x50 Core/Src/acquisition.o
                0x000000000800052c                setEncoderCount
 .text.setEncoderMode
                0x000000000800057c       0x20 Core/Src/acquisition.o
                0x000000000800057c                setEncoderMode
 .text.getEncoderMode
                0x000000000800059c       0x14 Core/Src/acquisition.o
                0x000000000800059c                getEncoderMode
 .text.getEncoderCount
                0x00000000080005b0       0x14 Core/Src/acquisition.o
                0x00000000080005b0                getEncoderCount
 .text.encoderController
                0x00000000080005c4      0x19c Core/Src/acquisition.o
                0x00000000080005c4                encoderController
 .text.getEncoderDuty
                0x0000000008000760       0x14 Core/Src/acquisition.o
                0x0000000008000760                getEncoderDuty
 .text.getUserIn
                0x0000000008000774       0x4c Core/Src/acquisition.o
                0x0000000008000774                getUserIn
 .text.setOffset
                0x00000000080007c0       0x34 Core/Src/acquisition.o
                0x00000000080007c0                setOffset
 .text.getOffset
                0x00000000080007f4       0x14 Core/Src/acquisition.o
                0x00000000080007f4                getOffset
 .text.acquisitionInit
                0x0000000008000808       0x7c Core/Src/acquisition.o
                0x0000000008000808                acquisitionInit
 .text.sendToFilter
                0x0000000008000884       0x20 Core/Src/acquisition.o
                0x0000000008000884                sendToFilter
 .text.getFromFilter
                0x00000000080008a4       0x18 Core/Src/acquisition.o
                0x00000000080008a4                getFromFilter
 .text.measureGain
                0x00000000080008bc       0x80 Core/Src/acquisition.o
                0x00000000080008bc                measureGain
 .text.calibrateGain
                0x000000000800093c       0x94 Core/Src/acquisition.o
                0x000000000800093c                calibrateGain
 .text.getGainCalibrated
                0x00000000080009d0       0x14 Core/Src/acquisition.o
                0x00000000080009d0                getGainCalibrated
 .text.getRgStep
                0x00000000080009e4       0x14 Core/Src/acquisition.o
                0x00000000080009e4                getRgStep
 .text.getRgWiper
                0x00000000080009f8       0x14 Core/Src/acquisition.o
                0x00000000080009f8                getRgWiper
 .text.calcGain
                0x0000000008000a0c       0x60 Core/Src/acquisition.o
                0x0000000008000a0c                calcGain
 .text.setGain  0x0000000008000a6c       0x7c Core/Src/acquisition.o
                0x0000000008000a6c                setGain
 .text.getActiveGain
                0x0000000008000ae8       0x18 Core/Src/acquisition.o
                0x0000000008000ae8                getActiveGain
 .text.autoOffset
                0x0000000008000b00       0xf0 Core/Src/acquisition.o
                0x0000000008000b00                autoOffset
 .text.main     0x0000000008000bf0       0xd4 Core/Src/main.o
                0x0000000008000bf0                main
 .text.SystemClock_Config
                0x0000000008000cc4       0xc4 Core/Src/main.o
                0x0000000008000cc4                SystemClock_Config
 .text.MX_ADC_Init
                0x0000000008000d88       0xec Core/Src/main.o
 .text.MX_CAN_Init
                0x0000000008000e74       0x70 Core/Src/main.o
 .text.MX_CRC_Init
                0x0000000008000ee4       0x58 Core/Src/main.o
 .text.MX_DAC_Init
                0x0000000008000f3c       0x5c Core/Src/main.o
 .text.MX_I2C1_Init
                0x0000000008000f98       0x80 Core/Src/main.o
 .text.MX_SPI1_Init
                0x0000000008001018       0x7c Core/Src/main.o
 .text.MX_TIM2_Init
                0x0000000008001094       0xa8 Core/Src/main.o
 .text.MX_TIM14_Init
                0x000000000800113c       0x4c Core/Src/main.o
 .text.MX_USART1_UART_Init
                0x0000000008001188       0x70 Core/Src/main.o
 .text.MX_DMA_Init
                0x00000000080011f8       0x3c Core/Src/main.o
 .text.MX_GPIO_Init
                0x0000000008001234      0x168 Core/Src/main.o
 .text.HAL_GPIO_EXTI_Callback
                0x000000000800139c       0x30 Core/Src/main.o
                0x000000000800139c                HAL_GPIO_EXTI_Callback
 .text.HAL_ADC_ConvCpltCallback
                0x00000000080013cc       0x14 Core/Src/main.o
                0x00000000080013cc                HAL_ADC_ConvCpltCallback
 .text.calcCRC  0x00000000080013e0       0x2c Core/Src/main.o
                0x00000000080013e0                calcCRC
 .text.can_filterConfig
                0x000000000800140c       0x54 Core/Src/main.o
 .text.can_msgConfig
                0x0000000008001460       0x28 Core/Src/main.o
 .text.HAL_CAN_RxFifo0MsgPendingCallback
                0x0000000008001488       0x24 Core/Src/main.o
                0x0000000008001488                HAL_CAN_RxFifo0MsgPendingCallback
 .text.Error_Handler
                0x00000000080014ac        0xa Core/Src/main.o
                0x00000000080014ac                Error_Handler
 *fill*         0x00000000080014b6        0x2 
 .text.statusLedController
                0x00000000080014b8       0x28 Core/Src/outputs.o
                0x00000000080014b8                statusLedController
 .text.statusLedMode
                0x00000000080014e0       0x60 Core/Src/outputs.o
                0x00000000080014e0                statusLedMode
 .text.statusLedOn
                0x0000000008001540       0x10 Core/Src/outputs.o
                0x0000000008001540                statusLedOn
 .text.statusLedOff
                0x0000000008001550       0x10 Core/Src/outputs.o
                0x0000000008001550                statusLedOff
 .text.statusLedBlink
                0x0000000008001560       0x10 Core/Src/outputs.o
                0x0000000008001560                statusLedBlink
 .text.userLedMode
                0x0000000008001570       0x70 Core/Src/outputs.o
                0x0000000008001570                userLedMode
 .text.getUserLedMode
                0x00000000080015e0       0x14 Core/Src/outputs.o
                0x00000000080015e0                getUserLedMode
 .text.userLedFreq
                0x00000000080015f4       0x30 Core/Src/outputs.o
                0x00000000080015f4                userLedFreq
 .text.getUserLedFreq
                0x0000000008001624       0x20 Core/Src/outputs.o
                0x0000000008001624                getUserLedFreq
 .text.userLedController
                0x0000000008001644       0x54 Core/Src/outputs.o
                0x0000000008001644                userLedController
 .text.setUserOut
                0x0000000008001698       0x78 Core/Src/outputs.o
                0x0000000008001698                setUserOut
 .text.getUserOut
                0x0000000008001710       0x48 Core/Src/outputs.o
                0x0000000008001710                getUserOut
 .text.outputsInit
                0x0000000008001758       0x34 Core/Src/outputs.o
                0x0000000008001758                outputsInit
 .text.i2cInit  0x000000000800178c       0x60 Core/Src/panda_i2c.o
                0x000000000800178c                i2cInit
 .text.i2cProcessRequest
                0x00000000080017ec       0xf8 Core/Src/panda_i2c.o
                0x00000000080017ec                i2cProcessRequest
 .text.i2cController
                0x00000000080018e4       0x60 Core/Src/panda_i2c.o
                0x00000000080018e4                i2cController
 .text.getCoils
                0x0000000008001944       0x42 Core/Src/panda_modbus.o
                0x0000000008001944                getCoils
 .text.getInputs
                0x0000000008001986       0x38 Core/Src/panda_modbus.o
                0x0000000008001986                getInputs
 .text.writeCoil
                0x00000000080019be       0x5a Core/Src/panda_modbus.o
                0x00000000080019be                writeCoil
 .text.modbus_readCoilStatus
                0x0000000008001a18      0x100 Core/Src/panda_modbus.o
                0x0000000008001a18                modbus_readCoilStatus
 .text.modbus_readInputStatus
                0x0000000008001b18      0x100 Core/Src/panda_modbus.o
                0x0000000008001b18                modbus_readInputStatus
 .text.modbus_readHoldingRegisters
                0x0000000008001c18       0x22 Core/Src/panda_modbus.o
                0x0000000008001c18                modbus_readHoldingRegisters
 .text.modbus_readIputRegisters
                0x0000000008001c3a       0x22 Core/Src/panda_modbus.o
                0x0000000008001c3a                modbus_readIputRegisters
 .text.modbus_writeSingleCoil
                0x0000000008001c5c       0x66 Core/Src/panda_modbus.o
                0x0000000008001c5c                modbus_writeSingleCoil
 .text.modbus_writeSingleRegister
                0x0000000008001cc2       0x22 Core/Src/panda_modbus.o
                0x0000000008001cc2                modbus_writeSingleRegister
 .text.serial_receiveEnable
                0x0000000008001ce4       0x34 Core/Src/panda_serial_device.o
                0x0000000008001ce4                serial_receiveEnable
 .text.serial_transmit
                0x0000000008001d18       0x3c Core/Src/panda_serial_device.o
                0x0000000008001d18                serial_transmit
 .text.serial_ISR
                0x0000000008001d54       0x5c Core/Src/panda_serial_device.o
                0x0000000008001d54                serial_ISR
 .text.serial_queueInit
                0x0000000008001db0       0x48 Core/Src/panda_serial_device.o
                0x0000000008001db0                serial_queueInit
 .text.serial_init
                0x0000000008001df8       0x2c Core/Src/panda_serial_device.o
                0x0000000008001df8                serial_init
 .text.serial_addToQueue
                0x0000000008001e24       0x70 Core/Src/panda_serial_device.o
                0x0000000008001e24                serial_addToQueue
 .text.serial_queuedData
                0x0000000008001e94       0x16 Core/Src/panda_serial_device.o
                0x0000000008001e94                serial_queuedData
 *fill*         0x0000000008001eaa        0x2 
 .text.serial_processFrame
                0x0000000008001eac      0x3b0 Core/Src/panda_serial_device.o
                0x0000000008001eac                serial_processFrame
 .text.serial_getQueuedCommand
                0x000000000800225c       0xd8 Core/Src/panda_serial_device.o
                0x000000000800225c                serial_getQueuedCommand
 .text.serial_frameReceived
                0x0000000008002334       0x3c Core/Src/panda_serial_device.o
                0x0000000008002334                serial_frameReceived
 .text.serialController
                0x0000000008002370       0x30 Core/Src/panda_serial_device.o
                0x0000000008002370                serialController
 .text.getVBus  0x00000000080023a0       0x1c Core/Src/panda_usb_device.o
                0x00000000080023a0                getVBus
 .text.setUsbActive
                0x00000000080023bc       0x40 Core/Src/panda_usb_device.o
                0x00000000080023bc                setUsbActive
 .text.getUsbActive
                0x00000000080023fc       0x14 Core/Src/panda_usb_device.o
                0x00000000080023fc                getUsbActive
 .text.usb_queueInit
                0x0000000008002410       0x4a Core/Src/panda_usb_device.o
                0x0000000008002410                usb_queueInit
 *fill*         0x000000000800245a        0x2 
 .text.usb_init
                0x000000000800245c       0x20 Core/Src/panda_usb_device.o
                0x000000000800245c                usb_init
 .text.usb_addToQueue
                0x000000000800247c       0xa8 Core/Src/panda_usb_device.o
                0x000000000800247c                usb_addToQueue
 .text.usb_queuedData
                0x0000000008002524       0x24 Core/Src/panda_usb_device.o
                0x0000000008002524                usb_queuedData
 .text.usb_peekQueue
                0x0000000008002548       0x46 Core/Src/panda_usb_device.o
                0x0000000008002548                usb_peekQueue
 .text.usb_GetByteFromQueue
                0x000000000800258e       0x4c Core/Src/panda_usb_device.o
                0x000000000800258e                usb_GetByteFromQueue
 .text.usb_queueDiscard
                0x00000000080025da       0xa2 Core/Src/panda_usb_device.o
                0x00000000080025da                usb_queueDiscard
 .text.usb_processFrame
                0x000000000800267c      0x5bc Core/Src/panda_usb_device.o
                0x000000000800267c                usb_processFrame
 .text.usb_getQueuedCommand
                0x0000000008002c38       0xc0 Core/Src/panda_usb_device.o
                0x0000000008002c38                usb_getQueuedCommand
 .text.usbController
                0x0000000008002cf8       0x24 Core/Src/panda_usb_device.o
                0x0000000008002cf8                usbController
 .text.get8MSB  0x0000000008002d1c       0x1e Core/Src/panda_utils.o
                0x0000000008002d1c                get8MSB
 .text.get8LSB  0x0000000008002d3a       0x1a Core/Src/panda_utils.o
                0x0000000008002d3a                get8LSB
 .text.get16MSB
                0x0000000008002d54       0x16 Core/Src/panda_utils.o
                0x0000000008002d54                get16MSB
 .text.get16LSB
                0x0000000008002d6a       0x14 Core/Src/panda_utils.o
                0x0000000008002d6a                get16LSB
 *fill*         0x0000000008002d7e        0x2 
 .text.getConfigBits
                0x0000000008002d80       0x7c Core/Src/panda_utils.o
                0x0000000008002d80                getConfigBits
 .text.getActiveD
                0x0000000008002dfc       0x14 Core/Src/spi_devices.o
                0x0000000008002dfc                getActiveD
 .text.digipotWrite
                0x0000000008002e10       0x6c Core/Src/spi_devices.o
                0x0000000008002e10                digipotWrite
 .text.spiInit  0x0000000008002e7c       0x20 Core/Src/spi_devices.o
                0x0000000008002e7c                spiInit
 .text.HAL_MspInit
                0x0000000008002e9c       0x48 Core/Src/stm32f0xx_hal_msp.o
                0x0000000008002e9c                HAL_MspInit
 .text.HAL_ADC_MspInit
                0x0000000008002ee4       0xe8 Core/Src/stm32f0xx_hal_msp.o
                0x0000000008002ee4                HAL_ADC_MspInit
 .text.HAL_CAN_MspInit
                0x0000000008002fcc       0xac Core/Src/stm32f0xx_hal_msp.o
                0x0000000008002fcc                HAL_CAN_MspInit
 .text.HAL_CRC_MspInit
                0x0000000008003078       0x3c Core/Src/stm32f0xx_hal_msp.o
                0x0000000008003078                HAL_CRC_MspInit
 .text.HAL_DAC_MspInit
                0x00000000080030b4       0x8c Core/Src/stm32f0xx_hal_msp.o
                0x00000000080030b4                HAL_DAC_MspInit
 .text.HAL_I2C_MspInit
                0x0000000008003140       0xac Core/Src/stm32f0xx_hal_msp.o
                0x0000000008003140                HAL_I2C_MspInit
 .text.HAL_SPI_MspInit
                0x00000000080031ec       0x98 Core/Src/stm32f0xx_hal_msp.o
                0x00000000080031ec                HAL_SPI_MspInit
 .text.HAL_TIM_Base_MspInit
                0x0000000008003284       0x74 Core/Src/stm32f0xx_hal_msp.o
                0x0000000008003284                HAL_TIM_Base_MspInit
 .text.HAL_UART_MspInit
                0x00000000080032f8       0xac Core/Src/stm32f0xx_hal_msp.o
                0x00000000080032f8                HAL_UART_MspInit
 .text.NMI_Handler
                0x00000000080033a4        0xa Core/Src/stm32f0xx_it.o
                0x00000000080033a4                NMI_Handler
 .text.HardFault_Handler
                0x00000000080033ae        0x6 Core/Src/stm32f0xx_it.o
                0x00000000080033ae                HardFault_Handler
 .text.SVC_Handler
                0x00000000080033b4        0xa Core/Src/stm32f0xx_it.o
                0x00000000080033b4                SVC_Handler
 .text.PendSV_Handler
                0x00000000080033be        0xa Core/Src/stm32f0xx_it.o
                0x00000000080033be                PendSV_Handler
 .text.SysTick_Handler
                0x00000000080033c8        0xe Core/Src/stm32f0xx_it.o
                0x00000000080033c8                SysTick_Handler
 .text.EXTI4_15_IRQHandler
                0x00000000080033d6       0x1e Core/Src/stm32f0xx_it.o
                0x00000000080033d6                EXTI4_15_IRQHandler
 .text.DMA1_Channel1_IRQHandler
                0x00000000080033f4       0x18 Core/Src/stm32f0xx_it.o
                0x00000000080033f4                DMA1_Channel1_IRQHandler
 .text.TIM14_IRQHandler
                0x000000000800340c       0x1c Core/Src/stm32f0xx_it.o
                0x000000000800340c                TIM14_IRQHandler
 .text.I2C1_IRQHandler
                0x0000000008003428       0x30 Core/Src/stm32f0xx_it.o
                0x0000000008003428                I2C1_IRQHandler
 .text.USART1_IRQHandler
                0x0000000008003458       0x20 Core/Src/stm32f0xx_it.o
                0x0000000008003458                USART1_IRQHandler
 .text.CEC_CAN_IRQHandler
                0x0000000008003478       0x18 Core/Src/stm32f0xx_it.o
                0x0000000008003478                CEC_CAN_IRQHandler
 .text.USB_IRQHandler
                0x0000000008003490       0x18 Core/Src/stm32f0xx_it.o
                0x0000000008003490                USB_IRQHandler
 .text.SystemInit
                0x00000000080034a8        0xa Core/Src/system_stm32f0xx.o
                0x00000000080034a8                SystemInit
 *fill*         0x00000000080034b2        0x2 
 .text.Reset_Handler
                0x00000000080034b4       0x50 Core/Startup/startup_stm32f072c8ux.o
                0x00000000080034b4                Reset_Handler
 .text.Default_Handler
                0x0000000008003504        0x2 Core/Startup/startup_stm32f072c8ux.o
                0x0000000008003504                TIM1_CC_IRQHandler
                0x0000000008003504                TSC_IRQHandler
                0x0000000008003504                ADC1_COMP_IRQHandler
                0x0000000008003504                RCC_CRS_IRQHandler
                0x0000000008003504                SPI1_IRQHandler
                0x0000000008003504                TIM6_DAC_IRQHandler
                0x0000000008003504                USART3_4_IRQHandler
                0x0000000008003504                EXTI2_3_IRQHandler
                0x0000000008003504                I2C2_IRQHandler
                0x0000000008003504                TIM17_IRQHandler
                0x0000000008003504                RTC_IRQHandler
                0x0000000008003504                PVD_VDDIO2_IRQHandler
                0x0000000008003504                DMA1_Channel4_5_6_7_IRQHandler
                0x0000000008003504                TIM16_IRQHandler
                0x0000000008003504                TIM3_IRQHandler
                0x0000000008003504                Default_Handler
                0x0000000008003504                TIM7_IRQHandler
                0x0000000008003504                TIM15_IRQHandler
                0x0000000008003504                EXTI0_1_IRQHandler
                0x0000000008003504                SPI2_IRQHandler
                0x0000000008003504                WWDG_IRQHandler
                0x0000000008003504                TIM2_IRQHandler
                0x0000000008003504                DMA1_Channel2_3_IRQHandler
                0x0000000008003504                USART2_IRQHandler
                0x0000000008003504                FLASH_IRQHandler
                0x0000000008003504                TIM1_BRK_UP_TRG_COM_IRQHandler
 *fill*         0x0000000008003506        0x2 
 .text.HAL_Init
                0x0000000008003508       0x28 Drivers/STM32F0xx_HAL_Driver/Src/stm32f0xx_hal.o
                0x0000000008003508                HAL_Init
 .text.HAL_InitTick
                0x0000000008003530       0x68 Drivers/STM32F0xx_HAL_Driver/Src/stm32f0xx_hal.o
                0x0000000008003530                HAL_InitTick
 .text.HAL_IncTick
                0x0000000008003598       0x24 Drivers/STM32F0xx_HAL_Driver/Src/stm32f0xx_hal.o
                0x0000000008003598                HAL_IncTick
 .text.HAL_GetTick
                0x00000000080035bc       0x14 Drivers/STM32F0xx_HAL_Driver/Src/stm32f0xx_hal.o
                0x00000000080035bc                HAL_GetTick
 .text.HAL_Delay
                0x00000000080035d0       0x44 Drivers/STM32F0xx_HAL_Driver/Src/stm32f0xx_hal.o
                0x00000000080035d0                HAL_Delay
 .text.HAL_ADC_Init
                0x0000000008003614      0x280 Drivers/STM32F0xx_HAL_Driver/Src/stm32f0xx_hal_adc.o
                0x0000000008003614                HAL_ADC_Init
 .text.HAL_ADC_Start_DMA
                0x0000000008003894      0x104 Drivers/STM32F0xx_HAL_Driver/Src/stm32f0xx_hal_adc.o
                0x0000000008003894                HAL_ADC_Start_DMA
 .text.HAL_ADC_ConvHalfCpltCallback
                0x0000000008003998       0x10 Drivers/STM32F0xx_HAL_Driver/Src/stm32f0xx_hal_adc.o
                0x0000000008003998                HAL_ADC_ConvHalfCpltCallback
 .text.HAL_ADC_ErrorCallback
                0x00000000080039a8       0x10 Drivers/STM32F0xx_HAL_Driver/Src/stm32f0xx_hal_adc.o
                0x00000000080039a8                HAL_ADC_ErrorCallback
 .text.HAL_ADC_ConfigChannel
                0x00000000080039b8      0x21c Drivers/STM32F0xx_HAL_Driver/Src/stm32f0xx_hal_adc.o
                0x00000000080039b8                HAL_ADC_ConfigChannel
 .text.ADC_Enable
                0x0000000008003bd4       0xf8 Drivers/STM32F0xx_HAL_Driver/Src/stm32f0xx_hal_adc.o
 .text.ADC_DMAConvCplt
                0x0000000008003ccc       0xb4 Drivers/STM32F0xx_HAL_Driver/Src/stm32f0xx_hal_adc.o
 .text.ADC_DMAHalfConvCplt
                0x0000000008003d80       0x1e Drivers/STM32F0xx_HAL_Driver/Src/stm32f0xx_hal_adc.o
 .text.ADC_DMAError
                0x0000000008003d9e       0x36 Drivers/STM32F0xx_HAL_Driver/Src/stm32f0xx_hal_adc.o
 .text.HAL_CAN_Init
                0x0000000008003dd4      0x1fc Drivers/STM32F0xx_HAL_Driver/Src/stm32f0xx_hal_can.o
                0x0000000008003dd4                HAL_CAN_Init
 .text.HAL_CAN_ConfigFilter
                0x0000000008003fd0      0x1e4 Drivers/STM32F0xx_HAL_Driver/Src/stm32f0xx_hal_can.o
                0x0000000008003fd0                HAL_CAN_ConfigFilter
 .text.HAL_CAN_Start
                0x00000000080041b4       0x8c Drivers/STM32F0xx_HAL_Driver/Src/stm32f0xx_hal_can.o
                0x00000000080041b4                HAL_CAN_Start
 .text.HAL_CAN_GetRxMessage
                0x0000000008004240      0x238 Drivers/STM32F0xx_HAL_Driver/Src/stm32f0xx_hal_can.o
                0x0000000008004240                HAL_CAN_GetRxMessage
 .text.HAL_CAN_ActivateNotification
                0x0000000008004478       0x54 Drivers/STM32F0xx_HAL_Driver/Src/stm32f0xx_hal_can.o
                0x0000000008004478                HAL_CAN_ActivateNotification
 .text.HAL_CAN_IRQHandler
                0x00000000080044cc      0x362 Drivers/STM32F0xx_HAL_Driver/Src/stm32f0xx_hal_can.o
                0x00000000080044cc                HAL_CAN_IRQHandler
 .text.HAL_CAN_TxMailbox0CompleteCallback
                0x000000000800482e       0x10 Drivers/STM32F0xx_HAL_Driver/Src/stm32f0xx_hal_can.o
                0x000000000800482e                HAL_CAN_TxMailbox0CompleteCallback
 .text.HAL_CAN_TxMailbox1CompleteCallback
                0x000000000800483e       0x10 Drivers/STM32F0xx_HAL_Driver/Src/stm32f0xx_hal_can.o
                0x000000000800483e                HAL_CAN_TxMailbox1CompleteCallback
 .text.HAL_CAN_TxMailbox2CompleteCallback
                0x000000000800484e       0x10 Drivers/STM32F0xx_HAL_Driver/Src/stm32f0xx_hal_can.o
                0x000000000800484e                HAL_CAN_TxMailbox2CompleteCallback
 .text.HAL_CAN_TxMailbox0AbortCallback
                0x000000000800485e       0x10 Drivers/STM32F0xx_HAL_Driver/Src/stm32f0xx_hal_can.o
                0x000000000800485e                HAL_CAN_TxMailbox0AbortCallback
 .text.HAL_CAN_TxMailbox1AbortCallback
                0x000000000800486e       0x10 Drivers/STM32F0xx_HAL_Driver/Src/stm32f0xx_hal_can.o
                0x000000000800486e                HAL_CAN_TxMailbox1AbortCallback
 .text.HAL_CAN_TxMailbox2AbortCallback
                0x000000000800487e       0x10 Drivers/STM32F0xx_HAL_Driver/Src/stm32f0xx_hal_can.o
                0x000000000800487e                HAL_CAN_TxMailbox2AbortCallback
 .text.HAL_CAN_RxFifo0FullCallback
                0x000000000800488e       0x10 Drivers/STM32F0xx_HAL_Driver/Src/stm32f0xx_hal_can.o
                0x000000000800488e                HAL_CAN_RxFifo0FullCallback
 .text.HAL_CAN_RxFifo1MsgPendingCallback
                0x000000000800489e       0x10 Drivers/STM32F0xx_HAL_Driver/Src/stm32f0xx_hal_can.o
                0x000000000800489e                HAL_CAN_RxFifo1MsgPendingCallback
 .text.HAL_CAN_RxFifo1FullCallback
                0x00000000080048ae       0x10 Drivers/STM32F0xx_HAL_Driver/Src/stm32f0xx_hal_can.o
                0x00000000080048ae                HAL_CAN_RxFifo1FullCallback
 .text.HAL_CAN_SleepCallback
                0x00000000080048be       0x10 Drivers/STM32F0xx_HAL_Driver/Src/stm32f0xx_hal_can.o
                0x00000000080048be                HAL_CAN_SleepCallback
 .text.HAL_CAN_WakeUpFromRxMsgCallback
                0x00000000080048ce       0x10 Drivers/STM32F0xx_HAL_Driver/Src/stm32f0xx_hal_can.o
                0x00000000080048ce                HAL_CAN_WakeUpFromRxMsgCallback
 .text.HAL_CAN_ErrorCallback
                0x00000000080048de       0x10 Drivers/STM32F0xx_HAL_Driver/Src/stm32f0xx_hal_can.o
                0x00000000080048de                HAL_CAN_ErrorCallback
 *fill*         0x00000000080048ee        0x2 
 .text.__NVIC_EnableIRQ
                0x00000000080048f0       0x34 Drivers/STM32F0xx_HAL_Driver/Src/stm32f0xx_hal_cortex.o
 .text.__NVIC_SetPriority
                0x0000000008004924       0xdc Drivers/STM32F0xx_HAL_Driver/Src/stm32f0xx_hal_cortex.o
 .text.SysTick_Config
                0x0000000008004a00       0x48 Drivers/STM32F0xx_HAL_Driver/Src/stm32f0xx_hal_cortex.o
 .text.HAL_NVIC_SetPriority
                0x0000000008004a48       0x2a Drivers/STM32F0xx_HAL_Driver/Src/stm32f0xx_hal_cortex.o
                0x0000000008004a48                HAL_NVIC_SetPriority
 .text.HAL_NVIC_EnableIRQ
                0x0000000008004a72       0x20 Drivers/STM32F0xx_HAL_Driver/Src/stm32f0xx_hal_cortex.o
                0x0000000008004a72                HAL_NVIC_EnableIRQ
 .text.HAL_SYSTICK_Config
                0x0000000008004a92       0x1a Drivers/STM32F0xx_HAL_Driver/Src/stm32f0xx_hal_cortex.o
                0x0000000008004a92                HAL_SYSTICK_Config
 .text.HAL_CRC_Init
                0x0000000008004aac       0xcc Drivers/STM32F0xx_HAL_Driver/Src/stm32f0xx_hal_crc.o
                0x0000000008004aac                HAL_CRC_Init
 .text.HAL_CRC_Calculate
                0x0000000008004b78       0x9a Drivers/STM32F0xx_HAL_Driver/Src/stm32f0xx_hal_crc.o
                0x0000000008004b78                HAL_CRC_Calculate
 .text.CRC_Handle_8
                0x0000000008004c12      0x122 Drivers/STM32F0xx_HAL_Driver/Src/stm32f0xx_hal_crc.o
 .text.CRC_Handle_16
                0x0000000008004d34       0x6e Drivers/STM32F0xx_HAL_Driver/Src/stm32f0xx_hal_crc.o
 .text.HAL_CRCEx_Polynomial_Set
                0x0000000008004da2       0xca Drivers/STM32F0xx_HAL_Driver/Src/stm32f0xx_hal_crc_ex.o
                0x0000000008004da2                HAL_CRCEx_Polynomial_Set
 .text.HAL_DAC_Init
                0x0000000008004e6c       0x46 Drivers/STM32F0xx_HAL_Driver/Src/stm32f0xx_hal_dac.o
                0x0000000008004e6c                HAL_DAC_Init
 .text.HAL_DAC_SetValue
                0x0000000008004eb2       0x44 Drivers/STM32F0xx_HAL_Driver/Src/stm32f0xx_hal_dac.o
                0x0000000008004eb2                HAL_DAC_SetValue
 *fill*         0x0000000008004ef6        0x2 
 .text.HAL_DAC_ConfigChannel
                0x0000000008004ef8       0x80 Drivers/STM32F0xx_HAL_Driver/Src/stm32f0xx_hal_dac_ex.o
                0x0000000008004ef8                HAL_DAC_ConfigChannel
 .text.HAL_DAC_Start
                0x0000000008004f78       0x96 Drivers/STM32F0xx_HAL_Driver/Src/stm32f0xx_hal_dac_ex.o
                0x0000000008004f78                HAL_DAC_Start
 *fill*         0x000000000800500e        0x2 
 .text.HAL_DMA_Init
                0x0000000008005010       0x90 Drivers/STM32F0xx_HAL_Driver/Src/stm32f0xx_hal_dma.o
                0x0000000008005010                HAL_DMA_Init
 .text.HAL_DMA_Start_IT
                0x00000000080050a0       0xcc Drivers/STM32F0xx_HAL_Driver/Src/stm32f0xx_hal_dma.o
                0x00000000080050a0                HAL_DMA_Start_IT
 .text.HAL_DMA_Abort_IT
                0x000000000800516c       0x8c Drivers/STM32F0xx_HAL_Driver/Src/stm32f0xx_hal_dma.o
                0x000000000800516c                HAL_DMA_Abort_IT
 .text.HAL_DMA_IRQHandler
                0x00000000080051f8      0x144 Drivers/STM32F0xx_HAL_Driver/Src/stm32f0xx_hal_dma.o
                0x00000000080051f8                HAL_DMA_IRQHandler
 .text.HAL_DMA_GetState
                0x000000000800533c       0x18 Drivers/STM32F0xx_HAL_Driver/Src/stm32f0xx_hal_dma.o
                0x000000000800533c                HAL_DMA_GetState
 .text.DMA_SetConfig
                0x0000000008005354       0x58 Drivers/STM32F0xx_HAL_Driver/Src/stm32f0xx_hal_dma.o
 .text.DMA_CalcBaseAndBitshift
                0x00000000080053ac       0x38 Drivers/STM32F0xx_HAL_Driver/Src/stm32f0xx_hal_dma.o
 .text.HAL_GPIO_Init
                0x00000000080053e4      0x2f0 Drivers/STM32F0xx_HAL_Driver/Src/stm32f0xx_hal_gpio.o
                0x00000000080053e4                HAL_GPIO_Init
 .text.HAL_GPIO_ReadPin
                0x00000000080056d4       0x3a Drivers/STM32F0xx_HAL_Driver/Src/stm32f0xx_hal_gpio.o
                0x00000000080056d4                HAL_GPIO_ReadPin
 .text.HAL_GPIO_WritePin
                0x000000000800570e       0x3a Drivers/STM32F0xx_HAL_Driver/Src/stm32f0xx_hal_gpio.o
                0x000000000800570e                HAL_GPIO_WritePin
 .text.HAL_GPIO_TogglePin
                0x0000000008005748       0x36 Drivers/STM32F0xx_HAL_Driver/Src/stm32f0xx_hal_gpio.o
                0x0000000008005748                HAL_GPIO_TogglePin
 *fill*         0x000000000800577e        0x2 
 .text.HAL_GPIO_EXTI_IRQHandler
                0x0000000008005780       0x38 Drivers/STM32F0xx_HAL_Driver/Src/stm32f0xx_hal_gpio.o
                0x0000000008005780                HAL_GPIO_EXTI_IRQHandler
 .text.HAL_I2C_Init
                0x00000000080057b8      0x12c Drivers/STM32F0xx_HAL_Driver/Src/stm32f0xx_hal_i2c.o
                0x00000000080057b8                HAL_I2C_Init
 .text.HAL_I2C_Slave_Transmit
                0x00000000080058e4      0x22c Drivers/STM32F0xx_HAL_Driver/Src/stm32f0xx_hal_i2c.o
                0x00000000080058e4                HAL_I2C_Slave_Transmit
 .text.HAL_I2C_Slave_Receive
                0x0000000008005b10      0x214 Drivers/STM32F0xx_HAL_Driver/Src/stm32f0xx_hal_i2c.o
                0x0000000008005b10                HAL_I2C_Slave_Receive
 .text.HAL_I2C_EV_IRQHandler
                0x0000000008005d24       0x34 Drivers/STM32F0xx_HAL_Driver/Src/stm32f0xx_hal_i2c.o
                0x0000000008005d24                HAL_I2C_EV_IRQHandler
 .text.HAL_I2C_ER_IRQHandler
                0x0000000008005d58       0xc4 Drivers/STM32F0xx_HAL_Driver/Src/stm32f0xx_hal_i2c.o
                0x0000000008005d58                HAL_I2C_ER_IRQHandler
 .text.HAL_I2C_SlaveTxCpltCallback
                0x0000000008005e1c       0x10 Drivers/STM32F0xx_HAL_Driver/Src/stm32f0xx_hal_i2c.o
                0x0000000008005e1c                HAL_I2C_SlaveTxCpltCallback
 .text.HAL_I2C_SlaveRxCpltCallback
                0x0000000008005e2c       0x10 Drivers/STM32F0xx_HAL_Driver/Src/stm32f0xx_hal_i2c.o
                0x0000000008005e2c                HAL_I2C_SlaveRxCpltCallback
 .text.HAL_I2C_AddrCallback
                0x0000000008005e3c       0x20 Drivers/STM32F0xx_HAL_Driver/Src/stm32f0xx_hal_i2c.o
                0x0000000008005e3c                HAL_I2C_AddrCallback
 .text.HAL_I2C_ListenCpltCallback
                0x0000000008005e5c       0x10 Drivers/STM32F0xx_HAL_Driver/Src/stm32f0xx_hal_i2c.o
                0x0000000008005e5c                HAL_I2C_ListenCpltCallback
 .text.HAL_I2C_ErrorCallback
                0x0000000008005e6c       0x10 Drivers/STM32F0xx_HAL_Driver/Src/stm32f0xx_hal_i2c.o
                0x0000000008005e6c                HAL_I2C_ErrorCallback
 .text.HAL_I2C_AbortCpltCallback
                0x0000000008005e7c       0x10 Drivers/STM32F0xx_HAL_Driver/Src/stm32f0xx_hal_i2c.o
                0x0000000008005e7c                HAL_I2C_AbortCpltCallback
 .text.I2C_Slave_ISR_IT
                0x0000000008005e8c      0x228 Drivers/STM32F0xx_HAL_Driver/Src/stm32f0xx_hal_i2c.o
 .text.I2C_ITAddrCplt
                0x00000000080060b4      0x152 Drivers/STM32F0xx_HAL_Driver/Src/stm32f0xx_hal_i2c.o
 *fill*         0x0000000008006206        0x2 
 .text.I2C_ITSlaveSeqCplt
                0x0000000008006208       0xcc Drivers/STM32F0xx_HAL_Driver/Src/stm32f0xx_hal_i2c.o
 .text.I2C_ITSlaveCplt
                0x00000000080062d4      0x24c Drivers/STM32F0xx_HAL_Driver/Src/stm32f0xx_hal_i2c.o
 .text.I2C_ITListenCplt
                0x0000000008006520       0xb4 Drivers/STM32F0xx_HAL_Driver/Src/stm32f0xx_hal_i2c.o
 .text.I2C_ITError
                0x00000000080065d4      0x1c8 Drivers/STM32F0xx_HAL_Driver/Src/stm32f0xx_hal_i2c.o
 .text.I2C_TreatErrorCallback
                0x000000000800679c       0x52 Drivers/STM32F0xx_HAL_Driver/Src/stm32f0xx_hal_i2c.o
 .text.I2C_Flush_TXDR
                0x00000000080067ee       0x44 Drivers/STM32F0xx_HAL_Driver/Src/stm32f0xx_hal_i2c.o
 .text.I2C_DMAAbort
                0x0000000008006832       0x3e Drivers/STM32F0xx_HAL_Driver/Src/stm32f0xx_hal_i2c.o
 .text.I2C_WaitOnFlagUntilTimeout
                0x0000000008006870       0x7e Drivers/STM32F0xx_HAL_Driver/Src/stm32f0xx_hal_i2c.o
 .text.I2C_WaitOnTXISFlagUntilTimeout
                0x00000000080068ee       0x7e Drivers/STM32F0xx_HAL_Driver/Src/stm32f0xx_hal_i2c.o
 .text.I2C_WaitOnSTOPFlagUntilTimeout
                0x000000000800696c       0x78 Drivers/STM32F0xx_HAL_Driver/Src/stm32f0xx_hal_i2c.o
 .text.I2C_WaitOnRXNEFlagUntilTimeout
                0x00000000080069e4       0xd8 Drivers/STM32F0xx_HAL_Driver/Src/stm32f0xx_hal_i2c.o
 .text.I2C_IsAcknowledgeFailed
                0x0000000008006abc       0xcc Drivers/STM32F0xx_HAL_Driver/Src/stm32f0xx_hal_i2c.o
 .text.I2C_Disable_IRQ
                0x0000000008006b88       0xc6 Drivers/STM32F0xx_HAL_Driver/Src/stm32f0xx_hal_i2c.o
 *fill*         0x0000000008006c4e        0x2 
 .text.HAL_I2CEx_ConfigAnalogFilter
                0x0000000008006c50       0x98 Drivers/STM32F0xx_HAL_Driver/Src/stm32f0xx_hal_i2c_ex.o
                0x0000000008006c50                HAL_I2CEx_ConfigAnalogFilter
 .text.HAL_I2CEx_ConfigDigitalFilter
                0x0000000008006ce8       0x98 Drivers/STM32F0xx_HAL_Driver/Src/stm32f0xx_hal_i2c_ex.o
                0x0000000008006ce8                HAL_I2CEx_ConfigDigitalFilter
 .text.HAL_PCD_Init
                0x0000000008006d80      0x220 Drivers/STM32F0xx_HAL_Driver/Src/stm32f0xx_hal_pcd.o
                0x0000000008006d80                HAL_PCD_Init
 .text.HAL_PCD_Start
                0x0000000008006fa0       0x4a Drivers/STM32F0xx_HAL_Driver/Src/stm32f0xx_hal_pcd.o
                0x0000000008006fa0                HAL_PCD_Start
 *fill*         0x0000000008006fea        0x2 
 .text.HAL_PCD_IRQHandler
                0x0000000008006fec      0x2f8 Drivers/STM32F0xx_HAL_Driver/Src/stm32f0xx_hal_pcd.o
                0x0000000008006fec                HAL_PCD_IRQHandler
 .text.HAL_PCD_SetAddress
                0x00000000080072e4       0x56 Drivers/STM32F0xx_HAL_Driver/Src/stm32f0xx_hal_pcd.o
                0x00000000080072e4                HAL_PCD_SetAddress
 .text.HAL_PCD_EP_Open
                0x000000000800733a       0xf0 Drivers/STM32F0xx_HAL_Driver/Src/stm32f0xx_hal_pcd.o
                0x000000000800733a                HAL_PCD_EP_Open
 .text.HAL_PCD_EP_Close
                0x000000000800742a       0xa2 Drivers/STM32F0xx_HAL_Driver/Src/stm32f0xx_hal_pcd.o
                0x000000000800742a                HAL_PCD_EP_Close
 .text.HAL_PCD_EP_Receive
                0x00000000080074cc       0x88 Drivers/STM32F0xx_HAL_Driver/Src/stm32f0xx_hal_pcd.o
                0x00000000080074cc                HAL_PCD_EP_Receive
 .text.HAL_PCD_EP_GetRxCount
                0x0000000008007554       0x32 Drivers/STM32F0xx_HAL_Driver/Src/stm32f0xx_hal_pcd.o
                0x0000000008007554                HAL_PCD_EP_GetRxCount
 .text.HAL_PCD_EP_Transmit
                0x0000000008007586       0x92 Drivers/STM32F0xx_HAL_Driver/Src/stm32f0xx_hal_pcd.o
                0x0000000008007586                HAL_PCD_EP_Transmit
 .text.HAL_PCD_EP_SetStall
                0x0000000008007618       0xb8 Drivers/STM32F0xx_HAL_Driver/Src/stm32f0xx_hal_pcd.o
                0x0000000008007618                HAL_PCD_EP_SetStall
 .text.HAL_PCD_EP_ClrStall
                0x00000000080076d0       0xbc Drivers/STM32F0xx_HAL_Driver/Src/stm32f0xx_hal_pcd.o
                0x00000000080076d0                HAL_PCD_EP_ClrStall
 .text.PCD_EP_ISR_Handler
                0x000000000800778c      0x688 Drivers/STM32F0xx_HAL_Driver/Src/stm32f0xx_hal_pcd.o
 .text.HAL_PCD_EP_DB_Receive
                0x0000000008007e14      0x240 Drivers/STM32F0xx_HAL_Driver/Src/stm32f0xx_hal_pcd.o
 .text.HAL_PCD_EP_DB_Transmit
                0x0000000008008054      0x568 Drivers/STM32F0xx_HAL_Driver/Src/stm32f0xx_hal_pcd.o
 .text.HAL_PCDEx_PMAConfig
                0x00000000080085bc       0x9c Drivers/STM32F0xx_HAL_Driver/Src/stm32f0xx_hal_pcd_ex.o
                0x00000000080085bc                HAL_PCDEx_PMAConfig
 .text.HAL_PCDEx_ActivateLPM
                0x0000000008008658       0x54 Drivers/STM32F0xx_HAL_Driver/Src/stm32f0xx_hal_pcd_ex.o
                0x0000000008008658                HAL_PCDEx_ActivateLPM
 .text.HAL_PCDEx_LPM_Callback
                0x00000000080086ac       0x16 Drivers/STM32F0xx_HAL_Driver/Src/stm32f0xx_hal_pcd_ex.o
                0x00000000080086ac                HAL_PCDEx_LPM_Callback
 *fill*         0x00000000080086c2        0x2 
 .text.HAL_RCC_OscConfig
                0x00000000080086c4      0x70c Drivers/STM32F0xx_HAL_Driver/Src/stm32f0xx_hal_rcc.o
                0x00000000080086c4                HAL_RCC_OscConfig
 .text.HAL_RCC_ClockConfig
                0x0000000008008dd0      0x1b4 Drivers/STM32F0xx_HAL_Driver/Src/stm32f0xx_hal_rcc.o
                0x0000000008008dd0                HAL_RCC_ClockConfig
 .text.HAL_RCC_GetSysClockFreq
                0x0000000008008f84       0xfc Drivers/STM32F0xx_HAL_Driver/Src/stm32f0xx_hal_rcc.o
                0x0000000008008f84                HAL_RCC_GetSysClockFreq
 .text.HAL_RCC_GetHCLKFreq
                0x0000000008009080       0x14 Drivers/STM32F0xx_HAL_Driver/Src/stm32f0xx_hal_rcc.o
                0x0000000008009080                HAL_RCC_GetHCLKFreq
 .text.HAL_RCC_GetPCLK1Freq
                0x0000000008009094       0x2c Drivers/STM32F0xx_HAL_Driver/Src/stm32f0xx_hal_rcc.o
                0x0000000008009094                HAL_RCC_GetPCLK1Freq
 .text.HAL_RCCEx_PeriphCLKConfig
                0x00000000080090c0      0x200 Drivers/STM32F0xx_HAL_Driver/Src/stm32f0xx_hal_rcc_ex.o
                0x00000000080090c0                HAL_RCCEx_PeriphCLKConfig
 .text.HAL_SPI_Init
                0x00000000080092c0      0x134 Drivers/STM32F0xx_HAL_Driver/Src/stm32f0xx_hal_spi.o
                0x00000000080092c0                HAL_SPI_Init
 .text.HAL_SPI_Transmit
                0x00000000080093f4      0x302 Drivers/STM32F0xx_HAL_Driver/Src/stm32f0xx_hal_spi.o
                0x00000000080093f4                HAL_SPI_Transmit
 *fill*         0x00000000080096f6        0x2 
 .text.SPI_WaitFlagStateUntilTimeout
                0x00000000080096f8       0xe0 Drivers/STM32F0xx_HAL_Driver/Src/stm32f0xx_hal_spi.o
 .text.SPI_WaitFifoStateUntilTimeout
                0x00000000080097d8       0xe8 Drivers/STM32F0xx_HAL_Driver/Src/stm32f0xx_hal_spi.o
 .text.SPI_EndRxTxTransaction
                0x00000000080098c0       0x8c Drivers/STM32F0xx_HAL_Driver/Src/stm32f0xx_hal_spi.o
 .text.HAL_TIM_Base_Init
                0x000000000800994c       0x58 Drivers/STM32F0xx_HAL_Driver/Src/stm32f0xx_hal_tim.o
                0x000000000800994c                HAL_TIM_Base_Init
 .text.HAL_TIM_Base_Start_IT
                0x00000000080099a4       0x44 Drivers/STM32F0xx_HAL_Driver/Src/stm32f0xx_hal_tim.o
                0x00000000080099a4                HAL_TIM_Base_Start_IT
 .text.HAL_TIM_IRQHandler
                0x00000000080099e8      0x22c Drivers/STM32F0xx_HAL_Driver/Src/stm32f0xx_hal_tim.o
                0x00000000080099e8                HAL_TIM_IRQHandler
 .text.HAL_TIM_ConfigClockSource
                0x0000000008009c14      0x17c Drivers/STM32F0xx_HAL_Driver/Src/stm32f0xx_hal_tim.o
                0x0000000008009c14                HAL_TIM_ConfigClockSource
 .text.HAL_TIM_PeriodElapsedCallback
                0x0000000008009d90       0x10 Drivers/STM32F0xx_HAL_Driver/Src/stm32f0xx_hal_tim.o
                0x0000000008009d90                HAL_TIM_PeriodElapsedCallback
 .text.HAL_TIM_OC_DelayElapsedCallback
                0x0000000008009da0       0x10 Drivers/STM32F0xx_HAL_Driver/Src/stm32f0xx_hal_tim.o
                0x0000000008009da0                HAL_TIM_OC_DelayElapsedCallback
 .text.HAL_TIM_IC_CaptureCallback
                0x0000000008009db0       0x10 Drivers/STM32F0xx_HAL_Driver/Src/stm32f0xx_hal_tim.o
                0x0000000008009db0                HAL_TIM_IC_CaptureCallback
 .text.HAL_TIM_PWM_PulseFinishedCallback
                0x0000000008009dc0       0x10 Drivers/STM32F0xx_HAL_Driver/Src/stm32f0xx_hal_tim.o
                0x0000000008009dc0                HAL_TIM_PWM_PulseFinishedCallback
 .text.HAL_TIM_TriggerCallback
                0x0000000008009dd0       0x10 Drivers/STM32F0xx_HAL_Driver/Src/stm32f0xx_hal_tim.o
                0x0000000008009dd0                HAL_TIM_TriggerCallback
 .text.TIM_Base_SetConfig
                0x0000000008009de0      0x100 Drivers/STM32F0xx_HAL_Driver/Src/stm32f0xx_hal_tim.o
                0x0000000008009de0                TIM_Base_SetConfig
 .text.TIM_TI1_ConfigInputStage
                0x0000000008009ee0       0x5c Drivers/STM32F0xx_HAL_Driver/Src/stm32f0xx_hal_tim.o
 .text.TIM_TI2_ConfigInputStage
                0x0000000008009f3c       0x64 Drivers/STM32F0xx_HAL_Driver/Src/stm32f0xx_hal_tim.o
 .text.TIM_ITRx_SetConfig
                0x0000000008009fa0       0x32 Drivers/STM32F0xx_HAL_Driver/Src/stm32f0xx_hal_tim.o
 *fill*         0x0000000008009fd2        0x2 
 .text.TIM_ETR_SetConfig
                0x0000000008009fd4       0x40 Drivers/STM32F0xx_HAL_Driver/Src/stm32f0xx_hal_tim.o
                0x0000000008009fd4                TIM_ETR_SetConfig
 .text.HAL_TIMEx_MasterConfigSynchronization
                0x000000000800a014       0xbc Drivers/STM32F0xx_HAL_Driver/Src/stm32f0xx_hal_tim_ex.o
                0x000000000800a014                HAL_TIMEx_MasterConfigSynchronization
 .text.HAL_TIMEx_CommutCallback
                0x000000000800a0d0       0x10 Drivers/STM32F0xx_HAL_Driver/Src/stm32f0xx_hal_tim_ex.o
                0x000000000800a0d0                HAL_TIMEx_CommutCallback
 .text.HAL_TIMEx_BreakCallback
                0x000000000800a0e0       0x10 Drivers/STM32F0xx_HAL_Driver/Src/stm32f0xx_hal_tim_ex.o
                0x000000000800a0e0                HAL_TIMEx_BreakCallback
 .text.HAL_UART_Init
                0x000000000800a0f0       0xa8 Drivers/STM32F0xx_HAL_Driver/Src/stm32f0xx_hal_uart.o
                0x000000000800a0f0                HAL_UART_Init
 .text.HAL_UART_Transmit
                0x000000000800a198      0x150 Drivers/STM32F0xx_HAL_Driver/Src/stm32f0xx_hal_uart.o
                0x000000000800a198                HAL_UART_Transmit
 .text.HAL_UART_IRQHandler
                0x000000000800a2e8      0x278 Drivers/STM32F0xx_HAL_Driver/Src/stm32f0xx_hal_uart.o
                0x000000000800a2e8                HAL_UART_IRQHandler
 .text.HAL_UART_TxCpltCallback
                0x000000000800a560       0x10 Drivers/STM32F0xx_HAL_Driver/Src/stm32f0xx_hal_uart.o
                0x000000000800a560                HAL_UART_TxCpltCallback
 .text.HAL_UART_ErrorCallback
                0x000000000800a570       0x10 Drivers/STM32F0xx_HAL_Driver/Src/stm32f0xx_hal_uart.o
                0x000000000800a570                HAL_UART_ErrorCallback
 .text.UART_SetConfig
                0x000000000800a580      0x398 Drivers/STM32F0xx_HAL_Driver/Src/stm32f0xx_hal_uart.o
                0x000000000800a580                UART_SetConfig
 .text.UART_AdvFeatureConfig
                0x000000000800a918      0x168 Drivers/STM32F0xx_HAL_Driver/Src/stm32f0xx_hal_uart.o
                0x000000000800a918                UART_AdvFeatureConfig
 .text.UART_CheckIdleState
                0x000000000800aa80       0x8c Drivers/STM32F0xx_HAL_Driver/Src/stm32f0xx_hal_uart.o
                0x000000000800aa80                UART_CheckIdleState
 .text.UART_WaitOnFlagUntilTimeout
                0x000000000800ab0c       0xfc Drivers/STM32F0xx_HAL_Driver/Src/stm32f0xx_hal_uart.o
                0x000000000800ab0c                UART_WaitOnFlagUntilTimeout
 .text.UART_EndRxTransfer
                0x000000000800ac08       0x40 Drivers/STM32F0xx_HAL_Driver/Src/stm32f0xx_hal_uart.o
 .text.UART_DMAAbortOnError
                0x000000000800ac48       0x2e Drivers/STM32F0xx_HAL_Driver/Src/stm32f0xx_hal_uart.o
 .text.UART_EndTransmit_IT
                0x000000000800ac76       0x34 Drivers/STM32F0xx_HAL_Driver/Src/stm32f0xx_hal_uart.o
 .text.HAL_UARTEx_WakeupCallback
                0x000000000800acaa       0x10 Drivers/STM32F0xx_HAL_Driver/Src/stm32f0xx_hal_uart_ex.o
                0x000000000800acaa                HAL_UARTEx_WakeupCallback
 *fill*         0x000000000800acba        0x2 
 .text.USB_EnableGlobalInt
                0x000000000800acbc       0x2c Drivers/STM32F0xx_HAL_Driver/Src/stm32f0xx_ll_usb.o
                0x000000000800acbc                USB_EnableGlobalInt
 .text.USB_DisableGlobalInt
                0x000000000800ace8       0x34 Drivers/STM32F0xx_HAL_Driver/Src/stm32f0xx_ll_usb.o
                0x000000000800ace8                USB_DisableGlobalInt
 .text.USB_DevInit
                0x000000000800ad1c       0x58 Drivers/STM32F0xx_HAL_Driver/Src/stm32f0xx_ll_usb.o
                0x000000000800ad1c                USB_DevInit
 .text.USB_ActivateEndpoint
                0x000000000800ad74      0x6ac Drivers/STM32F0xx_HAL_Driver/Src/stm32f0xx_ll_usb.o
                0x000000000800ad74                USB_ActivateEndpoint
 .text.USB_DeactivateEndpoint
                0x000000000800b420      0x380 Drivers/STM32F0xx_HAL_Driver/Src/stm32f0xx_ll_usb.o
                0x000000000800b420                USB_DeactivateEndpoint
 .text.USB_EPStartXfer
                0x000000000800b7a0     0x12ac Drivers/STM32F0xx_HAL_Driver/Src/stm32f0xx_ll_usb.o
                0x000000000800b7a0                USB_EPStartXfer
 .text.USB_EPSetStall
                0x000000000800ca4c       0xa0 Drivers/STM32F0xx_HAL_Driver/Src/stm32f0xx_ll_usb.o
                0x000000000800ca4c                USB_EPSetStall
 .text.USB_EPClearStall
                0x000000000800caec      0x164 Drivers/STM32F0xx_HAL_Driver/Src/stm32f0xx_ll_usb.o
                0x000000000800caec                USB_EPClearStall
 .text.USB_SetDevAddress
                0x000000000800cc50       0x28 Drivers/STM32F0xx_HAL_Driver/Src/stm32f0xx_ll_usb.o
                0x000000000800cc50                USB_SetDevAddress
 .text.USB_DevConnect
                0x000000000800cc78       0x2c Drivers/STM32F0xx_HAL_Driver/Src/stm32f0xx_ll_usb.o
                0x000000000800cc78                USB_DevConnect
 .text.USB_ReadInterrupts
                0x000000000800cca4       0x1c Drivers/STM32F0xx_HAL_Driver/Src/stm32f0xx_ll_usb.o
                0x000000000800cca4                USB_ReadInterrupts
 .text.USB_WritePMA
                0x000000000800ccc0       0x86 Drivers/STM32F0xx_HAL_Driver/Src/stm32f0xx_ll_usb.o
                0x000000000800ccc0                USB_WritePMA
 .text.USB_ReadPMA
                0x000000000800cd46       0x9e Drivers/STM32F0xx_HAL_Driver/Src/stm32f0xx_ll_usb.o
                0x000000000800cd46                USB_ReadPMA
 .text.USBD_CDC_Init
                0x000000000800cde4      0x118 Middlewares/ST/STM32_USB_Device_Library/Class/CDC/Src/usbd_cdc.o
 .text.USBD_CDC_DeInit
                0x000000000800cefc       0x88 Middlewares/ST/STM32_USB_Device_Library/Class/CDC/Src/usbd_cdc.o
 .text.USBD_CDC_Setup
                0x000000000800cf84      0x18c Middlewares/ST/STM32_USB_Device_Library/Class/CDC/Src/usbd_cdc.o
 .text.USBD_CDC_DataIn
                0x000000000800d110       0xb6 Middlewares/ST/STM32_USB_Device_Library/Class/CDC/Src/usbd_cdc.o
 .text.USBD_CDC_DataOut
                0x000000000800d1c6       0x6a Middlewares/ST/STM32_USB_Device_Library/Class/CDC/Src/usbd_cdc.o
 .text.USBD_CDC_EP0_RxReady
                0x000000000800d230       0x64 Middlewares/ST/STM32_USB_Device_Library/Class/CDC/Src/usbd_cdc.o
 .text.USBD_CDC_GetFSCfgDesc
                0x000000000800d294       0x1c Middlewares/ST/STM32_USB_Device_Library/Class/CDC/Src/usbd_cdc.o
 .text.USBD_CDC_GetHSCfgDesc
                0x000000000800d2b0       0x1c Middlewares/ST/STM32_USB_Device_Library/Class/CDC/Src/usbd_cdc.o
 .text.USBD_CDC_GetOtherSpeedCfgDesc
                0x000000000800d2cc       0x1c Middlewares/ST/STM32_USB_Device_Library/Class/CDC/Src/usbd_cdc.o
 .text.USBD_CDC_GetDeviceQualifierDescriptor
                0x000000000800d2e8       0x1c Middlewares/ST/STM32_USB_Device_Library/Class/CDC/Src/usbd_cdc.o
                0x000000000800d2e8                USBD_CDC_GetDeviceQualifierDescriptor
 .text.USBD_CDC_RegisterInterface
                0x000000000800d304       0x38 Middlewares/ST/STM32_USB_Device_Library/Class/CDC/Src/usbd_cdc.o
                0x000000000800d304                USBD_CDC_RegisterInterface
 .text.USBD_CDC_SetTxBuffer
                0x000000000800d33c       0x38 Middlewares/ST/STM32_USB_Device_Library/Class/CDC/Src/usbd_cdc.o
                0x000000000800d33c                USBD_CDC_SetTxBuffer
 .text.USBD_CDC_SetRxBuffer
                0x000000000800d374       0x28 Middlewares/ST/STM32_USB_Device_Library/Class/CDC/Src/usbd_cdc.o
                0x000000000800d374                USBD_CDC_SetRxBuffer
 .text.USBD_CDC_TransmitPacket
                0x000000000800d39c       0x6e Middlewares/ST/STM32_USB_Device_Library/Class/CDC/Src/usbd_cdc.o
                0x000000000800d39c                USBD_CDC_TransmitPacket
 .text.USBD_CDC_ReceivePacket
                0x000000000800d40a       0x5c Middlewares/ST/STM32_USB_Device_Library/Class/CDC/Src/usbd_cdc.o
                0x000000000800d40a                USBD_CDC_ReceivePacket
 .text.USBD_Init
                0x000000000800d466       0x62 Middlewares/ST/STM32_USB_Device_Library/Core/Src/usbd_core.o
                0x000000000800d466                USBD_Init
 .text.USBD_RegisterClass
                0x000000000800d4c8       0x42 Middlewares/ST/STM32_USB_Device_Library/Core/Src/usbd_core.o
                0x000000000800d4c8                USBD_RegisterClass
 .text.USBD_Start
                0x000000000800d50a       0x1a Middlewares/ST/STM32_USB_Device_Library/Core/Src/usbd_core.o
                0x000000000800d50a                USBD_Start
 .text.USBD_RunTestMode
                0x000000000800d524       0x12 Middlewares/ST/STM32_USB_Device_Library/Core/Src/usbd_core.o
                0x000000000800d524                USBD_RunTestMode
 .text.USBD_SetClassConfig
                0x000000000800d536       0x50 Middlewares/ST/STM32_USB_Device_Library/Core/Src/usbd_core.o
                0x000000000800d536                USBD_SetClassConfig
 .text.USBD_ClrClassConfig
                0x000000000800d586       0x2c Middlewares/ST/STM32_USB_Device_Library/Core/Src/usbd_core.o
                0x000000000800d586                USBD_ClrClassConfig
 *fill*         0x000000000800d5b2        0x2 
 .text.USBD_LL_SetupStage
                0x000000000800d5b4       0xb8 Middlewares/ST/STM32_USB_Device_Library/Core/Src/usbd_core.o
                0x000000000800d5b4                USBD_LL_SetupStage
 .text.USBD_LL_DataOutStage
                0x000000000800d66c      0x104 Middlewares/ST/STM32_USB_Device_Library/Core/Src/usbd_core.o
                0x000000000800d66c                USBD_LL_DataOutStage
 .text.USBD_LL_DataInStage
                0x000000000800d770      0x17a Middlewares/ST/STM32_USB_Device_Library/Core/Src/usbd_core.o
                0x000000000800d770                USBD_LL_DataInStage
 .text.USBD_LL_Reset
                0x000000000800d8ea       0x90 Middlewares/ST/STM32_USB_Device_Library/Core/Src/usbd_core.o
                0x000000000800d8ea                USBD_LL_Reset
 .text.USBD_LL_SetSpeed
                0x000000000800d97a       0x20 Middlewares/ST/STM32_USB_Device_Library/Core/Src/usbd_core.o
                0x000000000800d97a                USBD_LL_SetSpeed
 *fill*         0x000000000800d99a        0x2 
 .text.USBD_LL_Suspend
                0x000000000800d99c       0x30 Middlewares/ST/STM32_USB_Device_Library/Core/Src/usbd_core.o
                0x000000000800d99c                USBD_LL_Suspend
 .text.USBD_LL_Resume
                0x000000000800d9cc       0x30 Middlewares/ST/STM32_USB_Device_Library/Core/Src/usbd_core.o
                0x000000000800d9cc                USBD_LL_Resume
 .text.USBD_LL_SOF
                0x000000000800d9fc       0x3c Middlewares/ST/STM32_USB_Device_Library/Core/Src/usbd_core.o
                0x000000000800d9fc                USBD_LL_SOF
 .text.USBD_StdDevReq
                0x000000000800da38       0xe4 Middlewares/ST/STM32_USB_Device_Library/Core/Src/usbd_ctlreq.o
                0x000000000800da38                USBD_StdDevReq
 .text.USBD_StdItfReq
                0x000000000800db1c       0xae Middlewares/ST/STM32_USB_Device_Library/Core/Src/usbd_ctlreq.o
                0x000000000800db1c                USBD_StdItfReq
 .text.USBD_StdEPReq
                0x000000000800dbca      0x37c Middlewares/ST/STM32_USB_Device_Library/Core/Src/usbd_ctlreq.o
                0x000000000800dbca                USBD_StdEPReq
 *fill*         0x000000000800df46        0x2 
 .text.USBD_GetDescriptor
                0x000000000800df48      0x368 Middlewares/ST/STM32_USB_Device_Library/Core/Src/usbd_ctlreq.o
 .text.USBD_SetAddress
                0x000000000800e2b0       0xa8 Middlewares/ST/STM32_USB_Device_Library/Core/Src/usbd_ctlreq.o
 .text.USBD_SetConfig
                0x000000000800e358      0x148 Middlewares/ST/STM32_USB_Device_Library/Core/Src/usbd_ctlreq.o
 .text.USBD_GetConfig
                0x000000000800e4a0       0x74 Middlewares/ST/STM32_USB_Device_Library/Core/Src/usbd_ctlreq.o
 .text.USBD_GetStatus
                0x000000000800e514       0x74 Middlewares/ST/STM32_USB_Device_Library/Core/Src/usbd_ctlreq.o
 .text.USBD_SetFeature
                0x000000000800e588       0x2c Middlewares/ST/STM32_USB_Device_Library/Core/Src/usbd_ctlreq.o
 .text.USBD_ClrFeature
                0x000000000800e5b4       0x4c Middlewares/ST/STM32_USB_Device_Library/Core/Src/usbd_ctlreq.o
 .text.USBD_ParseSetupRequest
                0x000000000800e600       0x76 Middlewares/ST/STM32_USB_Device_Library/Core/Src/usbd_ctlreq.o
                0x000000000800e600                USBD_ParseSetupRequest
 .text.USBD_CtlError
                0x000000000800e676       0x26 Middlewares/ST/STM32_USB_Device_Library/Core/Src/usbd_ctlreq.o
                0x000000000800e676                USBD_CtlError
 .text.USBD_GetString
                0x000000000800e69c       0x9e Middlewares/ST/STM32_USB_Device_Library/Core/Src/usbd_ctlreq.o
                0x000000000800e69c                USBD_GetString
 .text.USBD_GetLen
                0x000000000800e73a       0x3a Middlewares/ST/STM32_USB_Device_Library/Core/Src/usbd_ctlreq.o
 .text.USBD_CtlSendData
                0x000000000800e774       0x40 Middlewares/ST/STM32_USB_Device_Library/Core/Src/usbd_ioreq.o
                0x000000000800e774                USBD_CtlSendData
 .text.USBD_CtlContinueSendData
                0x000000000800e7b4       0x26 Middlewares/ST/STM32_USB_Device_Library/Core/Src/usbd_ioreq.o
                0x000000000800e7b4                USBD_CtlContinueSendData
 .text.USBD_CtlPrepareRx
                0x000000000800e7da       0x48 Middlewares/ST/STM32_USB_Device_Library/Core/Src/usbd_ioreq.o
                0x000000000800e7da                USBD_CtlPrepareRx
 .text.USBD_CtlContinueRx
                0x000000000800e822       0x26 Middlewares/ST/STM32_USB_Device_Library/Core/Src/usbd_ioreq.o
                0x000000000800e822                USBD_CtlContinueRx
 .text.USBD_CtlSendStatus
                0x000000000800e848       0x28 Middlewares/ST/STM32_USB_Device_Library/Core/Src/usbd_ioreq.o
                0x000000000800e848                USBD_CtlSendStatus
 .text.USBD_CtlReceiveStatus
                0x000000000800e870       0x28 Middlewares/ST/STM32_USB_Device_Library/Core/Src/usbd_ioreq.o
                0x000000000800e870                USBD_CtlReceiveStatus
 .text.MX_USB_DEVICE_Init
                0x000000000800e898       0x68 USB_DEVICE/App/usb_device.o
                0x000000000800e898                MX_USB_DEVICE_Init
 .text.CDC_Init_FS
                0x000000000800e900       0x30 USB_DEVICE/App/usbd_cdc_if.o
 .text.CDC_DeInit_FS
                0x000000000800e930        0xc USB_DEVICE/App/usbd_cdc_if.o
 .text.CDC_Control_FS
                0x000000000800e93c       0x38 USB_DEVICE/App/usbd_cdc_if.o
 .text.CDC_Receive_FS
                0x000000000800e974       0x40 USB_DEVICE/App/usbd_cdc_if.o
 .text.CDC_Transmit_FS
                0x000000000800e9b4       0x60 USB_DEVICE/App/usbd_cdc_if.o
                0x000000000800e9b4                CDC_Transmit_FS
 .text.USBD_FS_DeviceDescriptor
                0x000000000800ea14       0x24 USB_DEVICE/App/usbd_desc.o
                0x000000000800ea14                USBD_FS_DeviceDescriptor
 .text.USBD_FS_LangIDStrDescriptor
                0x000000000800ea38       0x24 USB_DEVICE/App/usbd_desc.o
                0x000000000800ea38                USBD_FS_LangIDStrDescriptor
 .text.USBD_FS_ProductStrDescriptor
                0x000000000800ea5c       0x44 USB_DEVICE/App/usbd_desc.o
                0x000000000800ea5c                USBD_FS_ProductStrDescriptor
 .text.USBD_FS_ManufacturerStrDescriptor
                0x000000000800eaa0       0x2c USB_DEVICE/App/usbd_desc.o
                0x000000000800eaa0                USBD_FS_ManufacturerStrDescriptor
 .text.USBD_FS_SerialStrDescriptor
                0x000000000800eacc       0x28 USB_DEVICE/App/usbd_desc.o
                0x000000000800eacc                USBD_FS_SerialStrDescriptor
 .text.USBD_FS_ConfigStrDescriptor
                0x000000000800eaf4       0x44 USB_DEVICE/App/usbd_desc.o
                0x000000000800eaf4                USBD_FS_ConfigStrDescriptor
 .text.USBD_FS_InterfaceStrDescriptor
                0x000000000800eb38       0x44 USB_DEVICE/App/usbd_desc.o
                0x000000000800eb38                USBD_FS_InterfaceStrDescriptor
 .text.Get_SerialNum
                0x000000000800eb7c       0x5c USB_DEVICE/App/usbd_desc.o
 .text.IntToUnicode
                0x000000000800ebd8       0x94 USB_DEVICE/App/usbd_desc.o
 .text.HAL_PCD_MspInit
                0x000000000800ec6c       0x50 USB_DEVICE/Target/usbd_conf.o
                0x000000000800ec6c                HAL_PCD_MspInit
 .text.HAL_PCD_SetupStageCallback
                0x000000000800ecbc       0x2a USB_DEVICE/Target/usbd_conf.o
                0x000000000800ecbc                HAL_PCD_SetupStageCallback
 .text.HAL_PCD_DataOutStageCallback
                0x000000000800ece6       0x42 USB_DEVICE/Target/usbd_conf.o
                0x000000000800ece6                HAL_PCD_DataOutStageCallback
 .text.HAL_PCD_DataInStageCallback
                0x000000000800ed28       0x3c USB_DEVICE/Target/usbd_conf.o
                0x000000000800ed28                HAL_PCD_DataInStageCallback
 .text.HAL_PCD_SOFCallback
                0x000000000800ed64       0x1e USB_DEVICE/Target/usbd_conf.o
                0x000000000800ed64                HAL_PCD_SOFCallback
 .text.HAL_PCD_ResetCallback
                0x000000000800ed82       0x48 USB_DEVICE/Target/usbd_conf.o
                0x000000000800ed82                HAL_PCD_ResetCallback
 *fill*         0x000000000800edca        0x2 
 .text.HAL_PCD_SuspendCallback
                0x000000000800edcc       0x38 USB_DEVICE/Target/usbd_conf.o
                0x000000000800edcc                HAL_PCD_SuspendCallback
 .text.HAL_PCD_ResumeCallback
                0x000000000800ee04       0x3c USB_DEVICE/Target/usbd_conf.o
                0x000000000800ee04                HAL_PCD_ResumeCallback
 .text.USBD_LL_Init
                0x000000000800ee40       0xc8 USB_DEVICE/Target/usbd_conf.o
                0x000000000800ee40                USBD_LL_Init
 .text.USBD_LL_Start
                0x000000000800ef08       0x4c USB_DEVICE/Target/usbd_conf.o
                0x000000000800ef08                USBD_LL_Start
 .text.USBD_LL_OpenEP
                0x000000000800ef54       0x6e USB_DEVICE/Target/usbd_conf.o
                0x000000000800ef54                USBD_LL_OpenEP
 .text.USBD_LL_CloseEP
                0x000000000800efc2       0x58 USB_DEVICE/Target/usbd_conf.o
                0x000000000800efc2                USBD_LL_CloseEP
 .text.USBD_LL_StallEP
                0x000000000800f01a       0x58 USB_DEVICE/Target/usbd_conf.o
                0x000000000800f01a                USBD_LL_StallEP
 .text.USBD_LL_ClearStallEP
                0x000000000800f072       0x58 USB_DEVICE/Target/usbd_conf.o
                0x000000000800f072                USBD_LL_ClearStallEP
 .text.USBD_LL_IsStallEP
                0x000000000800f0ca       0x62 USB_DEVICE/Target/usbd_conf.o
                0x000000000800f0ca                USBD_LL_IsStallEP
 .text.USBD_LL_SetUSBAddress
                0x000000000800f12c       0x58 USB_DEVICE/Target/usbd_conf.o
                0x000000000800f12c                USBD_LL_SetUSBAddress
 .text.USBD_LL_Transmit
                0x000000000800f184       0x70 USB_DEVICE/Target/usbd_conf.o
                0x000000000800f184                USBD_LL_Transmit
 .text.USBD_LL_PrepareReceive
                0x000000000800f1f4       0x70 USB_DEVICE/Target/usbd_conf.o
                0x000000000800f1f4                USBD_LL_PrepareReceive
 .text.USBD_LL_GetRxDataSize
                0x000000000800f264       0x2c USB_DEVICE/Target/usbd_conf.o
                0x000000000800f264                USBD_LL_GetRxDataSize
 .text.USBD_static_malloc
                0x000000000800f290       0x18 USB_DEVICE/Target/usbd_conf.o
                0x000000000800f290                USBD_static_malloc
 .text.USBD_static_free
                0x000000000800f2a8       0x10 USB_DEVICE/Target/usbd_conf.o
                0x000000000800f2a8                USBD_static_free
 .text.SystemClockConfig_Resume
                0x000000000800f2b8        0xe USB_DEVICE/Target/usbd_conf.o
 .text.USBD_Get_USB_Status
                0x000000000800f2c6       0x6e USB_DEVICE/Target/usbd_conf.o
 .text.__libc_init_array
                0x000000000800f334       0x48 d:/st/stm32cubeide_1.4.0/stm32cubeide/plugins/com.st.stm32cube.ide.mcu.externaltools.gnu-tools-for-stm32.7-2018-q2-update.win32_1.4.0.202007081208/tools/bin/../lib/gcc/arm-none-eabi/7.3.1/../../../../arm-none-eabi/lib/thumb/v6-m\libc_nano.a(lib_a-init.o)
                0x000000000800f334                __libc_init_array
 .text.memset   0x000000000800f37c       0x10 d:/st/stm32cubeide_1.4.0/stm32cubeide/plugins/com.st.stm32cube.ide.mcu.externaltools.gnu-tools-for-stm32.7-2018-q2-update.win32_1.4.0.202007081208/tools/bin/../lib/gcc/arm-none-eabi/7.3.1/../../../../arm-none-eabi/lib/thumb/v6-m\libc_nano.a(lib_a-memset.o)
                0x000000000800f37c                memset
 *(.glue_7)
 .glue_7        0x000000000800f38c        0x0 linker stubs
 *(.glue_7t)
 .glue_7t       0x000000000800f38c        0x0 linker stubs
 *(.eh_frame)
 .eh_frame      0x000000000800f38c        0x0 d:/st/stm32cubeide_1.4.0/stm32cubeide/plugins/com.st.stm32cube.ide.mcu.externaltools.gnu-tools-for-stm32.7-2018-q2-update.win32_1.4.0.202007081208/tools/bin/../lib/gcc/arm-none-eabi/7.3.1/thumb/v6-m/crtbegin.o
 *(.init)
 .init          0x000000000800f38c        0x4 d:/st/stm32cubeide_1.4.0/stm32cubeide/plugins/com.st.stm32cube.ide.mcu.externaltools.gnu-tools-for-stm32.7-2018-q2-update.win32_1.4.0.202007081208/tools/bin/../lib/gcc/arm-none-eabi/7.3.1/thumb/v6-m/crti.o
                0x000000000800f38c                _init
 .init          0x000000000800f390        0x8 d:/st/stm32cubeide_1.4.0/stm32cubeide/plugins/com.st.stm32cube.ide.mcu.externaltools.gnu-tools-for-stm32.7-2018-q2-update.win32_1.4.0.202007081208/tools/bin/../lib/gcc/arm-none-eabi/7.3.1/thumb/v6-m/crtn.o
 *(.fini)
 .fini          0x000000000800f398        0x4 d:/st/stm32cubeide_1.4.0/stm32cubeide/plugins/com.st.stm32cube.ide.mcu.externaltools.gnu-tools-for-stm32.7-2018-q2-update.win32_1.4.0.202007081208/tools/bin/../lib/gcc/arm-none-eabi/7.3.1/thumb/v6-m/crti.o
                0x000000000800f398                _fini
 .fini          0x000000000800f39c        0x8 d:/st/stm32cubeide_1.4.0/stm32cubeide/plugins/com.st.stm32cube.ide.mcu.externaltools.gnu-tools-for-stm32.7-2018-q2-update.win32_1.4.0.202007081208/tools/bin/../lib/gcc/arm-none-eabi/7.3.1/thumb/v6-m/crtn.o
                0x000000000800f3a4                . = ALIGN (0x4)
                0x000000000800f3a4                _etext = .

.vfp11_veneer   0x000000000800f3a4        0x0
 .vfp11_veneer  0x000000000800f3a4        0x0 linker stubs

.v4_bx          0x000000000800f3a4        0x0
 .v4_bx         0x000000000800f3a4        0x0 linker stubs

.iplt           0x000000000800f3a4        0x0
 .iplt          0x000000000800f3a4        0x0 d:/st/stm32cubeide_1.4.0/stm32cubeide/plugins/com.st.stm32cube.ide.mcu.externaltools.gnu-tools-for-stm32.7-2018-q2-update.win32_1.4.0.202007081208/tools/bin/../lib/gcc/arm-none-eabi/7.3.1/thumb/v6-m/crtbegin.o

.rodata         0x000000000800f3a4      0x288
                0x000000000800f3a4                . = ALIGN (0x4)
 *(.rodata)
 .rodata        0x000000000800f3a4       0x20 Drivers/STM32F0xx_HAL_Driver/Src/stm32f0xx_hal_rcc.o
 .rodata        0x000000000800f3c4       0x46 USB_DEVICE/App/usbd_desc.o
 *(.rodata*)
 *fill*         0x000000000800f40a        0x2 
 .rodata.serial_processFrame
                0x000000000800f40c       0x1c Core/Src/panda_serial_device.o
 .rodata.usb_processFrame
                0x000000000800f428       0xfc Core/Src/panda_usb_device.o
 .rodata.AHBPrescTable
                0x000000000800f524       0x10 Core/Src/system_stm32f0xx.o
                0x000000000800f524                AHBPrescTable
 .rodata.APBPrescTable
                0x000000000800f534        0x8 Core/Src/system_stm32f0xx.o
                0x000000000800f534                APBPrescTable
 .rodata.USBD_StdDevReq
                0x000000000800f53c       0x28 Middlewares/ST/STM32_USB_Device_Library/Core/Src/usbd_ctlreq.o
 .rodata.USBD_GetDescriptor
                0x000000000800f564       0x38 Middlewares/ST/STM32_USB_Device_Library/Core/Src/usbd_ctlreq.o
 .rodata.CDC_Control_FS
                0x000000000800f59c       0x90 USB_DEVICE/App/usbd_cdc_if.o
                0x000000000800f62c                . = ALIGN (0x4)

.rel.dyn        0x000000000800f62c        0x0
 .rel.iplt      0x000000000800f62c        0x0 d:/st/stm32cubeide_1.4.0/stm32cubeide/plugins/com.st.stm32cube.ide.mcu.externaltools.gnu-tools-for-stm32.7-2018-q2-update.win32_1.4.0.202007081208/tools/bin/../lib/gcc/arm-none-eabi/7.3.1/thumb/v6-m/crtbegin.o

.ARM.extab      0x000000000800f62c        0x0
                0x000000000800f62c                . = ALIGN (0x4)
 *(.ARM.extab* .gnu.linkonce.armextab.*)
                0x000000000800f62c                . = ALIGN (0x4)

.ARM            0x000000000800f62c        0x0
                0x000000000800f62c                . = ALIGN (0x4)
                0x000000000800f62c                __exidx_start = .
 *(.ARM.exidx*)
                0x000000000800f62c                __exidx_end = .
                0x000000000800f62c                . = ALIGN (0x4)

.preinit_array  0x000000000800f62c        0x0
                0x000000000800f62c                . = ALIGN (0x4)
                0x000000000800f62c                PROVIDE (__preinit_array_start = .)
 *(.preinit_array*)
                0x000000000800f62c                PROVIDE (__preinit_array_end = .)
                0x000000000800f62c                . = ALIGN (0x4)

.init_array     0x000000000800f62c        0x4
                0x000000000800f62c                . = ALIGN (0x4)
                0x000000000800f62c                PROVIDE (__init_array_start = .)
 *(SORT_BY_NAME(.init_array.*))
 *(.init_array*)
 .init_array    0x000000000800f62c        0x4 d:/st/stm32cubeide_1.4.0/stm32cubeide/plugins/com.st.stm32cube.ide.mcu.externaltools.gnu-tools-for-stm32.7-2018-q2-update.win32_1.4.0.202007081208/tools/bin/../lib/gcc/arm-none-eabi/7.3.1/thumb/v6-m/crtbegin.o
                0x000000000800f630                PROVIDE (__init_array_end = .)
                0x000000000800f630                . = ALIGN (0x4)

.fini_array     0x000000000800f630        0x4
                0x000000000800f630                . = ALIGN (0x4)
                [!provide]                        PROVIDE (__fini_array_start = .)
 *(SORT_BY_NAME(.fini_array.*))
 *(.fini_array*)
 .fini_array    0x000000000800f630        0x4 d:/st/stm32cubeide_1.4.0/stm32cubeide/plugins/com.st.stm32cube.ide.mcu.externaltools.gnu-tools-for-stm32.7-2018-q2-update.win32_1.4.0.202007081208/tools/bin/../lib/gcc/arm-none-eabi/7.3.1/thumb/v6-m/crtbegin.o
                [!provide]                        PROVIDE (__fini_array_end = .)
                0x000000000800f634                . = ALIGN (0x4)
                0x000000000800f634                _sidata = LOADADDR (.data)

.data           0x0000000020000000      0x288 load address 0x000000000800f634
                0x0000000020000000                . = ALIGN (0x4)
                0x0000000020000000                _sdata = .
 *(.data)
 *(.data*)
 .data.filter_taps
                0x0000000020000000      0x100 Core/Src/FIRFilter.o
 .data.gain_res_step
                0x0000000020000100        0x1 Core/Src/acquisition.o
                0x0000000020000100                gain_res_step
 .data.gain_res_wiper
                0x0000000020000101        0x1 Core/Src/acquisition.o
                0x0000000020000101                gain_res_wiper
 .data.user_led_period
                0x0000000020000102        0x2 Core/Src/outputs.o
                0x0000000020000102                user_led_period
 .data.last_mode.6992
                0x0000000020000104        0x1 Core/Src/outputs.o
 .data.modbus_device_address
                0x0000000020000105        0x1 Core/Src/panda_serial_device.o
                0x0000000020000105                modbus_device_address
 *fill*         0x0000000020000106        0x2 
 .data.frame_silence_time
                0x0000000020000108        0x4 Core/Src/panda_serial_device.o
                0x0000000020000108                frame_silence_time
 .data.SystemCoreClock
                0x000000002000010c        0x4 Core/Src/system_stm32f0xx.o
                0x000000002000010c                SystemCoreClock
 .data.uwTickPrio
                0x0000000020000110        0x4 Drivers/STM32F0xx_HAL_Driver/Src/stm32f0xx_hal.o
                0x0000000020000110                uwTickPrio
 .data.uwTickFreq
                0x0000000020000114        0x1 Drivers/STM32F0xx_HAL_Driver/Src/stm32f0xx_hal.o
                0x0000000020000114                uwTickFreq
 *fill*         0x0000000020000115        0x3 
 .data.USBD_CDC_DeviceQualifierDesc
                0x0000000020000118        0xa Middlewares/ST/STM32_USB_Device_Library/Class/CDC/Src/usbd_cdc.o
 *fill*         0x0000000020000122        0x2 
 .data.USBD_CDC
                0x0000000020000124       0x38 Middlewares/ST/STM32_USB_Device_Library/Class/CDC/Src/usbd_cdc.o
                0x0000000020000124                USBD_CDC
 .data.USBD_CDC_CfgHSDesc
                0x000000002000015c       0x43 Middlewares/ST/STM32_USB_Device_Library/Class/CDC/Src/usbd_cdc.o
                0x000000002000015c                USBD_CDC_CfgHSDesc
 *fill*         0x000000002000019f        0x1 
 .data.USBD_CDC_CfgFSDesc
                0x00000000200001a0       0x43 Middlewares/ST/STM32_USB_Device_Library/Class/CDC/Src/usbd_cdc.o
                0x00000000200001a0                USBD_CDC_CfgFSDesc
 *fill*         0x00000000200001e3        0x1 
 .data.USBD_CDC_OtherSpeedCfgDesc
                0x00000000200001e4       0x43 Middlewares/ST/STM32_USB_Device_Library/Class/CDC/Src/usbd_cdc.o
                0x00000000200001e4                USBD_CDC_OtherSpeedCfgDesc
 *fill*         0x0000000020000227        0x1 
 .data.USBD_Interface_fops_FS
                0x0000000020000228       0x10 USB_DEVICE/App/usbd_cdc_if.o
                0x0000000020000228                USBD_Interface_fops_FS
 .data.FS_Desc  0x0000000020000238       0x1c USB_DEVICE/App/usbd_desc.o
                0x0000000020000238                FS_Desc
 .data.USBD_FS_DeviceDesc
                0x0000000020000254       0x12 USB_DEVICE/App/usbd_desc.o
                0x0000000020000254                USBD_FS_DeviceDesc
 *fill*         0x0000000020000266        0x2 
 .data.USBD_LangIDDesc
                0x0000000020000268        0x4 USB_DEVICE/App/usbd_desc.o
                0x0000000020000268                USBD_LangIDDesc
 .data.USBD_StringSerial
                0x000000002000026c       0x1a USB_DEVICE/App/usbd_desc.o
                0x000000002000026c                USBD_StringSerial
                0x0000000020000288                . = ALIGN (0x4)
 *fill*         0x0000000020000286        0x2 
                0x0000000020000288                _edata = .

.igot.plt       0x0000000020000288        0x0 load address 0x000000000800f8bc
 .igot.plt      0x0000000020000288        0x0 d:/st/stm32cubeide_1.4.0/stm32cubeide/plugins/com.st.stm32cube.ide.mcu.externaltools.gnu-tools-for-stm32.7-2018-q2-update.win32_1.4.0.202007081208/tools/bin/../lib/gcc/arm-none-eabi/7.3.1/thumb/v6-m/crtbegin.o
                0x0000000020000288                . = ALIGN (0x4)

.bss            0x0000000020000288     0x1710 load address 0x000000000800f8bc
                0x0000000020000288                _sbss = .
                0x0000000020000288                __bss_start__ = _sbss
 *(.bss)
 .bss           0x0000000020000288       0x1c d:/st/stm32cubeide_1.4.0/stm32cubeide/plugins/com.st.stm32cube.ide.mcu.externaltools.gnu-tools-for-stm32.7-2018-q2-update.win32_1.4.0.202007081208/tools/bin/../lib/gcc/arm-none-eabi/7.3.1/thumb/v6-m/crtbegin.o
 *(.bss*)
 .bss.enc_pin_state
                0x00000000200002a4        0x1 Core/Src/acquisition.o
                0x00000000200002a4                enc_pin_state
 *fill*         0x00000000200002a5        0x3 
 .bss.encoder_count
                0x00000000200002a8        0x4 Core/Src/acquisition.o
                0x00000000200002a8                encoder_count
 .bss.encoder_mode
                0x00000000200002ac        0x1 Core/Src/acquisition.o
                0x00000000200002ac                encoder_mode
 *fill*         0x00000000200002ad        0x3 
 .bss.encoder_pwm_duty
                0x00000000200002b0        0x4 Core/Src/acquisition.o
                0x00000000200002b0                encoder_pwm_duty
 .bss.device_calibrated
                0x00000000200002b4        0x1 Core/Src/acquisition.o
                0x00000000200002b4                device_calibrated
 *fill*         0x00000000200002b5        0x3 
 .bss.pwm_rising_edge.7056
                0x00000000200002b8        0x4 Core/Src/acquisition.o
 .bss.pwm_period.7058
                0x00000000200002bc        0x4 Core/Src/acquisition.o
 .bss.pwm_duty_period.7057
                0x00000000200002c0        0x4 Core/Src/acquisition.o
 .bss.status_led
                0x00000000200002c4        0x1 Core/Src/outputs.o
                0x00000000200002c4                status_led
 .bss.user_led  0x00000000200002c5        0x1 Core/Src/outputs.o
                0x00000000200002c5                user_led
 .bss.userOut1  0x00000000200002c6        0x1 Core/Src/outputs.o
                0x00000000200002c6                userOut1
 .bss.userOut2  0x00000000200002c7        0x1 Core/Src/outputs.o
                0x00000000200002c7                userOut2
 .bss.last_toogle_time.7006
                0x00000000200002c8        0x4 Core/Src/outputs.o
 .bss.i2c_com_state
                0x00000000200002cc        0x1 Core/Src/panda_i2c.o
                0x00000000200002cc                i2c_com_state
 .bss.req_register.7040
                0x00000000200002cd        0x1 Core/Src/panda_i2c.o
 *fill*         0x00000000200002ce        0x2 
 .bss.rxBuff.7076
                0x00000000200002d0        0x4 Core/Src/panda_serial_device.o
 .bss.response.7108
                0x00000000200002d4       0x10 Core/Src/panda_serial_device.o
 .bss.rx_frame.7125
                0x00000000200002e4       0x10 Core/Src/panda_serial_device.o
 .bss.usb_active
                0x00000000200002f4        0x1 Core/Src/panda_usb_device.o
                0x00000000200002f4                usb_active
 *fill*         0x00000000200002f5        0x3 
 .bss.response.9013
                0x00000000200002f8       0x10 Core/Src/panda_usb_device.o
 .bss.rx_frame.9057
                0x0000000020000308       0x10 Core/Src/panda_usb_device.o
 .bss.cfgidx.8933
                0x0000000020000318        0x1 Middlewares/ST/STM32_USB_Device_Library/Core/Src/usbd_ctlreq.o
 *fill*         0x0000000020000319        0x3 
 .bss.mem.9002  0x000000002000031c      0x220 USB_DEVICE/Target/usbd_conf.o
 *(COMMON)
 COMMON         0x000000002000053c      0x11a Core/Src/acquisition.o
                0x000000002000053c                amp_filter
                0x0000000020000640                dac_handler
                0x0000000020000644                pwm_timer
                0x0000000020000648                adc_handler
                0x000000002000064c                dac_val
                0x0000000020000650                adc_dma_arr
 *fill*         0x0000000020000656        0x2 
 COMMON         0x0000000020000658      0x38c Core/Src/main.o
                0x0000000020000658                hi2c1
                0x00000000200006a4                hcrc
                0x00000000200006c8                canTxMsg
                0x00000000200006e0                hcan
                0x0000000020000708                canFilterConfig
                0x0000000020000730                aux
                0x0000000020000734                usb_Q
                0x0000000020000778                huart1
                0x00000000200007f8                hdac
                0x000000002000080c                serial_Q
                0x0000000020000854                canRxMsg
                0x0000000020000870                hspi1
                0x00000000200008d4                htim2
                0x0000000020000914                htim14
                0x0000000020000954                hdma_adc
                0x0000000020000998                hadc
                0x00000000200009d8                txMailbox
                0x00000000200009dc                canRx
 COMMON         0x00000000200009e4       0x1c Core/Src/panda_i2c.o
                0x00000000200009e4                i2c_req_n
                0x00000000200009e8                i2cRXBuf
                0x00000000200009f0                i2cTXBuf
                0x00000000200009f8                i2c_res_n
                0x00000000200009fc                hi2c
 COMMON         0x0000000020000a00        0x4 Core/Src/panda_serial_device.o
                0x0000000020000a00                huart
 COMMON         0x0000000020000a04        0x8 Core/Src/spi_devices.o
                0x0000000020000a04                last_digipot_data
                0x0000000020000a08                hspix
 COMMON         0x0000000020000a0c        0x4 Drivers/STM32F0xx_HAL_Driver/Src/stm32f0xx_hal.o
                0x0000000020000a0c                uwTick
 COMMON         0x0000000020000a10      0x2c4 USB_DEVICE/App/usb_device.o
                0x0000000020000a10                hUsbDeviceFS
 COMMON         0x0000000020000cd4      0x7d0 USB_DEVICE/App/usbd_cdc_if.o
                0x0000000020000cd4                UserRxBufferFS
                0x00000000200010bc                UserTxBufferFS
 COMMON         0x00000000200014a4      0x200 USB_DEVICE/App/usbd_desc.o
                0x00000000200014a4                USBD_StrDesc
 COMMON         0x00000000200016a4      0x2f4 USB_DEVICE/Target/usbd_conf.o
                0x00000000200016a4                hpcd_USB_FS
                0x0000000020001998                . = ALIGN (0x4)
                0x0000000020001998                _ebss = .
                0x0000000020001998                __bss_end__ = _ebss

._user_heap_stack
                0x0000000020001998      0x600 load address 0x000000000800f8bc
                0x0000000020001998                . = ALIGN (0x8)
                [!provide]                        PROVIDE (end = .)
                0x0000000020001998                PROVIDE (_end = .)
                0x0000000020001b98                . = (. + _Min_Heap_Size)
 *fill*         0x0000000020001998      0x200 
                0x0000000020001f98                . = (. + _Min_Stack_Size)
 *fill*         0x0000000020001b98      0x400 
                0x0000000020001f98                . = ALIGN (0x8)

/DISCARD/
 libc.a(*)
 libm.a(*)
 libgcc.a(*)

.ARM.attributes
                0x0000000000000000       0x28
 *(.ARM.attributes)
 .ARM.attributes
                0x0000000000000000       0x1e d:/st/stm32cubeide_1.4.0/stm32cubeide/plugins/com.st.stm32cube.ide.mcu.externaltools.gnu-tools-for-stm32.7-2018-q2-update.win32_1.4.0.202007081208/tools/bin/../lib/gcc/arm-none-eabi/7.3.1/thumb/v6-m/crti.o
 .ARM.attributes
                0x000000000000001e       0x2c d:/st/stm32cubeide_1.4.0/stm32cubeide/plugins/com.st.stm32cube.ide.mcu.externaltools.gnu-tools-for-stm32.7-2018-q2-update.win32_1.4.0.202007081208/tools/bin/../lib/gcc/arm-none-eabi/7.3.1/thumb/v6-m/crtbegin.o
 .ARM.attributes
                0x000000000000004a       0x31 Core/Src/FIRFilter.o
 .ARM.attributes
                0x000000000000007b       0x31 Core/Src/acquisition.o
 .ARM.attributes
                0x00000000000000ac       0x31 Core/Src/main.o
 .ARM.attributes
                0x00000000000000dd       0x31 Core/Src/outputs.o
 .ARM.attributes
                0x000000000000010e       0x31 Core/Src/panda_i2c.o
 .ARM.attributes
                0x000000000000013f       0x31 Core/Src/panda_modbus.o
 .ARM.attributes
                0x0000000000000170       0x31 Core/Src/panda_serial_device.o
 .ARM.attributes
                0x00000000000001a1       0x31 Core/Src/panda_usb_device.o
 .ARM.attributes
                0x00000000000001d2       0x31 Core/Src/panda_utils.o
 .ARM.attributes
                0x0000000000000203       0x31 Core/Src/spi_devices.o
 .ARM.attributes
                0x0000000000000234       0x31 Core/Src/stm32f0xx_hal_msp.o
 .ARM.attributes
                0x0000000000000265       0x31 Core/Src/stm32f0xx_it.o
 .ARM.attributes
                0x0000000000000296       0x31 Core/Src/system_stm32f0xx.o
 .ARM.attributes
                0x00000000000002c7       0x21 Core/Startup/startup_stm32f072c8ux.o
 .ARM.attributes
                0x00000000000002e8       0x31 Drivers/STM32F0xx_HAL_Driver/Src/stm32f0xx_hal.o
 .ARM.attributes
                0x0000000000000319       0x31 Drivers/STM32F0xx_HAL_Driver/Src/stm32f0xx_hal_adc.o
 .ARM.attributes
                0x000000000000034a       0x31 Drivers/STM32F0xx_HAL_Driver/Src/stm32f0xx_hal_can.o
 .ARM.attributes
                0x000000000000037b       0x31 Drivers/STM32F0xx_HAL_Driver/Src/stm32f0xx_hal_cortex.o
 .ARM.attributes
                0x00000000000003ac       0x31 Drivers/STM32F0xx_HAL_Driver/Src/stm32f0xx_hal_crc.o
 .ARM.attributes
                0x00000000000003dd       0x31 Drivers/STM32F0xx_HAL_Driver/Src/stm32f0xx_hal_crc_ex.o
 .ARM.attributes