Archive member included to satisfy reference by file (symbol)

d:/st/stm32cubeide_1.4.0/stm32cubeide/plugins/com.st.stm32cube.ide.mcu.externaltools.gnu-tools-for-stm32.7-2018-q2-update.win32_1.4.0.202007081208/tools/bin/../lib/gcc/arm-none-eabi/7.3.1/../../../../arm-none-eabi/lib/thumb/v6-m\libc_nano.a(lib_a-errno.o)
                              Core/Src/syscalls.o (__errno)
d:/st/stm32cubeide_1.4.0/stm32cubeide/plugins/com.st.stm32cube.ide.mcu.externaltools.gnu-tools-for-stm32.7-2018-q2-update.win32_1.4.0.202007081208/tools/bin/../lib/gcc/arm-none-eabi/7.3.1/../../../../arm-none-eabi/lib/thumb/v6-m\libc_nano.a(lib_a-exit.o)
                              d:/st/stm32cubeide_1.4.0/stm32cubeide/plugins/com.st.stm32cube.ide.mcu.externaltools.gnu-tools-for-stm32.7-2018-q2-update.win32_1.4.0.202007081208/tools/bin/../lib/gcc/arm-none-eabi/7.3.1/../../../../arm-none-eabi/lib/thumb/v6-m/crt0.o (exit)
d:/st/stm32cubeide_1.4.0/stm32cubeide/plugins/com.st.stm32cube.ide.mcu.externaltools.gnu-tools-for-stm32.7-2018-q2-update.win32_1.4.0.202007081208/tools/bin/../lib/gcc/arm-none-eabi/7.3.1/../../../../arm-none-eabi/lib/thumb/v6-m\libc_nano.a(lib_a-impure.o)
                              d:/st/stm32cubeide_1.4.0/stm32cubeide/plugins/com.st.stm32cube.ide.mcu.externaltools.gnu-tools-for-stm32.7-2018-q2-update.win32_1.4.0.202007081208/tools/bin/../lib/gcc/arm-none-eabi/7.3.1/../../../../arm-none-eabi/lib/thumb/v6-m\libc_nano.a(lib_a-exit.o) (_global_impure_ptr)
d:/st/stm32cubeide_1.4.0/stm32cubeide/plugins/com.st.stm32cube.ide.mcu.externaltools.gnu-tools-for-stm32.7-2018-q2-update.win32_1.4.0.202007081208/tools/bin/../lib/gcc/arm-none-eabi/7.3.1/../../../../arm-none-eabi/lib/thumb/v6-m\libc_nano.a(lib_a-init.o)
                              d:/st/stm32cubeide_1.4.0/stm32cubeide/plugins/com.st.stm32cube.ide.mcu.externaltools.gnu-tools-for-stm32.7-2018-q2-update.win32_1.4.0.202007081208/tools/bin/../lib/gcc/arm-none-eabi/7.3.1/../../../../arm-none-eabi/lib/thumb/v6-m/crt0.o (__libc_init_array)
d:/st/stm32cubeide_1.4.0/stm32cubeide/plugins/com.st.stm32cube.ide.mcu.externaltools.gnu-tools-for-stm32.7-2018-q2-update.win32_1.4.0.202007081208/tools/bin/../lib/gcc/arm-none-eabi/7.3.1/../../../../arm-none-eabi/lib/thumb/v6-m\libc_nano.a(lib_a-memcpy-stub.o)
                              Drivers/STM32F0xx_HAL_Driver/Src/stm32f0xx_hal_rcc.o (memcpy)
d:/st/stm32cubeide_1.4.0/stm32cubeide/plugins/com.st.stm32cube.ide.mcu.externaltools.gnu-tools-for-stm32.7-2018-q2-update.win32_1.4.0.202007081208/tools/bin/../lib/gcc/arm-none-eabi/7.3.1/../../../../arm-none-eabi/lib/thumb/v6-m\libc_nano.a(lib_a-memset.o)
                              d:/st/stm32cubeide_1.4.0/stm32cubeide/plugins/com.st.stm32cube.ide.mcu.externaltools.gnu-tools-for-stm32.7-2018-q2-update.win32_1.4.0.202007081208/tools/bin/../lib/gcc/arm-none-eabi/7.3.1/../../../../arm-none-eabi/lib/thumb/v6-m/crt0.o (memset)
d:/st/stm32cubeide_1.4.0/stm32cubeide/plugins/com.st.stm32cube.ide.mcu.externaltools.gnu-tools-for-stm32.7-2018-q2-update.win32_1.4.0.202007081208/tools/bin/../lib/gcc/arm-none-eabi/7.3.1/thumb/v6-m\libgcc.a(_thumb1_case_sqi.o)
                              Drivers/STM32F0xx_HAL_Driver/Src/stm32f0xx_hal_uart.o (__gnu_thumb1_case_sqi)
d:/st/stm32cubeide_1.4.0/stm32cubeide/plugins/com.st.stm32cube.ide.mcu.externaltools.gnu-tools-for-stm32.7-2018-q2-update.win32_1.4.0.202007081208/tools/bin/../lib/gcc/arm-none-eabi/7.3.1/thumb/v6-m\libgcc.a(_thumb1_case_uqi.o)
                              Core/Src/acquisition.o (__gnu_thumb1_case_uqi)
d:/st/stm32cubeide_1.4.0/stm32cubeide/plugins/com.st.stm32cube.ide.mcu.externaltools.gnu-tools-for-stm32.7-2018-q2-update.win32_1.4.0.202007081208/tools/bin/../lib/gcc/arm-none-eabi/7.3.1/thumb/v6-m\libgcc.a(_thumb1_case_uhi.o)
                              Core/Src/panda_usb_device.o (__gnu_thumb1_case_uhi)
d:/st/stm32cubeide_1.4.0/stm32cubeide/plugins/com.st.stm32cube.ide.mcu.externaltools.gnu-tools-for-stm32.7-2018-q2-update.win32_1.4.0.202007081208/tools/bin/../lib/gcc/arm-none-eabi/7.3.1/thumb/v6-m\libgcc.a(_udivsi3.o)
                              Core/Src/acquisition.o (__aeabi_uidiv)
d:/st/stm32cubeide_1.4.0/stm32cubeide/plugins/com.st.stm32cube.ide.mcu.externaltools.gnu-tools-for-stm32.7-2018-q2-update.win32_1.4.0.202007081208/tools/bin/../lib/gcc/arm-none-eabi/7.3.1/thumb/v6-m\libgcc.a(_divsi3.o)
                              Core/Src/acquisition.o (__aeabi_idiv)
d:/st/stm32cubeide_1.4.0/stm32cubeide/plugins/com.st.stm32cube.ide.mcu.externaltools.gnu-tools-for-stm32.7-2018-q2-update.win32_1.4.0.202007081208/tools/bin/../lib/gcc/arm-none-eabi/7.3.1/thumb/v6-m\libgcc.a(_dvmd_tls.o)
                              d:/st/stm32cubeide_1.4.0/stm32cubeide/plugins/com.st.stm32cube.ide.mcu.externaltools.gnu-tools-for-stm32.7-2018-q2-update.win32_1.4.0.202007081208/tools/bin/../lib/gcc/arm-none-eabi/7.3.1/thumb/v6-m\libgcc.a(_udivsi3.o) (__aeabi_idiv0)
[...]
Memory Configuration

Name             Origin             Length             Attributes
RAM              0x0000000020000000 0x0000000000004000 xrw
FLASH            0x0000000008000000 0x0000000000010000 xr
*default*        0x0000000000000000 0xffffffffffffffff

Linker script and memory map

LOAD d:/st/stm32cubeide_1.4.0/stm32cubeide/plugins/com.st.stm32cube.ide.mcu.externaltools.gnu-tools-for-stm32.7-2018-q2-update.win32_1.4.0.202007081208/tools/bin/../lib/gcc/arm-none-eabi/7.3.1/thumb/v6-m/crti.o
LOAD d:/st/stm32cubeide_1.4.0/stm32cubeide/plugins/com.st.stm32cube.ide.mcu.externaltools.gnu-tools-for-stm32.7-2018-q2-update.win32_1.4.0.202007081208/tools/bin/../lib/gcc/arm-none-eabi/7.3.1/thumb/v6-m/crtbegin.o
LOAD d:/st/stm32cubeide_1.4.0/stm32cubeide/plugins/com.st.stm32cube.ide.mcu.externaltools.gnu-tools-for-stm32.7-2018-q2-update.win32_1.4.0.202007081208/tools/bin/../lib/gcc/arm-none-eabi/7.3.1/../../../../arm-none-eabi/lib/thumb/v6-m/crt0.o
LOAD Core/Src/FIRFilter.o
LOAD Core/Src/acquisition.o
LOAD Core/Src/main.o
LOAD Core/Src/outputs.o
LOAD Core/Src/panda_i2c.o
LOAD Core/Src/panda_modbus.o
LOAD Core/Src/panda_serial_device.o
LOAD Core/Src/panda_usb_device.o
LOAD Core/Src/panda_utils.o
LOAD Core/Src/spi_devices.o
LOAD Core/Src/stm32f0xx_hal_msp.o
LOAD Core/Src/stm32f0xx_it.o
LOAD Core/Src/syscalls.o
LOAD Core/Src/sysmem.o
LOAD Core/Src/system_stm32f0xx.o
LOAD Core/Startup/startup_stm32f072c8ux.o
LOAD Drivers/STM32F0xx_HAL_Driver/Src/stm32f0xx_hal.o
LOAD Drivers/STM32F0xx_HAL_Driver/Src/stm32f0xx_hal_adc.o
LOAD Drivers/STM32F0xx_HAL_Driver/Src/stm32f0xx_hal_adc_ex.o
LOAD Drivers/STM32F0xx_HAL_Driver/Src/stm32f0xx_hal_can.o
LOAD Drivers/STM32F0xx_HAL_Driver/Src/stm32f0xx_hal_cortex.o
LOAD Drivers/STM32F0xx_HAL_Driver/Src/stm32f0xx_hal_crc.o
LOAD Drivers/STM32F0xx_HAL_Driver/Src/stm32f0xx_hal_crc_ex.o
LOAD Drivers/STM32F0xx_HAL_Driver/Src/stm32f0xx_hal_dac.o
LOAD Drivers/STM32F0xx_HAL_Driver/Src/stm32f0xx_hal_dac_ex.o
LOAD Drivers/STM32F0xx_HAL_Driver/Src/stm32f0xx_hal_dma.o
LOAD Drivers/STM32F0xx_HAL_Driver/Src/stm32f0xx_hal_exti.o
LOAD Drivers/STM32F0xx_HAL_Driver/Src/stm32f0xx_hal_flash.o
LOAD Drivers/STM32F0xx_HAL_Driver/Src/stm32f0xx_hal_flash_ex.o
LOAD Drivers/STM32F0xx_HAL_Driver/Src/stm32f0xx_hal_gpio.o
LOAD Drivers/STM32F0xx_HAL_Driver/Src/stm32f0xx_hal_i2c.o
LOAD Drivers/STM32F0xx_HAL_Driver/Src/stm32f0xx_hal_i2c_ex.o
LOAD Drivers/STM32F0xx_HAL_Driver/Src/stm32f0xx_hal_pcd.o
LOAD Drivers/STM32F0xx_HAL_Driver/Src/stm32f0xx_hal_pcd_ex.o
LOAD Drivers/STM32F0xx_HAL_Driver/Src/stm32f0xx_hal_pwr.o
LOAD Drivers/STM32F0xx_HAL_Driver/Src/stm32f0xx_hal_pwr_ex.o
LOAD Drivers/STM32F0xx_HAL_Driver/Src/stm32f0xx_hal_rcc.o
LOAD Drivers/STM32F0xx_HAL_Driver/Src/stm32f0xx_hal_rcc_ex.o
LOAD Drivers/STM32F0xx_HAL_Driver/Src/stm32f0xx_hal_spi.o
LOAD Drivers/STM32F0xx_HAL_Driver/Src/stm32f0xx_hal_spi_ex.o
LOAD Drivers/STM32F0xx_HAL_Driver/Src/stm32f0xx_hal_tim.o
LOAD Drivers/STM32F0xx_HAL_Driver/Src/stm32f0xx_hal_tim_ex.o
LOAD Drivers/STM32F0xx_HAL_Driver/Src/stm32f0xx_hal_uart.o
LOAD Drivers/STM32F0xx_HAL_Driver/Src/stm32f0xx_hal_uart_ex.o
LOAD Drivers/STM32F0xx_HAL_Driver/Src/stm32f0xx_ll_usb.o
LOAD Middlewares/ST/STM32_USB_Device_Library/Class/CDC/Src/usbd_cdc.o
LOAD Middlewares/ST/STM32_USB_Device_Library/Core/Src/usbd_core.o
LOAD Middlewares/ST/STM32_USB_Device_Library/Core/Src/usbd_ctlreq.o
LOAD Middlewares/ST/STM32_USB_Device_Library/Core/Src/usbd_ioreq.o
LOAD USB_DEVICE/App/usb_device.o
LOAD USB_DEVICE/App/usbd_cdc_if.o
LOAD USB_DEVICE/App/usbd_desc.o
LOAD USB_DEVICE/Target/usbd_conf.o
START GROUP
LOAD d:/st/stm32cubeide_1.4.0/stm32cubeide/plugins/com.st.stm32cube.ide.mcu.externaltools.gnu-tools-for-stm32.7-2018-q2-update.win32_1.4.0.202007081208/tools/bin/../lib/gcc/arm-none-eabi/7.3.1/../../../../arm-none-eabi/lib/thumb/v6-m\libc_nano.a
LOAD d:/st/stm32cubeide_1.4.0/stm32cubeide/plugins/com.st.stm32cube.ide.mcu.externaltools.gnu-tools-for-stm32.7-2018-q2-update.win32_1.4.0.202007081208/tools/bin/../lib/gcc/arm-none-eabi/7.3.1/../../../../arm-none-eabi/lib/thumb/v6-m\libm.a
END GROUP
START GROUP
LOAD d:/st/stm32cubeide_1.4.0/stm32cubeide/plugins/com.st.stm32cube.ide.mcu.externaltools.gnu-tools-for-stm32.7-2018-q2-update.win32_1.4.0.202007081208/tools/bin/../lib/gcc/arm-none-eabi/7.3.1/thumb/v6-m\libgcc.a
LOAD d:/st/stm32cubeide_1.4.0/stm32cubeide/plugins/com.st.stm32cube.ide.mcu.externaltools.gnu-tools-for-stm32.7-2018-q2-update.win32_1.4.0.202007081208/tools/bin/../lib/gcc/arm-none-eabi/7.3.1/../../../../arm-none-eabi/lib/thumb/v6-m\libc_nano.a
END GROUP
START GROUP
LOAD d:/st/stm32cubeide_1.4.0/stm32cubeide/plugins/com.st.stm32cube.ide.mcu.externaltools.gnu-tools-for-stm32.7-2018-q2-update.win32_1.4.0.202007081208/tools/bin/../lib/gcc/arm-none-eabi/7.3.1/thumb/v6-m\libgcc.a
LOAD d:/st/stm32cubeide_1.4.0/stm32cubeide/plugins/com.st.stm32cube.ide.mcu.externaltools.gnu-tools-for-stm32.7-2018-q2-update.win32_1.4.0.202007081208/tools/bin/../lib/gcc/arm-none-eabi/7.3.1/../../../../arm-none-eabi/lib/thumb/v6-m\libc_nano.a
LOAD d:/st/stm32cubeide_1.4.0/stm32cubeide/plugins/com.st.stm32cube.ide.mcu.externaltools.gnu-tools-for-stm32.7-2018-q2-update.win32_1.4.0.202007081208/tools/bin/../lib/gcc/arm-none-eabi/7.3.1/../../../../arm-none-eabi/lib/thumb/v6-m\libnosys.a
END GROUP
START GROUP
LOAD d:/st/stm32cubeide_1.4.0/stm32cubeide/plugins/com.st.stm32cube.ide.mcu.externaltools.gnu-tools-for-stm32.7-2018-q2-update.win32_1.4.0.202007081208/tools/bin/../lib/gcc/arm-none-eabi/7.3.1/thumb/v6-m\libgcc.a
LOAD d:/st/stm32cubeide_1.4.0/stm32cubeide/plugins/com.st.stm32cube.ide.mcu.externaltools.gnu-tools-for-stm32.7-2018-q2-update.win32_1.4.0.202007081208/tools/bin/../lib/gcc/arm-none-eabi/7.3.1/../../../../arm-none-eabi/lib/thumb/v6-m\libc_nano.a
LOAD d:/st/stm32cubeide_1.4.0/stm32cubeide/plugins/com.st.stm32cube.ide.mcu.externaltools.gnu-tools-for-stm32.7-2018-q2-update.win32_1.4.0.202007081208/tools/bin/../lib/gcc/arm-none-eabi/7.3.1/../../../../arm-none-eabi/lib/thumb/v6-m\libnosys.a
END GROUP
LOAD d:/st/stm32cubeide_1.4.0/stm32cubeide/plugins/com.st.stm32cube.ide.mcu.externaltools.gnu-tools-for-stm32.7-2018-q2-update.win32_1.4.0.202007081208/tools/bin/../lib/gcc/arm-none-eabi/7.3.1/thumb/v6-m/crtend.o
LOAD d:/st/stm32cubeide_1.4.0/stm32cubeide/plugins/com.st.stm32cube.ide.mcu.externaltools.gnu-tools-for-stm32.7-2018-q2-update.win32_1.4.0.202007081208/tools/bin/../lib/gcc/arm-none-eabi/7.3.1/thumb/v6-m/crtn.o
                0x0000000020004000                _estack = (ORIGIN (RAM) + LENGTH (RAM))
                0x0000000000000200                _Min_Heap_Size = 0x200
                0x0000000000000400                _Min_Stack_Size = 0x400

.isr_vector     0x0000000008000000       0xc0
                0x0000000008000000                . = ALIGN (0x4)
 *(.isr_vector)
 .isr_vector    0x0000000008000000       0xc0 Core/Startup/startup_stm32f072c8ux.o
                0x0000000008000000                g_pfnVectors
                0x00000000080000c0                . = ALIGN (0x4)

.text           0x00000000080000c0     0x6ee0
                0x00000000080000c0                . = ALIGN (0x4)
 *(.text)
 .text          0x00000000080000c0       0x48 d:/st/stm32cubeide_1.4.0/stm32cubeide/plugins/com.st.stm32cube.ide.mcu.externaltools.gnu-tools-for-stm32.7-2018-q2-update.win32_1.4.0.202007081208/tools/bin/../lib/gcc/arm-none-eabi/7.3.1/thumb/v6-m/crtbegin.o
 .text          0x0000000008000108       0x14 d:/st/stm32cubeide_1.4.0/stm32cubeide/plugins/com.st.stm32cube.ide.mcu.externaltools.gnu-tools-for-stm32.7-2018-q2-update.win32_1.4.0.202007081208/tools/bin/../lib/gcc/arm-none-eabi/7.3.1/thumb/v6-m\libgcc.a(_thumb1_case_sqi.o)
                0x0000000008000108                __gnu_thumb1_case_sqi
 .text          0x000000000800011c       0x14 d:/st/stm32cubeide_1.4.0/stm32cubeide/plugins/com.st.stm32cube.ide.mcu.externaltools.gnu-tools-for-stm32.7-2018-q2-update.win32_1.4.0.202007081208/tools/bin/../lib/gcc/arm-none-eabi/7.3.1/thumb/v6-m\libgcc.a(_thumb1_case_uqi.o)
                0x000000000800011c                __gnu_thumb1_case_uqi
 .text          0x0000000008000130       0x14 d:/st/stm32cubeide_1.4.0/stm32cubeide/plugins/com.st.stm32cube.ide.mcu.externaltools.gnu-tools-for-stm32.7-2018-q2-update.win32_1.4.0.202007081208/tools/bin/../lib/gcc/arm-none-eabi/7.3.1/thumb/v6-m\libgcc.a(_thumb1_case_uhi.o)
                0x0000000008000130                __gnu_thumb1_case_uhi
 .text          0x0000000008000144      0x114 d:/st/stm32cubeide_1.4.0/stm32cubeide/plugins/com.st.stm32cube.ide.mcu.externaltools.gnu-tools-for-stm32.7-2018-q2-update.win32_1.4.0.202007081208/tools/bin/../lib/gcc/arm-none-eabi/7.3.1/thumb/v6-m\libgcc.a(_udivsi3.o)
                0x0000000008000144                __aeabi_uidiv
                0x0000000008000144                __udivsi3
                0x0000000008000250                __aeabi_uidivmod
 .text          0x0000000008000258      0x1d4 d:/st/stm32cubeide_1.4.0/stm32cubeide/plugins/com.st.stm32cube.ide.mcu.externaltools.gnu-tools-for-stm32.7-2018-q2-update.win32_1.4.0.202007081208/tools/bin/../lib/gcc/arm-none-eabi/7.3.1/thumb/v6-m\libgcc.a(_divsi3.o)
                0x0000000008000258                __divsi3
                0x0000000008000258                __aeabi_idiv
                0x0000000008000424                __aeabi_idivmod
 .text          0x000000000800042c        0x4 d:/st/stm32cubeide_1.4.0/stm32cubeide/plugins/com.st.stm32cube.ide.mcu.externaltools.gnu-tools-for-stm32.7-2018-q2-update.win32_1.4.0.202007081208/tools/bin/../lib/gcc/arm-none-eabi/7.3.1/thumb/v6-m\libgcc.a(_dvmd_tls.o)
                0x000000000800042c                __aeabi_idiv0
                0x000000000800042c                __aeabi_ldiv0
 *(.text*)
 .text.FIRFilter_init
                0x0000000008000430       0x1a Core/Src/FIRFilter.o
                0x0000000008000430                FIRFilter_init
 .text.FIRFilter_put
                0x000000000800044a       0x1c Core/Src/FIRFilter.o
                0x000000000800044a                FIRFilter_put
 *fill*         0x0000000008000466        0x2 
 .text.FIRFilter_get
                0x0000000008000468       0x44 Core/Src/FIRFilter.o
                0x0000000008000468                FIRFilter_get
 .text.getAnalogRead
                0x00000000080004ac        0xc Core/Src/acquisition.o
                0x00000000080004ac                getAnalogRead
 .text.setEncoderCount
                0x00000000080004b8       0x38 Core/Src/acquisition.o
                0x00000000080004b8                setEncoderCount
 .text.setEncoderMode
                0x00000000080004f0        0xc Core/Src/acquisition.o
                0x00000000080004f0                setEncoderMode
 .text.getEncoderMode
                0x00000000080004fc        0xc Core/Src/acquisition.o
                0x00000000080004fc                getEncoderMode
 .text.getEncoderCount
                0x0000000008000508        0xc Core/Src/acquisition.o
                0x0000000008000508                getEncoderCount
 .text.encoderController
                0x0000000008000514       0xcc Core/Src/acquisition.o
                0x0000000008000514                encoderController
 .text.getEncoderDuty
                0x00000000080005e0        0xc Core/Src/acquisition.o
                0x00000000080005e0                getEncoderDuty
 .text.getUserIn
                0x00000000080005ec        0x4 Core/Src/acquisition.o
                0x00000000080005ec                getUserIn
 .text.setOffset
                0x00000000080005f0       0x20 Core/Src/acquisition.o
                0x00000000080005f0                setOffset
 .text.getOffset
                0x0000000008000610        0xc Core/Src/acquisition.o
                0x0000000008000610                getOffset
 .text.acquisitionInit
                0x000000000800061c       0x54 Core/Src/acquisition.o
                0x000000000800061c                acquisitionInit
 .text.sendToFilter
                0x0000000008000670       0x18 Core/Src/acquisition.o
                0x0000000008000670                sendToFilter
 .text.getFromFilter
                0x0000000008000688       0x10 Core/Src/acquisition.o
                0x0000000008000688                getFromFilter
 .text.measureGain
                0x0000000008000698       0x40 Core/Src/acquisition.o
                0x0000000008000698                measureGain
 .text.calibrateGain
                0x00000000080006d8       0x6c Core/Src/acquisition.o
                0x00000000080006d8                calibrateGain
 .text.getGainCalibrated
                0x0000000008000744        0xc Core/Src/acquisition.o
                0x0000000008000744                getGainCalibrated
 .text.getRgStep
                0x0000000008000750        0xc Core/Src/acquisition.o
                0x0000000008000750                getRgStep
 .text.getRgWiper
                0x000000000800075c        0xc Core/Src/acquisition.o
                0x000000000800075c                getRgWiper
 .text.calcGain
                0x0000000008000768       0x2c Core/Src/acquisition.o
                0x0000000008000768                calcGain
 .text.setGain  0x0000000008000794       0x3c Core/Src/acquisition.o
                0x0000000008000794                setGain
 .text.getActiveGain
                0x00000000080007d0        0xc Core/Src/acquisition.o
                0x00000000080007d0                getActiveGain
 .text.autoOffset
                0x00000000080007dc       0x70 Core/Src/acquisition.o
                0x00000000080007dc                autoOffset
 .text.SystemClock_Config
                0x000000000800084c       0x64 Core/Src/main.o
                0x000000000800084c                SystemClock_Config
 .text.startup.main
                0x00000000080008b0      0x378 Core/Src/main.o
                0x00000000080008b0                main
 .text.HAL_GPIO_EXTI_Callback
                0x0000000008000c28       0x1c Core/Src/main.o
                0x0000000008000c28                HAL_GPIO_EXTI_Callback
 .text.HAL_ADC_ConvCpltCallback
                0x0000000008000c44        0x8 Core/Src/main.o
                0x0000000008000c44                HAL_ADC_ConvCpltCallback
 .text.calcCRC  0x0000000008000c4c       0x14 Core/Src/main.o
                0x0000000008000c4c                calcCRC
 .text.Error_Handler
                0x0000000008000c60        0x2 Core/Src/main.o
                0x0000000008000c60                Error_Handler
 *fill*         0x0000000008000c62        0x2 
 .text.statusLedController
                0x0000000008000c64       0x20 Core/Src/outputs.o
                0x0000000008000c64                statusLedController
 .text.statusLedMode
                0x0000000008000c84       0x30 Core/Src/outputs.o
                0x0000000008000c84                statusLedMode
 .text.statusLedOn
                0x0000000008000cb4        0xa Core/Src/outputs.o
                0x0000000008000cb4                statusLedOn
 .text.statusLedOff
                0x0000000008000cbe        0xa Core/Src/outputs.o
                0x0000000008000cbe                statusLedOff
 .text.statusLedBlink
                0x0000000008000cc8        0xa Core/Src/outputs.o
                0x0000000008000cc8                statusLedBlink
 *fill*         0x0000000008000cd2        0x2 
 .text.getUserLedMode
                0x0000000008000cd4        0xc Core/Src/outputs.o
                0x0000000008000cd4                getUserLedMode
 .text.userLedFreq
                0x0000000008000ce0       0x18 Core/Src/outputs.o
                0x0000000008000ce0                userLedFreq
 .text.getUserLedFreq
                0x0000000008000cf8       0x18 Core/Src/outputs.o
                0x0000000008000cf8                getUserLedFreq
 .text.userLedController
                0x0000000008000d10       0x3c Core/Src/outputs.o
                0x0000000008000d10                userLedController
 .text.userLedMode
                0x0000000008000d4c       0x40 Core/Src/outputs.o
                0x0000000008000d4c                userLedMode
 .text.setUserOut
                0x0000000008000d8c       0x34 Core/Src/outputs.o
                0x0000000008000d8c                setUserOut
 .text.getUserOut
                0x0000000008000dc0       0x20 Core/Src/outputs.o
                0x0000000008000dc0                getUserOut
 .text.outputsInit
                0x0000000008000de0       0x34 Core/Src/outputs.o
                0x0000000008000de0                outputsInit
 .text.i2cInit  0x0000000008000e14       0x34 Core/Src/panda_i2c.o
                0x0000000008000e14                i2cInit
 .text.i2cProcessRequest
                0x0000000008000e48       0x9c Core/Src/panda_i2c.o
                0x0000000008000e48                i2cProcessRequest
 .text.i2cController
                0x0000000008000ee4       0x4c Core/Src/panda_i2c.o
                0x0000000008000ee4                i2cController
 .text.getCoils
                0x0000000008000f30       0x1e Core/Src/panda_modbus.o
                0x0000000008000f30                getCoils
 .text.getInputs
                0x0000000008000f4e       0x14 Core/Src/panda_modbus.o
                0x0000000008000f4e                getInputs
 .text.modbus_readCoilStatus
                0x0000000008000f62       0x32 Core/Src/panda_modbus.o
                0x0000000008000f62                modbus_readCoilStatus
 .text.modbus_readInputStatus
                0x0000000008000f94       0x32 Core/Src/panda_modbus.o
                0x0000000008000f94                modbus_readInputStatus
 .text.modbus_readHoldingRegisters
                0x0000000008000fc6        0x4 Core/Src/panda_modbus.o
                0x0000000008000fc6                modbus_readHoldingRegisters
 .text.modbus_readIputRegisters
                0x0000000008000fca        0x4 Core/Src/panda_modbus.o
                0x0000000008000fca                modbus_readIputRegisters
 .text.modbus_writeSingleCoil
                0x0000000008000fce        0x4 Core/Src/panda_modbus.o
                0x0000000008000fce                modbus_writeSingleCoil
 .text.modbus_writeSingleRegister
                0x0000000008000fd2        0x4 Core/Src/panda_modbus.o
                0x0000000008000fd2                modbus_writeSingleRegister
 *fill*         0x0000000008000fd6        0x2 
 .text.serial_receiveEnable
                0x0000000008000fd8       0x28 Core/Src/panda_serial_device.o
                0x0000000008000fd8                serial_receiveEnable
 .text.serial_transmit
                0x0000000008001000       0x28 Core/Src/panda_serial_device.o
                0x0000000008001000                serial_transmit
 .text.serial_queueInit
                0x0000000008001028       0x16 Core/Src/panda_serial_device.o
                0x0000000008001028                serial_queueInit
 *fill*         0x000000000800103e        0x2 
 .text.serial_init
                0x0000000008001040       0x1c Core/Src/panda_serial_device.o
                0x0000000008001040                serial_init
 .text.serial_addToQueue
                0x000000000800105c       0x2a Core/Src/panda_serial_device.o
                0x000000000800105c                serial_addToQueue
 *fill*         0x0000000008001086        0x2 
 .text.serial_ISR
                0x0000000008001088       0x2c Core/Src/panda_serial_device.o
                0x0000000008001088                serial_ISR
 .text.serial_processFrame
                0x00000000080010b4      0x154 Core/Src/panda_serial_device.o
                0x00000000080010b4                serial_processFrame
 .text.serial_getQueuedCommand
                0x0000000008001208       0x60 Core/Src/panda_serial_device.o
                0x0000000008001208                serial_getQueuedCommand
 .text.serial_frameReceived
                0x0000000008001268       0x28 Core/Src/panda_serial_device.o
                0x0000000008001268                serial_frameReceived
 .text.serialController
                0x0000000008001290       0x24 Core/Src/panda_serial_device.o
                0x0000000008001290                serialController
 .text.usb_queueInit
                0x00000000080012b4       0x18 Core/Src/panda_usb_device.o
                0x00000000080012b4                usb_queueInit
 .text.usb_init
                0x00000000080012cc       0x14 Core/Src/panda_usb_device.o
                0x00000000080012cc                usb_init
 .text.usb_addToQueue
                0x00000000080012e0       0x44 Core/Src/panda_usb_device.o
                0x00000000080012e0                usb_addToQueue
 .text.usb_peekQueue
                0x0000000008001324       0x16 Core/Src/panda_usb_device.o
                0x0000000008001324                usb_peekQueue
 .text.usb_GetByteFromQueue
                0x000000000800133a       0x16 Core/Src/panda_usb_device.o
                0x000000000800133a                usb_GetByteFromQueue
 .text.usb_queueDiscard
                0x0000000008001350       0x50 Core/Src/panda_usb_device.o
                0x0000000008001350                usb_queueDiscard
 .text.usb_processFrame
                0x00000000080013a0      0x24c Core/Src/panda_usb_device.o
                0x00000000080013a0                usb_processFrame
 .text.usb_getQueuedCommand
                0x00000000080015ec       0x68 Core/Src/panda_usb_device.o
                0x00000000080015ec                usb_getQueuedCommand
 .text.usbController
                0x0000000008001654       0x20 Core/Src/panda_usb_device.o
                0x0000000008001654                usbController
 .text.get8MSB  0x0000000008001674        0x4 Core/Src/panda_utils.o
                0x0000000008001674                get8MSB
 .text.get8LSB  0x0000000008001678        0x4 Core/Src/panda_utils.o
                0x0000000008001678                get8LSB
 .text.get16MSB
                0x000000000800167c        0x4 Core/Src/panda_utils.o
                0x000000000800167c                get16MSB
 .text.get16LSB
                0x0000000008001680        0x4 Core/Src/panda_utils.o
                0x0000000008001680                get16LSB
 .text.getConfigBits
                0x0000000008001684       0x44 Core/Src/panda_utils.o
                0x0000000008001684                getConfigBits
 .text.getActiveD
                0x00000000080016c8        0xc Core/Src/spi_devices.o
                0x00000000080016c8                getActiveD
 .text.digipotWrite
                0x00000000080016d4       0x4c Core/Src/spi_devices.o
                0x00000000080016d4                digipotWrite
 .text.spiInit  0x0000000008001720       0x14 Core/Src/spi_devices.o
                0x0000000008001720                spiInit
 .text.HAL_MspInit
                0x0000000008001734       0x30 Core/Src/stm32f0xx_hal_msp.o
                0x0000000008001734                HAL_MspInit
 .text.HAL_ADC_MspInit
                0x0000000008001764       0x9c Core/Src/stm32f0xx_hal_msp.o
                0x0000000008001764                HAL_ADC_MspInit
 .text.HAL_CAN_MspInit
                0x0000000008001800       0x68 Core/Src/stm32f0xx_hal_msp.o
                0x0000000008001800                HAL_CAN_MspInit
 .text.HAL_CRC_MspInit
                0x0000000008001868       0x28 Core/Src/stm32f0xx_hal_msp.o
                0x0000000008001868                HAL_CRC_MspInit
 .text.HAL_DAC_MspInit
                0x0000000008001890       0x5c Core/Src/stm32f0xx_hal_msp.o
                0x0000000008001890                HAL_DAC_MspInit
 .text.HAL_I2C_MspInit
                0x00000000080018ec       0x78 Core/Src/stm32f0xx_hal_msp.o
                0x00000000080018ec                HAL_I2C_MspInit
 .text.HAL_SPI_MspInit
                0x0000000008001964       0x60 Core/Src/stm32f0xx_hal_msp.o
                0x0000000008001964                HAL_SPI_MspInit
 .text.HAL_TIM_Base_MspInit
                0x00000000080019c4       0x54 Core/Src/stm32f0xx_hal_msp.o
                0x00000000080019c4                HAL_TIM_Base_MspInit
 .text.HAL_UART_MspInit
                0x0000000008001a18       0x78 Core/Src/stm32f0xx_hal_msp.o
                0x0000000008001a18                HAL_UART_MspInit
 .text.NMI_Handler
                0x0000000008001a90        0x2 Core/Src/stm32f0xx_it.o
                0x0000000008001a90                NMI_Handler
 .text.HardFault_Handler
                0x0000000008001a92        0x2 Core/Src/stm32f0xx_it.o
                0x0000000008001a92                HardFault_Handler
 .text.SVC_Handler
                0x0000000008001a94        0x2 Core/Src/stm32f0xx_it.o
                0x0000000008001a94                SVC_Handler
 .text.PendSV_Handler
                0x0000000008001a96        0x2 Core/Src/stm32f0xx_it.o
                0x0000000008001a96                PendSV_Handler
 .text.SysTick_Handler
                0x0000000008001a98        0x8 Core/Src/stm32f0xx_it.o
                0x0000000008001a98                SysTick_Handler
 .text.EXTI4_15_IRQHandler
                0x0000000008001aa0       0x14 Core/Src/stm32f0xx_it.o
                0x0000000008001aa0                EXTI4_15_IRQHandler
 .text.DMA1_Channel1_IRQHandler
                0x0000000008001ab4       0x10 Core/Src/stm32f0xx_it.o
                0x0000000008001ab4                DMA1_Channel1_IRQHandler
 .text.TIM14_IRQHandler
                0x0000000008001ac4       0x14 Core/Src/stm32f0xx_it.o
                0x0000000008001ac4                TIM14_IRQHandler
 .text.I2C1_IRQHandler
                0x0000000008001ad8       0x20 Core/Src/stm32f0xx_it.o
                0x0000000008001ad8                I2C1_IRQHandler
 .text.USART1_IRQHandler
                0x0000000008001af8       0x18 Core/Src/stm32f0xx_it.o
                0x0000000008001af8                USART1_IRQHandler
 .text.USB_IRQHandler
                0x0000000008001b10       0x10 Core/Src/stm32f0xx_it.o
                0x0000000008001b10                USB_IRQHandler
 .text.SystemInit
                0x0000000008001b20        0x2 Core/Src/system_stm32f0xx.o
                0x0000000008001b20                SystemInit
 *fill*         0x0000000008001b22        0x2 
 .text.Reset_Handler
                0x0000000008001b24       0x50 Core/Startup/startup_stm32f072c8ux.o
                0x0000000008001b24                Reset_Handler
 .text.Default_Handler
                0x0000000008001b74        0x2 Core/Startup/startup_stm32f072c8ux.o
                0x0000000008001b74                TIM1_CC_IRQHandler
                0x0000000008001b74                TSC_IRQHandler
                0x0000000008001b74                ADC1_COMP_IRQHandler
                0x0000000008001b74                RCC_CRS_IRQHandler
                0x0000000008001b74                SPI1_IRQHandler
                0x0000000008001b74                TIM6_DAC_IRQHandler
                0x0000000008001b74                USART3_4_IRQHandler
                0x0000000008001b74                EXTI2_3_IRQHandler
                0x0000000008001b74                I2C2_IRQHandler
                0x0000000008001b74                TIM17_IRQHandler
                0x0000000008001b74                CEC_CAN_IRQHandler
                0x0000000008001b74                RTC_IRQHandler
                0x0000000008001b74                PVD_VDDIO2_IRQHandler
                0x0000000008001b74                DMA1_Channel4_5_6_7_IRQHandler
                0x0000000008001b74                TIM16_IRQHandler
                0x0000000008001b74                TIM3_IRQHandler
                0x0000000008001b74                Default_Handler
                0x0000000008001b74                TIM7_IRQHandler
                0x0000000008001b74                TIM15_IRQHandler
                0x0000000008001b74                EXTI0_1_IRQHandler
                0x0000000008001b74                SPI2_IRQHandler
                0x0000000008001b74                WWDG_IRQHandler
                0x0000000008001b74                TIM2_IRQHandler
                0x0000000008001b74                DMA1_Channel2_3_IRQHandler
                0x0000000008001b74                USART2_IRQHandler
                0x0000000008001b74                FLASH_IRQHandler
                0x0000000008001b74                TIM1_BRK_UP_TRG_COM_IRQHandler
 *fill*         0x0000000008001b76        0x2 
 .text.HAL_InitTick
                0x0000000008001b78       0x48 Drivers/STM32F0xx_HAL_Driver/Src/stm32f0xx_hal.o
                0x0000000008001b78                HAL_InitTick
 .text.HAL_Init
                0x0000000008001bc0       0x20 Drivers/STM32F0xx_HAL_Driver/Src/stm32f0xx_hal.o
                0x0000000008001bc0                HAL_Init
 .text.HAL_IncTick
                0x0000000008001be0       0x18 Drivers/STM32F0xx_HAL_Driver/Src/stm32f0xx_hal.o
                0x0000000008001be0                HAL_IncTick
 .text.HAL_GetTick
                0x0000000008001bf8        0xc Drivers/STM32F0xx_HAL_Driver/Src/stm32f0xx_hal.o
                0x0000000008001bf8                HAL_GetTick
 .text.HAL_Delay
                0x0000000008001c04       0x24 Drivers/STM32F0xx_HAL_Driver/Src/stm32f0xx_hal.o
                0x0000000008001c04                HAL_Delay
 .text.ADC_Enable
                0x0000000008001c28       0x98 Drivers/STM32F0xx_HAL_Driver/Src/stm32f0xx_hal_adc.o
 .text.HAL_ADC_Init
                0x0000000008001cc0      0x14c Drivers/STM32F0xx_HAL_Driver/Src/stm32f0xx_hal_adc.o
                0x0000000008001cc0                HAL_ADC_Init
 .text.HAL_ADC_Start_DMA
                0x0000000008001e0c       0x94 Drivers/STM32F0xx_HAL_Driver/Src/stm32f0xx_hal_adc.o
                0x0000000008001e0c                HAL_ADC_Start_DMA
 .text.ADC_DMAConvCplt
                0x0000000008001ea0       0x70 Drivers/STM32F0xx_HAL_Driver/Src/stm32f0xx_hal_adc.o
 .text.HAL_ADC_ConvHalfCpltCallback
                0x0000000008001f10        0x2 Drivers/STM32F0xx_HAL_Driver/Src/stm32f0xx_hal_adc.o
                0x0000000008001f10                HAL_ADC_ConvHalfCpltCallback
 .text.ADC_DMAHalfConvCplt
                0x0000000008001f12        0xa Drivers/STM32F0xx_HAL_Driver/Src/stm32f0xx_hal_adc.o
 .text.HAL_ADC_ErrorCallback
                0x0000000008001f1c        0x2 Drivers/STM32F0xx_HAL_Driver/Src/stm32f0xx_hal_adc.o
                0x0000000008001f1c                HAL_ADC_ErrorCallback
 .text.ADC_DMAError
                0x0000000008001f1e       0x1a Drivers/STM32F0xx_HAL_Driver/Src/stm32f0xx_hal_adc.o
 .text.HAL_ADC_ConfigChannel
                0x0000000008001f38      0x100 Drivers/STM32F0xx_HAL_Driver/Src/stm32f0xx_hal_adc.o
                0x0000000008001f38                HAL_ADC_ConfigChannel
 .text.HAL_CAN_Init
                0x0000000008002038      0x112 Drivers/STM32F0xx_HAL_Driver/Src/stm32f0xx_hal_can.o
                0x0000000008002038                HAL_CAN_Init
 *fill*         0x000000000800214a        0x2 
 .text.HAL_NVIC_SetPriority
                0x000000000800214c       0x54 Drivers/STM32F0xx_HAL_Driver/Src/stm32f0xx_hal_cortex.o
                0x000000000800214c                HAL_NVIC_SetPriority
 .text.HAL_NVIC_EnableIRQ
                0x00000000080021a0       0x18 Drivers/STM32F0xx_HAL_Driver/Src/stm32f0xx_hal_cortex.o
                0x00000000080021a0                HAL_NVIC_EnableIRQ
 .text.HAL_SYSTICK_Config
                0x00000000080021b8       0x34 Drivers/STM32F0xx_HAL_Driver/Src/stm32f0xx_hal_cortex.o
                0x00000000080021b8                HAL_SYSTICK_Config
 .text.CRC_Handle_8
                0x00000000080021ec       0x5e Drivers/STM32F0xx_HAL_Driver/Src/stm32f0xx_hal_crc.o
 .text.CRC_Handle_16
                0x000000000800224a       0x2c Drivers/STM32F0xx_HAL_Driver/Src/stm32f0xx_hal_crc.o
 *fill*         0x0000000008002276        0x2 
 .text.HAL_CRC_Init
                0x0000000008002278       0x74 Drivers/STM32F0xx_HAL_Driver/Src/stm32f0xx_hal_crc.o
                0x0000000008002278                HAL_CRC_Init
 .text.HAL_CRC_Calculate
                0x00000000080022ec       0x4a Drivers/STM32F0xx_HAL_Driver/Src/stm32f0xx_hal_crc.o
                0x00000000080022ec                HAL_CRC_Calculate
 .text.HAL_CRCEx_Polynomial_Set
                0x0000000008002336       0x52 Drivers/STM32F0xx_HAL_Driver/Src/stm32f0xx_hal_crc_ex.o
                0x0000000008002336                HAL_CRCEx_Polynomial_Set
 .text.HAL_DAC_Init
                0x0000000008002388       0x28 Drivers/STM32F0xx_HAL_Driver/Src/stm32f0xx_hal_dac.o
                0x0000000008002388                HAL_DAC_Init
 .text.HAL_DAC_SetValue
                0x00000000080023b0       0x24 Drivers/STM32F0xx_HAL_Driver/Src/stm32f0xx_hal_dac.o
                0x00000000080023b0                HAL_DAC_SetValue
 .text.HAL_DAC_ConfigChannel
                0x00000000080023d4       0x38 Drivers/STM32F0xx_HAL_Driver/Src/stm32f0xx_hal_dac_ex.o
                0x00000000080023d4                HAL_DAC_ConfigChannel
 .text.HAL_DAC_Start
                0x000000000800240c       0x52 Drivers/STM32F0xx_HAL_Driver/Src/stm32f0xx_hal_dac_ex.o
                0x000000000800240c                HAL_DAC_Start
 *fill*         0x000000000800245e        0x2 
 .text.HAL_DMA_Init
                0x0000000008002460       0x64 Drivers/STM32F0xx_HAL_Driver/Src/stm32f0xx_hal_dma.o
                0x0000000008002460                HAL_DMA_Init
 .text.HAL_DMA_Start_IT
                0x00000000080024c4       0x78 Drivers/STM32F0xx_HAL_Driver/Src/stm32f0xx_hal_dma.o
                0x00000000080024c4                HAL_DMA_Start_IT
 .text.HAL_DMA_Abort_IT
                0x000000000800253c       0x46 Drivers/STM32F0xx_HAL_Driver/Src/stm32f0xx_hal_dma.o
                0x000000000800253c                HAL_DMA_Abort_IT
 .text.HAL_DMA_IRQHandler
                0x0000000008002582       0x92 Drivers/STM32F0xx_HAL_Driver/Src/stm32f0xx_hal_dma.o
                0x0000000008002582                HAL_DMA_IRQHandler
 .text.HAL_DMA_GetState
                0x0000000008002614        0x8 Drivers/STM32F0xx_HAL_Driver/Src/stm32f0xx_hal_dma.o
                0x0000000008002614                HAL_DMA_GetState
 .text.HAL_GPIO_Init
                0x000000000800261c      0x184 Drivers/STM32F0xx_HAL_Driver/Src/stm32f0xx_hal_gpio.o
                0x000000000800261c                HAL_GPIO_Init
 .text.HAL_GPIO_ReadPin
                0x00000000080027a0        0xc Drivers/STM32F0xx_HAL_Driver/Src/stm32f0xx_hal_gpio.o
                0x00000000080027a0                HAL_GPIO_ReadPin
 .text.HAL_GPIO_WritePin
                0x00000000080027ac        0xc Drivers/STM32F0xx_HAL_Driver/Src/stm32f0xx_hal_gpio.o
                0x00000000080027ac                HAL_GPIO_WritePin
 .text.HAL_GPIO_TogglePin
                0x00000000080027b8       0x10 Drivers/STM32F0xx_HAL_Driver/Src/stm32f0xx_hal_gpio.o
                0x00000000080027b8                HAL_GPIO_TogglePin
 .text.HAL_GPIO_EXTI_IRQHandler
                0x00000000080027c8       0x18 Drivers/STM32F0xx_HAL_Driver/Src/stm32f0xx_hal_gpio.o
                0x00000000080027c8                HAL_GPIO_EXTI_IRQHandler
 .text.I2C_Flush_TXDR
                0x00000000080027e0       0x1c Drivers/STM32F0xx_HAL_Driver/Src/stm32f0xx_hal_i2c.o
 .text.I2C_Disable_IRQ
                0x00000000080027fc       0x48 Drivers/STM32F0xx_HAL_Driver/Src/stm32f0xx_hal_i2c.o
 .text.I2C_IsAcknowledgeFailed
                0x0000000008002844       0x7c Drivers/STM32F0xx_HAL_Driver/Src/stm32f0xx_hal_i2c.o
 .text.I2C_WaitOnRXNEFlagUntilTimeout
                0x00000000080028c0       0x80 Drivers/STM32F0xx_HAL_Driver/Src/stm32f0xx_hal_i2c.o
 .text.I2C_WaitOnSTOPFlagUntilTimeout
                0x0000000008002940       0x50 Drivers/STM32F0xx_HAL_Driver/Src/stm32f0xx_hal_i2c.o
 .text.I2C_WaitOnFlagUntilTimeout
                0x0000000008002990       0x50 Drivers/STM32F0xx_HAL_Driver/Src/stm32f0xx_hal_i2c.o
 .text.I2C_WaitOnTXISFlagUntilTimeout
                0x00000000080029e0       0x54 Drivers/STM32F0xx_HAL_Driver/Src/stm32f0xx_hal_i2c.o
 .text.HAL_I2C_Init
                0x0000000008002a34       0xac Drivers/STM32F0xx_HAL_Driver/Src/stm32f0xx_hal_i2c.o
                0x0000000008002a34                HAL_I2C_Init
 .text.HAL_I2C_Slave_Transmit
                0x0000000008002ae0      0x14c Drivers/STM32F0xx_HAL_Driver/Src/stm32f0xx_hal_i2c.o
                0x0000000008002ae0                HAL_I2C_Slave_Transmit
 .text.HAL_I2C_Slave_Receive
                0x0000000008002c2c      0x150 Drivers/STM32F0xx_HAL_Driver/Src/stm32f0xx_hal_i2c.o
                0x0000000008002c2c                HAL_I2C_Slave_Receive
 .text.HAL_I2C_EV_IRQHandler
                0x0000000008002d7c       0x12 Drivers/STM32F0xx_HAL_Driver/Src/stm32f0xx_hal_i2c.o
                0x0000000008002d7c                HAL_I2C_EV_IRQHandler
 .text.HAL_I2C_SlaveTxCpltCallback
                0x0000000008002d8e        0x2 Drivers/STM32F0xx_HAL_Driver/Src/stm32f0xx_hal_i2c.o
                0x0000000008002d8e                HAL_I2C_SlaveTxCpltCallback
 .text.HAL_I2C_SlaveRxCpltCallback
                0x0000000008002d90        0x2 Drivers/STM32F0xx_HAL_Driver/Src/stm32f0xx_hal_i2c.o
                0x0000000008002d90                HAL_I2C_SlaveRxCpltCallback
 *fill*         0x0000000008002d92        0x2 
 .text.I2C_ITSlaveSeqCplt
                0x0000000008002d94       0x84 Drivers/STM32F0xx_HAL_Driver/Src/stm32f0xx_hal_i2c.o
 .text.HAL_I2C_AddrCallback
                0x0000000008002e18        0x2 Drivers/STM32F0xx_HAL_Driver/Src/stm32f0xx_hal_i2c.o
                0x0000000008002e18                HAL_I2C_AddrCallback
 .text.I2C_ITAddrCplt.isra.9
                0x0000000008002e1a       0x94 Drivers/STM32F0xx_HAL_Driver/Src/stm32f0xx_hal_i2c.o
 .text.HAL_I2C_ListenCpltCallback
                0x0000000008002eae        0x2 Drivers/STM32F0xx_HAL_Driver/Src/stm32f0xx_hal_i2c.o
                0x0000000008002eae                HAL_I2C_ListenCpltCallback
 .text.I2C_ITListenCplt
                0x0000000008002eb0       0x6c Drivers/STM32F0xx_HAL_Driver/Src/stm32f0xx_hal_i2c.o
 .text.HAL_I2C_ErrorCallback
                0x0000000008002f1c        0x2 Drivers/STM32F0xx_HAL_Driver/Src/stm32f0xx_hal_i2c.o
                0x0000000008002f1c                HAL_I2C_ErrorCallback
 .text.HAL_I2C_AbortCpltCallback
                0x0000000008002f1e        0x2 Drivers/STM32F0xx_HAL_Driver/Src/stm32f0xx_hal_i2c.o
                0x0000000008002f1e                HAL_I2C_AbortCpltCallback
 .text.I2C_TreatErrorCallback
                0x0000000008002f20       0x2a Drivers/STM32F0xx_HAL_Driver/Src/stm32f0xx_hal_i2c.o
 *fill*         0x0000000008002f4a        0x2 
 .text.I2C_ITError
                0x0000000008002f4c       0xf0 Drivers/STM32F0xx_HAL_Driver/Src/stm32f0xx_hal_i2c.o
 .text.I2C_ITSlaveCplt
                0x000000000800303c      0x138 Drivers/STM32F0xx_HAL_Driver/Src/stm32f0xx_hal_i2c.o
 .text.I2C_Slave_ISR_IT
                0x0000000008003174      0x130 Drivers/STM32F0xx_HAL_Driver/Src/stm32f0xx_hal_i2c.o
 .text.HAL_I2C_ER_IRQHandler
                0x00000000080032a4       0x62 Drivers/STM32F0xx_HAL_Driver/Src/stm32f0xx_hal_i2c.o
                0x00000000080032a4                HAL_I2C_ER_IRQHandler
 .text.I2C_DMAAbort
                0x0000000008003306       0x1e Drivers/STM32F0xx_HAL_Driver/Src/stm32f0xx_hal_i2c.o
 .text.HAL_I2CEx_ConfigAnalogFilter
                0x0000000008003324       0x4c Drivers/STM32F0xx_HAL_Driver/Src/stm32f0xx_hal_i2c_ex.o
                0x0000000008003324                HAL_I2CEx_ConfigAnalogFilter
 .text.HAL_I2CEx_ConfigDigitalFilter
                0x0000000008003370       0x48 Drivers/STM32F0xx_HAL_Driver/Src/stm32f0xx_hal_i2c_ex.o
                0x0000000008003370                HAL_I2CEx_ConfigDigitalFilter
 .text.HAL_PCD_Init
                0x00000000080033b8       0xd8 Drivers/STM32F0xx_HAL_Driver/Src/stm32f0xx_hal_pcd.o
                0x00000000080033b8                HAL_PCD_Init
 .text.HAL_PCD_Start
                0x0000000008003490       0x26 Drivers/STM32F0xx_HAL_Driver/Src/stm32f0xx_hal_pcd.o
                0x0000000008003490                HAL_PCD_Start
 .text.HAL_PCD_SetAddress
                0x00000000080034b6       0x24 Drivers/STM32F0xx_HAL_Driver/Src/stm32f0xx_hal_pcd.o
                0x00000000080034b6                HAL_PCD_SetAddress
 *fill*         0x00000000080034da        0x2 
 .text.HAL_PCD_IRQHandler
                0x00000000080034dc      0x88c Drivers/STM32F0xx_HAL_Driver/Src/stm32f0xx_hal_pcd.o
                0x00000000080034dc                HAL_PCD_IRQHandler
 .text.HAL_PCD_EP_Open
                0x0000000008003d68       0x62 Drivers/STM32F0xx_HAL_Driver/Src/stm32f0xx_hal_pcd.o
                0x0000000008003d68                HAL_PCD_EP_Open
 .text.HAL_PCD_EP_Close
                0x0000000008003dca       0x4e Drivers/STM32F0xx_HAL_Driver/Src/stm32f0xx_hal_pcd.o
                0x0000000008003dca                HAL_PCD_EP_Close
 .text.HAL_PCD_EP_Receive
                0x0000000008003e18       0x42 Drivers/STM32F0xx_HAL_Driver/Src/stm32f0xx_hal_pcd.o
                0x0000000008003e18                HAL_PCD_EP_Receive
 .text.HAL_PCD_EP_GetRxCount
                0x0000000008003e5a       0x12 Drivers/STM32F0xx_HAL_Driver/Src/stm32f0xx_hal_pcd.o
                0x0000000008003e5a                HAL_PCD_EP_GetRxCount
 .text.HAL_PCD_EP_Transmit
                0x0000000008003e6c       0x3a Drivers/STM32F0xx_HAL_Driver/Src/stm32f0xx_hal_pcd.o
                0x0000000008003e6c                HAL_PCD_EP_Transmit
 .text.HAL_PCD_EP_SetStall
                0x0000000008003ea6       0x56 Drivers/STM32F0xx_HAL_Driver/Src/stm32f0xx_hal_pcd.o
                0x0000000008003ea6                HAL_PCD_EP_SetStall
 .text.HAL_PCD_EP_ClrStall
                0x0000000008003efc       0x5c Drivers/STM32F0xx_HAL_Driver/Src/stm32f0xx_hal_pcd.o
                0x0000000008003efc                HAL_PCD_EP_ClrStall
 .text.HAL_PCDEx_PMAConfig
                0x0000000008003f58       0x36 Drivers/STM32F0xx_HAL_Driver/Src/stm32f0xx_hal_pcd_ex.o
                0x0000000008003f58                HAL_PCDEx_PMAConfig
 .text.HAL_PCDEx_ActivateLPM
                0x0000000008003f8e       0x28 Drivers/STM32F0xx_HAL_Driver/Src/stm32f0xx_hal_pcd_ex.o
                0x0000000008003f8e                HAL_PCDEx_ActivateLPM
 .text.HAL_PCDEx_LPM_Callback
                0x0000000008003fb6        0x2 Drivers/STM32F0xx_HAL_Driver/Src/stm32f0xx_hal_pcd_ex.o
                0x0000000008003fb6                HAL_PCDEx_LPM_Callback
 .text.HAL_RCC_OscConfig
                0x0000000008003fb8      0x4a0 Drivers/STM32F0xx_HAL_Driver/Src/stm32f0xx_hal_rcc.o
                0x0000000008003fb8                HAL_RCC_OscConfig
 .text.HAL_RCC_GetSysClockFreq
                0x0000000008004458       0x84 Drivers/STM32F0xx_HAL_Driver/Src/stm32f0xx_hal_rcc.o
                0x0000000008004458                HAL_RCC_GetSysClockFreq
 .text.HAL_RCC_ClockConfig
                0x00000000080044dc      0x118 Drivers/STM32F0xx_HAL_Driver/Src/stm32f0xx_hal_rcc.o
                0x00000000080044dc                HAL_RCC_ClockConfig
 .text.HAL_RCC_GetPCLK1Freq
                0x00000000080045f4       0x20 Drivers/STM32F0xx_HAL_Driver/Src/stm32f0xx_hal_rcc.o
                0x00000000080045f4                HAL_RCC_GetPCLK1Freq
 .text.HAL_RCCEx_PeriphCLKConfig
                0x0000000008004614      0x140 Drivers/STM32F0xx_HAL_Driver/Src/stm32f0xx_hal_rcc_ex.o
                0x0000000008004614                HAL_RCCEx_PeriphCLKConfig
 .text.SPI_WaitFlagStateUntilTimeout.part.0
                0x0000000008004754       0x60 Drivers/STM32F0xx_HAL_Driver/Src/stm32f0xx_hal_spi.o
 .text.SPI_WaitFlagStateUntilTimeout.constprop.9
                0x00000000080047b4       0x28 Drivers/STM32F0xx_HAL_Driver/Src/stm32f0xx_hal_spi.o
 .text.SPI_WaitFifoStateUntilTimeout.constprop.10
                0x00000000080047dc       0x34 Drivers/STM32F0xx_HAL_Driver/Src/stm32f0xx_hal_spi.o
 .text.SPI_EndRxTxTransaction
                0x0000000008004810       0x46 Drivers/STM32F0xx_HAL_Driver/Src/stm32f0xx_hal_spi.o
 *fill*         0x0000000008004856        0x2 
 .text.HAL_SPI_Init
                0x0000000008004858       0xbc Drivers/STM32F0xx_HAL_Driver/Src/stm32f0xx_hal_spi.o
                0x0000000008004858                HAL_SPI_Init
 .text.HAL_SPI_Transmit
                0x0000000008004914      0x196 Drivers/STM32F0xx_HAL_Driver/Src/stm32f0xx_hal_spi.o
                0x0000000008004914                HAL_SPI_Transmit
 .text.HAL_TIM_Base_Start_IT
                0x0000000008004aaa       0x1e Drivers/STM32F0xx_HAL_Driver/Src/stm32f0xx_hal_tim.o
                0x0000000008004aaa                HAL_TIM_Base_Start_IT
 .text.HAL_TIM_PeriodElapsedCallback
                0x0000000008004ac8        0x2 Drivers/STM32F0xx_HAL_Driver/Src/stm32f0xx_hal_tim.o
                0x0000000008004ac8                HAL_TIM_PeriodElapsedCallback
 .text.HAL_TIM_OC_DelayElapsedCallback
                0x0000000008004aca        0x2 Drivers/STM32F0xx_HAL_Driver/Src/stm32f0xx_hal_tim.o
                0x0000000008004aca                HAL_TIM_OC_DelayElapsedCallback
 .text.HAL_TIM_IC_CaptureCallback
                0x0000000008004acc        0x2 Drivers/STM32F0xx_HAL_Driver/Src/stm32f0xx_hal_tim.o
                0x0000000008004acc                HAL_TIM_IC_CaptureCallback
 .text.HAL_TIM_PWM_PulseFinishedCallback
                0x0000000008004ace        0x2 Drivers/STM32F0xx_HAL_Driver/Src/stm32f0xx_hal_tim.o
                0x0000000008004ace                HAL_TIM_PWM_PulseFinishedCallback
 .text.HAL_TIM_TriggerCallback
                0x0000000008004ad0        0x2 Drivers/STM32F0xx_HAL_Driver/Src/stm32f0xx_hal_tim.o
                0x0000000008004ad0                HAL_TIM_TriggerCallback
 .text.HAL_TIM_IRQHandler
                0x0000000008004ad2      0x148 Drivers/STM32F0xx_HAL_Driver/Src/stm32f0xx_hal_tim.o
                0x0000000008004ad2                HAL_TIM_IRQHandler
 *fill*         0x0000000008004c1a        0x2 
 .text.TIM_Base_SetConfig
                0x0000000008004c1c       0xa0 Drivers/STM32F0xx_HAL_Driver/Src/stm32f0xx_hal_tim.o
                0x0000000008004c1c                TIM_Base_SetConfig
 .text.HAL_TIM_Base_Init
                0x0000000008004cbc       0x36 Drivers/STM32F0xx_HAL_Driver/Src/stm32f0xx_hal_tim.o
                0x0000000008004cbc                HAL_TIM_Base_Init
 *fill*         0x0000000008004cf2        0x2 
 .text.TIM_ETR_SetConfig
                0x0000000008004cf4       0x18 Drivers/STM32F0xx_HAL_Driver/Src/stm32f0xx_hal_tim.o
                0x0000000008004cf4                TIM_ETR_SetConfig
 .text.HAL_TIM_ConfigClockSource
                0x0000000008004d0c      0x12c Drivers/STM32F0xx_HAL_Driver/Src/stm32f0xx_hal_tim.o
                0x0000000008004d0c                HAL_TIM_ConfigClockSource
 .text.HAL_TIMEx_MasterConfigSynchronization
                0x0000000008004e38       0x68 Drivers/STM32F0xx_HAL_Driver/Src/stm32f0xx_hal_tim_ex.o
                0x0000000008004e38                HAL_TIMEx_MasterConfigSynchronization
 .text.HAL_TIMEx_CommutCallback
                0x0000000008004ea0        0x2 Drivers/STM32F0xx_HAL_Driver/Src/stm32f0xx_hal_tim_ex.o
                0x0000000008004ea0                HAL_TIMEx_CommutCallback
 .text.HAL_TIMEx_BreakCallback
                0x0000000008004ea2        0x2 Drivers/STM32F0xx_HAL_Driver/Src/stm32f0xx_hal_tim_ex.o
                0x0000000008004ea2                HAL_TIMEx_BreakCallback
 .text.UART_EndRxTransfer
                0x0000000008004ea4       0x24 Drivers/STM32F0xx_HAL_Driver/Src/stm32f0xx_hal_uart.o
 .text.HAL_UART_TxCpltCallback
                0x0000000008004ec8        0x2 Drivers/STM32F0xx_HAL_Driver/Src/stm32f0xx_hal_uart.o
                0x0000000008004ec8                HAL_UART_TxCpltCallback
 .text.HAL_UART_ErrorCallback
                0x0000000008004eca        0x2 Drivers/STM32F0xx_HAL_Driver/Src/stm32f0xx_hal_uart.o
                0x0000000008004eca                HAL_UART_ErrorCallback
 .text.HAL_UART_IRQHandler
                0x0000000008004ecc      0x154 Drivers/STM32F0xx_HAL_Driver/Src/stm32f0xx_hal_uart.o
                0x0000000008004ecc                HAL_UART_IRQHandler
 .text.UART_DMAAbortOnError
                0x0000000008005020       0x16 Drivers/STM32F0xx_HAL_Driver/Src/stm32f0xx_hal_uart.o
 *fill*         0x0000000008005036        0x2 
 .text.UART_SetConfig
                0x0000000008005038      0x1a0 Drivers/STM32F0xx_HAL_Driver/Src/stm32f0xx_hal_uart.o
                0x0000000008005038                UART_SetConfig
 .text.UART_AdvFeatureConfig
                0x00000000080051d8       0xd0 Drivers/STM32F0xx_HAL_Driver/Src/stm32f0xx_hal_uart.o
                0x00000000080051d8                UART_AdvFeatureConfig
 .text.UART_WaitOnFlagUntilTimeout
                0x00000000080052a8       0x90 Drivers/STM32F0xx_HAL_Driver/Src/stm32f0xx_hal_uart.o
                0x00000000080052a8                UART_WaitOnFlagUntilTimeout
 .text.HAL_UART_Transmit
                0x0000000008005338       0xd2 Drivers/STM32F0xx_HAL_Driver/Src/stm32f0xx_hal_uart.o
                0x0000000008005338                HAL_UART_Transmit
 *fill*         0x000000000800540a        0x2 
 .text.UART_CheckIdleState
                0x000000000800540c       0x60 Drivers/STM32F0xx_HAL_Driver/Src/stm32f0xx_hal_uart.o
                0x000000000800540c                UART_CheckIdleState
 .text.HAL_UART_Init
                0x000000000800546c       0x64 Drivers/STM32F0xx_HAL_Driver/Src/stm32f0xx_hal_uart.o
                0x000000000800546c                HAL_UART_Init
 .text.HAL_UARTEx_WakeupCallback
                0x00000000080054d0        0x2 Drivers/STM32F0xx_HAL_Driver/Src/stm32f0xx_hal_uart_ex.o
                0x00000000080054d0                HAL_UARTEx_WakeupCallback
 *fill*         0x00000000080054d2        0x2 
 .text.USB_EnableGlobalInt
                0x00000000080054d4       0x14 Drivers/STM32F0xx_HAL_Driver/Src/stm32f0xx_ll_usb.o
                0x00000000080054d4                USB_EnableGlobalInt
 .text.USB_DisableGlobalInt
                0x00000000080054e8       0x14 Drivers/STM32F0xx_HAL_Driver/Src/stm32f0xx_ll_usb.o
                0x00000000080054e8                USB_DisableGlobalInt
 .text.USB_DevInit
                0x00000000080054fc       0x20 Drivers/STM32F0xx_HAL_Driver/Src/stm32f0xx_ll_usb.o
                0x00000000080054fc                USB_DevInit
 .text.USB_ActivateEndpoint
                0x000000000800551c      0x25c Drivers/STM32F0xx_HAL_Driver/Src/stm32f0xx_ll_usb.o
                0x000000000800551c                USB_ActivateEndpoint
 .text.USB_DeactivateEndpoint
                0x0000000008005778      0x12c Drivers/STM32F0xx_HAL_Driver/Src/stm32f0xx_ll_usb.o
                0x0000000008005778                USB_DeactivateEndpoint
 .text.USB_EPSetStall
                0x00000000080058a4       0x3c Drivers/STM32F0xx_HAL_Driver/Src/stm32f0xx_ll_usb.o
                0x00000000080058a4                USB_EPSetStall
 .text.USB_EPClearStall
                0x00000000080058e0       0x84 Drivers/STM32F0xx_HAL_Driver/Src/stm32f0xx_ll_usb.o
                0x00000000080058e0                USB_EPClearStall
 .text.USB_SetDevAddress
                0x0000000008005964        0xe Drivers/STM32F0xx_HAL_Driver/Src/stm32f0xx_ll_usb.o
                0x0000000008005964                USB_SetDevAddress
 .text.USB_DevConnect
                0x0000000008005972       0x10 Drivers/STM32F0xx_HAL_Driver/Src/stm32f0xx_ll_usb.o
                0x0000000008005972                USB_DevConnect
 .text.USB_ReadInterrupts
                0x0000000008005982        0x8 Drivers/STM32F0xx_HAL_Driver/Src/stm32f0xx_ll_usb.o
                0x0000000008005982                USB_ReadInterrupts
 .text.USB_WritePMA
                0x000000000800598a       0x28 Drivers/STM32F0xx_HAL_Driver/Src/stm32f0xx_ll_usb.o
                0x000000000800598a                USB_WritePMA
 *fill*         0x00000000080059b2        0x2 
 .text.USB_EPStartXfer
                0x00000000080059b4      0x598 Drivers/STM32F0xx_HAL_Driver/Src/stm32f0xx_ll_usb.o
                0x00000000080059b4                USB_EPStartXfer
 .text.USB_ReadPMA
                0x0000000008005f4c       0x38 Drivers/STM32F0xx_HAL_Driver/Src/stm32f0xx_ll_usb.o
                0x0000000008005f4c                USB_ReadPMA
 .text.USBD_CDC_EP0_RxReady
                0x0000000008005f84       0x34 Middlewares/ST/STM32_USB_Device_Library/Class/CDC/Src/usbd_cdc.o
 .text.USBD_CDC_GetFSCfgDesc
                0x0000000008005fb8        0xc Middlewares/ST/STM32_USB_Device_Library/Class/CDC/Src/usbd_cdc.o
 .text.USBD_CDC_GetHSCfgDesc
                0x0000000008005fc4        0xc Middlewares/ST/STM32_USB_Device_Library/Class/CDC/Src/usbd_cdc.o
 .text.USBD_CDC_GetOtherSpeedCfgDesc
                0x0000000008005fd0        0xc Middlewares/ST/STM32_USB_Device_Library/Class/CDC/Src/usbd_cdc.o
 .text.USBD_CDC_GetDeviceQualifierDescriptor
                0x0000000008005fdc        0xc Middlewares/ST/STM32_USB_Device_Library/Class/CDC/Src/usbd_cdc.o
                0x0000000008005fdc                USBD_CDC_GetDeviceQualifierDescriptor
 .text.USBD_CDC_DataOut
                0x0000000008005fe8       0x34 Middlewares/ST/STM32_USB_Device_Library/Class/CDC/Src/usbd_cdc.o
 .text.USBD_CDC_DataIn
                0x000000000800601c       0x54 Middlewares/ST/STM32_USB_Device_Library/Class/CDC/Src/usbd_cdc.o
 .text.USBD_CDC_Setup
                0x0000000008006070       0xbc Middlewares/ST/STM32_USB_Device_Library/Class/CDC/Src/usbd_cdc.o
 .text.USBD_CDC_DeInit
                0x000000000800612c       0x46 Middlewares/ST/STM32_USB_Device_Library/Class/CDC/Src/usbd_cdc.o
 .text.USBD_CDC_Init
                0x0000000008006172       0xa8 Middlewares/ST/STM32_USB_Device_Library/Class/CDC/Src/usbd_cdc.o
 .text.USBD_CDC_RegisterInterface
                0x000000000800621a       0x12 Middlewares/ST/STM32_USB_Device_Library/Class/CDC/Src/usbd_cdc.o
                0x000000000800621a                USBD_CDC_RegisterInterface
 .text.USBD_CDC_SetTxBuffer
                0x000000000800622c       0x16 Middlewares/ST/STM32_USB_Device_Library/Class/CDC/Src/usbd_cdc.o
                0x000000000800622c                USBD_CDC_SetTxBuffer
 .text.USBD_CDC_SetRxBuffer
                0x0000000008006242        0xe Middlewares/ST/STM32_USB_Device_Library/Class/CDC/Src/usbd_cdc.o
                0x0000000008006242                USBD_CDC_SetRxBuffer
 .text.USBD_CDC_TransmitPacket
                0x0000000008006250       0x38 Middlewares/ST/STM32_USB_Device_Library/Class/CDC/Src/usbd_cdc.o
                0x0000000008006250                USBD_CDC_TransmitPacket
 .text.USBD_CDC_ReceivePacket
                0x0000000008006288       0x30 Middlewares/ST/STM32_USB_Device_Library/Class/CDC/Src/usbd_cdc.o
                0x0000000008006288                USBD_CDC_ReceivePacket
 .text.USBD_Init
                0x00000000080062b8       0x34 Middlewares/ST/STM32_USB_Device_Library/Core/Src/usbd_core.o
                0x00000000080062b8                USBD_Init
 .text.USBD_RegisterClass
                0x00000000080062ec       0x12 Middlewares/ST/STM32_USB_Device_Library/Core/Src/usbd_core.o
                0x00000000080062ec                USBD_RegisterClass
 .text.USBD_Start
                0x00000000080062fe        0xa Middlewares/ST/STM32_USB_Device_Library/Core/Src/usbd_core.o
                0x00000000080062fe                USBD_Start
 .text.USBD_SetClassConfig
                0x0000000008006308       0x1a Middlewares/ST/STM32_USB_Device_Library/Core/Src/usbd_core.o
                0x0000000008006308                USBD_SetClassConfig
 .text.USBD_ClrClassConfig
                0x0000000008006322       0x10 Middlewares/ST/STM32_USB_Device_Library/Core/Src/usbd_core.o
                0x0000000008006322                USBD_ClrClassConfig
 *fill*         0x0000000008006332        0x2 
 .text.USBD_LL_SetupStage
                0x0000000008006334       0x64 Middlewares/ST/STM32_USB_Device_Library/Core/Src/usbd_core.o
                0x0000000008006334                USBD_LL_SetupStage
 .text.USBD_LL_DataOutStage
                0x0000000008006398       0x88 Middlewares/ST/STM32_USB_Device_Library/Core/Src/usbd_core.o
                0x0000000008006398                USBD_LL_DataOutStage
 .text.USBD_LL_DataInStage
                0x0000000008006420       0xc6 Middlewares/ST/STM32_USB_Device_Library/Core/Src/usbd_core.o
                0x0000000008006420                USBD_LL_DataInStage
 .text.USBD_LL_Reset
                0x00000000080064e6       0x54 Middlewares/ST/STM32_USB_Device_Library/Core/Src/usbd_core.o
                0x00000000080064e6                USBD_LL_Reset
 .text.USBD_LL_SetSpeed
                0x000000000800653a        0x6 Middlewares/ST/STM32_USB_Device_Library/Core/Src/usbd_core.o
                0x000000000800653a                USBD_LL_SetSpeed
 .text.USBD_LL_Suspend
                0x0000000008006540       0x18 Middlewares/ST/STM32_USB_Device_Library/Core/Src/usbd_core.o
                0x0000000008006540                USBD_LL_Suspend
 .text.USBD_LL_Resume
                0x0000000008006558       0x18 Middlewares/ST/STM32_USB_Device_Library/Core/Src/usbd_core.o
                0x0000000008006558                USBD_LL_Resume
 .text.USBD_LL_SOF
                0x0000000008006570       0x1e Middlewares/ST/STM32_USB_Device_Library/Core/Src/usbd_core.o
                0x0000000008006570                USBD_LL_SOF
 .text.USBD_CtlError.constprop.1
                0x000000000800658e       0x14 Middlewares/ST/STM32_USB_Device_Library/Core/Src/usbd_ctlreq.o
 *fill*         0x00000000080065a2        0x2 
 .text.USBD_StdDevReq
                0x00000000080065a4      0x25c Middlewares/ST/STM32_USB_Device_Library/Core/Src/usbd_ctlreq.o
                0x00000000080065a4                USBD_StdDevReq
 .text.USBD_StdItfReq
                0x0000000008006800       0x54 Middlewares/ST/STM32_USB_Device_Library/Core/Src/usbd_ctlreq.o
                0x0000000008006800                USBD_StdItfReq
 .text.USBD_StdEPReq
                0x0000000008006854      0x126 Middlewares/ST/STM32_USB_Device_Library/Core/Src/usbd_ctlreq.o
                0x0000000008006854                USBD_StdEPReq
 .text.USBD_ParseSetupRequest
                0x000000000800697a       0x28 Middlewares/ST/STM32_USB_Device_Library/Core/Src/usbd_ctlreq.o
                0x000000000800697a                USBD_ParseSetupRequest
 .text.USBD_CtlError
                0x00000000080069a2       0x14 Middlewares/ST/STM32_USB_Device_Library/Core/Src/usbd_ctlreq.o
                0x00000000080069a2                USBD_CtlError
 .text.USBD_GetString
                0x00000000080069b6       0x3a Middlewares/ST/STM32_USB_Device_Library/Core/Src/usbd_ctlreq.o
                0x00000000080069b6                USBD_GetString
 .text.USBD_CtlSendData
                0x00000000080069f0       0x1c Middlewares/ST/STM32_USB_Device_Library/Core/Src/usbd_ioreq.o
                0x00000000080069f0                USBD_CtlSendData
 .text.USBD_CtlContinueSendData
                0x0000000008006a0c       0x10 Middlewares/ST/STM32_USB_Device_Library/Core/Src/usbd_ioreq.o
                0x0000000008006a0c                USBD_CtlContinueSendData
 .text.USBD_CtlPrepareRx
                0x0000000008006a1c       0x20 Middlewares/ST/STM32_USB_Device_Library/Core/Src/usbd_ioreq.o
                0x0000000008006a1c                USBD_CtlPrepareRx
 .text.USBD_CtlContinueRx
                0x0000000008006a3c       0x10 Middlewares/ST/STM32_USB_Device_Library/Core/Src/usbd_ioreq.o
                0x0000000008006a3c                USBD_CtlContinueRx
 .text.USBD_CtlSendStatus
                0x0000000008006a4c       0x18 Middlewares/ST/STM32_USB_Device_Library/Core/Src/usbd_ioreq.o
                0x0000000008006a4c                USBD_CtlSendStatus
 .text.USBD_CtlReceiveStatus
                0x0000000008006a64       0x18 Middlewares/ST/STM32_USB_Device_Library/Core/Src/usbd_ioreq.o
                0x0000000008006a64                USBD_CtlReceiveStatus
 .text.MX_USB_DEVICE_Init
                0x0000000008006a7c       0x58 USB_DEVICE/App/usb_device.o
                0x0000000008006a7c                MX_USB_DEVICE_Init
 .text.CDC_DeInit_FS
                0x0000000008006ad4        0x4 USB_DEVICE/App/usbd_cdc_if.o
 .text.CDC_Control_FS
                0x0000000008006ad8        0x4 USB_DEVICE/App/usbd_cdc_if.o
 .text.CDC_Receive_FS
                0x0000000008006adc       0x30 USB_DEVICE/App/usbd_cdc_if.o
 .text.CDC_Init_FS
                0x0000000008006b0c       0x28 USB_DEVICE/App/usbd_cdc_if.o
 .text.CDC_Transmit_FS
                0x0000000008006b34       0x2c USB_DEVICE/App/usbd_cdc_if.o
                0x0000000008006b34                CDC_Transmit_FS
 .text.USBD_FS_DeviceDescriptor
                0x0000000008006b60        0xc USB_DEVICE/App/usbd_desc.o
                0x0000000008006b60                USBD_FS_DeviceDescriptor
 .text.USBD_FS_LangIDStrDescriptor
                0x0000000008006b6c        0xc USB_DEVICE/App/usbd_desc.o
                0x0000000008006b6c                USBD_FS_LangIDStrDescriptor
 .text.IntToUnicode
                0x0000000008006b78       0x2a USB_DEVICE/App/usbd_desc.o
 *fill*         0x0000000008006ba2        0x2 
 .text.USBD_FS_SerialStrDescriptor
                0x0000000008006ba4       0x44 USB_DEVICE/App/usbd_desc.o
                0x0000000008006ba4                USBD_FS_SerialStrDescriptor
 .text.USBD_FS_ManufacturerStrDescriptor
                0x0000000008006be8       0x1c USB_DEVICE/App/usbd_desc.o
                0x0000000008006be8                USBD_FS_ManufacturerStrDescriptor
 .text.USBD_FS_ProductStrDescriptor
                0x0000000008006c04       0x1c USB_DEVICE/App/usbd_desc.o
                0x0000000008006c04                USBD_FS_ProductStrDescriptor
 .text.USBD_FS_ConfigStrDescriptor
                0x0000000008006c20       0x1c USB_DEVICE/App/usbd_desc.o
                0x0000000008006c20                USBD_FS_ConfigStrDescriptor
 .text.USBD_FS_InterfaceStrDescriptor
                0x0000000008006c3c       0x1c USB_DEVICE/App/usbd_desc.o
                0x0000000008006c3c                USBD_FS_InterfaceStrDescriptor
 .text.HAL_PCD_MspInit
                0x0000000008006c58       0x38 USB_DEVICE/Target/usbd_conf.o
                0x0000000008006c58                HAL_PCD_MspInit
 .text.HAL_PCD_SetupStageCallback
                0x0000000008006c90       0x12 USB_DEVICE/Target/usbd_conf.o
                0x0000000008006c90                HAL_PCD_SetupStageCallback
 .text.HAL_PCD_DataOutStageCallback
                0x0000000008006ca2       0x1a USB_DEVICE/Target/usbd_conf.o
                0x0000000008006ca2                HAL_PCD_DataOutStageCallback
 .text.HAL_PCD_DataInStageCallback
                0x0000000008006cbc       0x16 USB_DEVICE/Target/usbd_conf.o
                0x0000000008006cbc                HAL_PCD_DataInStageCallback
 .text.HAL_PCD_SOFCallback
                0x0000000008006cd2        0xe USB_DEVICE/Target/usbd_conf.o
                0x0000000008006cd2                HAL_PCD_SOFCallback
 .text.HAL_PCD_ResetCallback
                0x0000000008006ce0       0x22 USB_DEVICE/Target/usbd_conf.o
                0x0000000008006ce0                HAL_PCD_ResetCallback
 *fill*         0x0000000008006d02        0x2 
 .text.HAL_PCD_SuspendCallback
                0x0000000008006d04       0x24 USB_DEVICE/Target/usbd_conf.o
                0x0000000008006d04                HAL_PCD_SuspendCallback
 .text.HAL_PCD_ResumeCallback
                0x0000000008006d28       0x28 USB_DEVICE/Target/usbd_conf.o
                0x0000000008006d28                HAL_PCD_ResumeCallback
 .text.USBD_LL_Init
                0x0000000008006d50       0x80 USB_DEVICE/Target/usbd_conf.o
                0x0000000008006d50                USBD_LL_Init
 .text.USBD_LL_Start
                0x0000000008006dd0       0x20 USB_DEVICE/Target/usbd_conf.o
                0x0000000008006dd0                USBD_LL_Start
 .text.USBD_LL_OpenEP
                0x0000000008006df0       0x24 USB_DEVICE/Target/usbd_conf.o
                0x0000000008006df0                USBD_LL_OpenEP
 .text.USBD_LL_CloseEP
                0x0000000008006e14       0x20 USB_DEVICE/Target/usbd_conf.o
                0x0000000008006e14                USBD_LL_CloseEP
 .text.USBD_LL_StallEP
                0x0000000008006e34       0x20 USB_DEVICE/Target/usbd_conf.o
                0x0000000008006e34                USBD_LL_StallEP
 .text.USBD_LL_ClearStallEP
                0x0000000008006e54       0x20 USB_DEVICE/Target/usbd_conf.o
                0x0000000008006e54                USBD_LL_ClearStallEP
 .text.USBD_LL_IsStallEP
                0x0000000008006e74       0x2a USB_DEVICE/Target/usbd_conf.o
                0x0000000008006e74                USBD_LL_IsStallEP
 *fill*         0x0000000008006e9e        0x2 
 .text.USBD_LL_SetUSBAddress
                0x0000000008006ea0       0x20 USB_DEVICE/Target/usbd_conf.o
                0x0000000008006ea0                USBD_LL_SetUSBAddress
 .text.USBD_LL_Transmit
                0x0000000008006ec0       0x20 USB_DEVICE/Target/usbd_conf.o
                0x0000000008006ec0                USBD_LL_Transmit
 .text.USBD_LL_PrepareReceive
                0x0000000008006ee0       0x20 USB_DEVICE/Target/usbd_conf.o
                0x0000000008006ee0                USBD_LL_PrepareReceive
 .text.USBD_LL_GetRxDataSize
                0x0000000008006f00        0xe USB_DEVICE/Target/usbd_conf.o
                0x0000000008006f00                USBD_LL_GetRxDataSize
 *fill*         0x0000000008006f0e        0x2 
 .text.USBD_static_malloc
                0x0000000008006f10        0x8 USB_DEVICE/Target/usbd_conf.o
                0x0000000008006f10                USBD_static_malloc
 .text.USBD_static_free
                0x0000000008006f18        0x2 USB_DEVICE/Target/usbd_conf.o
                0x0000000008006f18                USBD_static_free
 *fill*         0x0000000008006f1a        0x2 
 .text.__libc_init_array
                0x0000000008006f1c       0x48 d:/st/stm32cubeide_1.4.0/stm32cubeide/plugins/com.st.stm32cube.ide.mcu.externaltools.gnu-tools-for-stm32.7-2018-q2-update.win32_1.4.0.202007081208/tools/bin/../lib/gcc/arm-none-eabi/7.3.1/../../../../arm-none-eabi/lib/thumb/v6-m\libc_nano.a(lib_a-init.o)
                0x0000000008006f1c                __libc_init_array
 .text.memcpy   0x0000000008006f64       0x12 d:/st/stm32cubeide_1.4.0/stm32cubeide/plugins/com.st.stm32cube.ide.mcu.externaltools.gnu-tools-for-stm32.7-2018-q2-update.win32_1.4.0.202007081208/tools/bin/../lib/gcc/arm-none-eabi/7.3.1/../../../../arm-none-eabi/lib/thumb/v6-m\libc_nano.a(lib_a-memcpy-stub.o)
                0x0000000008006f64                memcpy
 .text.memset   0x0000000008006f76       0x10 d:/st/stm32cubeide_1.4.0/stm32cubeide/plugins/com.st.stm32cube.ide.mcu.externaltools.gnu-tools-for-stm32.7-2018-q2-update.win32_1.4.0.202007081208/tools/bin/../lib/gcc/arm-none-eabi/7.3.1/../../../../arm-none-eabi/lib/thumb/v6-m\libc_nano.a(lib_a-memset.o)
                0x0000000008006f76                memset
 *(.glue_7)
 .glue_7        0x0000000008006f86        0x0 linker stubs
 *(.glue_7t)
 .glue_7t       0x0000000008006f86        0x0 linker stubs
 *(.eh_frame)
 *fill*         0x0000000008006f86        0x2 
 .eh_frame      0x0000000008006f88        0x0 d:/st/stm32cubeide_1.4.0/stm32cubeide/plugins/com.st.stm32cube.ide.mcu.externaltools.gnu-tools-for-stm32.7-2018-q2-update.win32_1.4.0.202007081208/tools/bin/../lib/gcc/arm-none-eabi/7.3.1/thumb/v6-m/crtbegin.o
 *(.init)
 .init          0x0000000008006f88        0x4 d:/st/stm32cubeide_1.4.0/stm32cubeide/plugins/com.st.stm32cube.ide.mcu.externaltools.gnu-tools-for-stm32.7-2018-q2-update.win32_1.4.0.202007081208/tools/bin/../lib/gcc/arm-none-eabi/7.3.1/thumb/v6-m/crti.o
                0x0000000008006f88                _init
 .init          0x0000000008006f8c        0x8 d:/st/stm32cubeide_1.4.0/stm32cubeide/plugins/com.st.stm32cube.ide.mcu.externaltools.gnu-tools-for-stm32.7-2018-q2-update.win32_1.4.0.202007081208/tools/bin/../lib/gcc/arm-none-eabi/7.3.1/thumb/v6-m/crtn.o
 *(.fini)
 .fini          0x0000000008006f94        0x4 d:/st/stm32cubeide_1.4.0/stm32cubeide/plugins/com.st.stm32cube.ide.mcu.externaltools.gnu-tools-for-stm32.7-2018-q2-update.win32_1.4.0.202007081208/tools/bin/../lib/gcc/arm-none-eabi/7.3.1/thumb/v6-m/crti.o
                0x0000000008006f94                _fini
 .fini          0x0000000008006f98        0x8 d:/st/stm32cubeide_1.4.0/stm32cubeide/plugins/com.st.stm32cube.ide.mcu.externaltools.gnu-tools-for-stm32.7-2018-q2-update.win32_1.4.0.202007081208/tools/bin/../lib/gcc/arm-none-eabi/7.3.1/thumb/v6-m/crtn.o
                0x0000000008006fa0                . = ALIGN (0x4)
                0x0000000008006fa0                _etext = .

.vfp11_veneer   0x0000000008006fa0        0x0
 .vfp11_veneer  0x0000000008006fa0        0x0 linker stubs

.v4_bx          0x0000000008006fa0        0x0
 .v4_bx         0x0000000008006fa0        0x0 linker stubs

.iplt           0x0000000008006fa0        0x0
 .iplt          0x0000000008006fa0        0x0 d:/st/stm32cubeide_1.4.0/stm32cubeide/plugins/com.st.stm32cube.ide.mcu.externaltools.gnu-tools-for-stm32.7-2018-q2-update.win32_1.4.0.202007081208/tools/bin/../lib/gcc/arm-none-eabi/7.3.1/thumb/v6-m/crtbegin.o

.rodata         0x0000000008006fa0      0x184
                0x0000000008006fa0                . = ALIGN (0x4)
 *(.rodata)
 .rodata        0x0000000008006fa0       0x20 Drivers/STM32F0xx_HAL_Driver/Src/stm32f0xx_hal_rcc.o
 *(.rodata*)
 .rodata.filter_taps
                0x0000000008006fc0      0x100 Core/Src/FIRFilter.o
 .rodata.AHBPrescTable
                0x00000000080070c0       0x10 Core/Src/system_stm32f0xx.o
                0x00000000080070c0                AHBPrescTable
 .rodata.APBPrescTable
                0x00000000080070d0        0x8 Core/Src/system_stm32f0xx.o
                0x00000000080070d0                APBPrescTable
 .rodata.CSWTCH.58
                0x00000000080070d8        0x4 Drivers/STM32F0xx_HAL_Driver/Src/stm32f0xx_hal_uart.o
 .rodata.USBD_FS_ConfigStrDescriptor.str1.1
                0x00000000080070dc        0xb USB_DEVICE/App/usbd_desc.o
 .rodata.USBD_FS_InterfaceStrDescriptor.str1.1
                0x00000000080070e7        0xe USB_DEVICE/App/usbd_desc.o
 .rodata.USBD_FS_ManufacturerStrDescriptor.str1.1
                0x00000000080070f5       0x13 USB_DEVICE/App/usbd_desc.o
 .rodata.USBD_FS_ProductStrDescriptor.str1.1
                0x0000000008007108       0x16 USB_DEVICE/App/usbd_desc.o
 .rodata.CSWTCH.3
                0x000000000800711e        0x4 USB_DEVICE/Target/usbd_conf.o
                0x0000000008007124                . = ALIGN (0x4)
 *fill*         0x0000000008007122        0x2 

.rel.dyn        0x0000000008007124        0x0
 .rel.iplt      0x0000000008007124        0x0 d:/st/stm32cubeide_1.4.0/stm32cubeide/plugins/com.st.stm32cube.ide.mcu.externaltools.gnu-tools-for-stm32.7-2018-q2-update.win32_1.4.0.202007081208/tools/bin/../lib/gcc/arm-none-eabi/7.3.1/thumb/v6-m/crtbegin.o

.ARM.extab      0x0000000008007124        0x0
                0x0000000008007124                . = ALIGN (0x4)
 *(.ARM.extab* .gnu.linkonce.armextab.*)
                0x0000000008007124                . = ALIGN (0x4)

.ARM            0x0000000008007124        0x0
                0x0000000008007124                . = ALIGN (0x4)
                0x0000000008007124                __exidx_start = .
 *(.ARM.exidx*)
                0x0000000008007124                __exidx_end = .
                0x0000000008007124                . = ALIGN (0x4)

.preinit_array  0x0000000008007124        0x0
                0x0000000008007124                . = ALIGN (0x4)
                0x0000000008007124                PROVIDE (__preinit_array_start = .)
 *(.preinit_array*)
                0x0000000008007124                PROVIDE (__preinit_array_end = .)
                0x0000000008007124                . = ALIGN (0x4)

.init_array     0x0000000008007124        0x4
                0x0000000008007124                . = ALIGN (0x4)
                0x0000000008007124                PROVIDE (__init_array_start = .)
 *(SORT_BY_NAME(.init_array.*))
 *(.init_array*)
 .init_array    0x0000000008007124        0x4 d:/st/stm32cubeide_1.4.0/stm32cubeide/plugins/com.st.stm32cube.ide.mcu.externaltools.gnu-tools-for-stm32.7-2018-q2-update.win32_1.4.0.202007081208/tools/bin/../lib/gcc/arm-none-eabi/7.3.1/thumb/v6-m/crtbegin.o
                0x0000000008007128                PROVIDE (__init_array_end = .)
                0x0000000008007128                . = ALIGN (0x4)

.fini_array     0x0000000008007128        0x4
                0x0000000008007128                . = ALIGN (0x4)
                [!provide]                        PROVIDE (__fini_array_start = .)
 *(SORT_BY_NAME(.fini_array.*))
 *(.fini_array*)
 .fini_array    0x0000000008007128        0x4 d:/st/stm32cubeide_1.4.0/stm32cubeide/plugins/com.st.stm32cube.ide.mcu.externaltools.gnu-tools-for-stm32.7-2018-q2-update.win32_1.4.0.202007081208/tools/bin/../lib/gcc/arm-none-eabi/7.3.1/thumb/v6-m/crtbegin.o
                [!provide]                        PROVIDE (__fini_array_end = .)
                0x000000000800712c                . = ALIGN (0x4)
                0x000000000800712c                _sidata = LOADADDR (.data)

.data           0x0000000020000000      0x18c load address 0x000000000800712c
                0x0000000020000000                . = ALIGN (0x4)
                0x0000000020000000                _sdata = .
 *(.data)
 *(.data*)
 .data.gain_res_step
                0x0000000020000000        0x1 Core/Src/acquisition.o
                0x0000000020000000                gain_res_step
 .data.gain_res_wiper
                0x0000000020000001        0x1 Core/Src/acquisition.o
                0x0000000020000001                gain_res_wiper
 .data.last_mode.6992
                0x0000000020000002        0x1 Core/Src/outputs.o
 *fill*         0x0000000020000003        0x1 
 .data.user_led_period
                0x0000000020000004        0x2 Core/Src/outputs.o
                0x0000000020000004                user_led_period
 *fill*         0x0000000020000006        0x2 
 .data.frame_silence_time
                0x0000000020000008        0x4 Core/Src/panda_serial_device.o
                0x0000000020000008                frame_silence_time
 .data.modbus_device_address
                0x000000002000000c        0x1 Core/Src/panda_serial_device.o
                0x000000002000000c                modbus_device_address
 *fill*         0x000000002000000d        0x3 
 .data.SystemCoreClock
                0x0000000020000010        0x4 Core/Src/system_stm32f0xx.o
                0x0000000020000010                SystemCoreClock
 .data.uwTickFreq
                0x0000000020000014        0x1 Drivers/STM32F0xx_HAL_Driver/Src/stm32f0xx_hal.o
                0x0000000020000014                uwTickFreq
 *fill*         0x0000000020000015        0x3 
 .data.uwTickPrio
                0x0000000020000018        0x4 Drivers/STM32F0xx_HAL_Driver/Src/stm32f0xx_hal.o
                0x0000000020000018                uwTickPrio
 .data.USBD_CDC
                0x000000002000001c       0x38 Middlewares/ST/STM32_USB_Device_Library/Class/CDC/Src/usbd_cdc.o
                0x000000002000001c                USBD_CDC
 .data.USBD_CDC_CfgFSDesc
                0x0000000020000054       0x43 Middlewares/ST/STM32_USB_Device_Library/Class/CDC/Src/usbd_cdc.o
                0x0000000020000054                USBD_CDC_CfgFSDesc
 *fill*         0x0000000020000097        0x1 
 .data.USBD_CDC_CfgHSDesc
                0x0000000020000098       0x43 Middlewares/ST/STM32_USB_Device_Library/Class/CDC/Src/usbd_cdc.o
                0x0000000020000098                USBD_CDC_CfgHSDesc
 *fill*         0x00000000200000db        0x1 
 .data.USBD_CDC_DeviceQualifierDesc
                0x00000000200000dc        0xa Middlewares/ST/STM32_USB_Device_Library/Class/CDC/Src/usbd_cdc.o
 *fill*         0x00000000200000e6        0x2 
 .data.USBD_CDC_OtherSpeedCfgDesc
                0x00000000200000e8       0x43 Middlewares/ST/STM32_USB_Device_Library/Class/CDC/Src/usbd_cdc.o
                0x00000000200000e8                USBD_CDC_OtherSpeedCfgDesc
 *fill*         0x000000002000012b        0x1 
 .data.USBD_Interface_fops_FS
                0x000000002000012c       0x10 USB_DEVICE/App/usbd_cdc_if.o
                0x000000002000012c                USBD_Interface_fops_FS
 .data.FS_Desc  0x000000002000013c       0x1c USB_DEVICE/App/usbd_desc.o
                0x000000002000013c                FS_Desc
 .data.USBD_FS_DeviceDesc
                0x0000000020000158       0x12 USB_DEVICE/App/usbd_desc.o
                0x0000000020000158                USBD_FS_DeviceDesc
 *fill*         0x000000002000016a        0x2 
 .data.USBD_LangIDDesc
                0x000000002000016c        0x4 USB_DEVICE/App/usbd_desc.o
                0x000000002000016c                USBD_LangIDDesc
 .data.USBD_StringSerial
                0x0000000020000170       0x1a USB_DEVICE/App/usbd_desc.o
                0x0000000020000170                USBD_StringSerial
                0x000000002000018c                . = ALIGN (0x4)
 *fill*         0x000000002000018a        0x2 
                0x000000002000018c                _edata = .

.igot.plt       0x000000002000018c        0x0 load address 0x00000000080072b8
 .igot.plt      0x000000002000018c        0x0 d:/st/stm32cubeide_1.4.0/stm32cubeide/plugins/com.st.stm32cube.ide.mcu.externaltools.gnu-tools-for-stm32.7-2018-q2-update.win32_1.4.0.202007081208/tools/bin/../lib/gcc/arm-none-eabi/7.3.1/thumb/v6-m/crtbegin.o
                0x000000002000018c                . = ALIGN (0x4)

.bss            0x000000002000018c     0x1690 load address 0x00000000080072b8
                0x000000002000018c                _sbss = .
                0x000000002000018c                __bss_start__ = _sbss
 *(.bss)
 .bss           0x000000002000018c       0x1c d:/st/stm32cubeide_1.4.0/stm32cubeide/plugins/com.st.stm32cube.ide.mcu.externaltools.gnu-tools-for-stm32.7-2018-q2-update.win32_1.4.0.202007081208/tools/bin/../lib/gcc/arm-none-eabi/7.3.1/thumb/v6-m/crtbegin.o
 *(.bss*)
 .bss.device_calibrated
                0x00000000200001a8        0x1 Core/Src/acquisition.o
                0x00000000200001a8                device_calibrated
 .bss.enc_pin_state
                0x00000000200001a9        0x1 Core/Src/acquisition.o
                0x00000000200001a9                enc_pin_state
 *fill*         0x00000000200001aa        0x2 
 .bss.encoder_count
                0x00000000200001ac        0x4 Core/Src/acquisition.o
                0x00000000200001ac                encoder_count
 .bss.encoder_mode
                0x00000000200001b0        0x1 Core/Src/acquisition.o
                0x00000000200001b0                encoder_mode
 *fill*         0x00000000200001b1        0x3 
 .bss.encoder_pwm_duty
                0x00000000200001b4        0x4 Core/Src/acquisition.o
                0x00000000200001b4                encoder_pwm_duty
 .bss.pwm_period.7056
                0x00000000200001b8        0x4 Core/Src/acquisition.o
 .bss.pwm_rising_edge.7054
                0x00000000200001bc        0x4 Core/Src/acquisition.o
 .bss.last_toogle_time.7006
                0x00000000200001c0        0x4 Core/Src/outputs.o
 .bss.status_led
                0x00000000200001c4        0x1 Core/Src/outputs.o
                0x00000000200001c4                status_led
 .bss.userOut1  0x00000000200001c5        0x1 Core/Src/outputs.o
                0x00000000200001c5                userOut1
 .bss.userOut2  0x00000000200001c6        0x1 Core/Src/outputs.o
                0x00000000200001c6                userOut2
 .bss.user_led  0x00000000200001c7        0x1 Core/Src/outputs.o
                0x00000000200001c7                user_led
 .bss.i2c_com_state
                0x00000000200001c8        0x1 Core/Src/panda_i2c.o
                0x00000000200001c8                i2c_com_state
 .bss.req_register.7040
                0x00000000200001c9        0x1 Core/Src/panda_i2c.o
 .bss.response.7108
                0x00000000200001ca       0x10 Core/Src/panda_serial_device.o
 .bss.rxBuff.7076
                0x00000000200001da        0x4 Core/Src/panda_serial_device.o
 .bss.rx_frame.7125
                0x00000000200001de       0x10 Core/Src/panda_serial_device.o
 .bss.response.9005
                0x00000000200001ee       0x10 Core/Src/panda_usb_device.o
 .bss.rx_frame.9047
                0x00000000200001fe       0x10 Core/Src/panda_usb_device.o
 .bss.cfgidx.8933
                0x000000002000020e        0x1 Middlewares/ST/STM32_USB_Device_Library/Core/Src/usbd_ctlreq.o
 *fill*         0x000000002000020f        0x1 
 .bss.mem.9002  0x0000000020000210      0x220 USB_DEVICE/Target/usbd_conf.o
 *(COMMON)
 COMMON         0x0000000020000430      0x118 Core/Src/acquisition.o
                0x0000000020000430                amp_filter
                0x0000000020000534                dac_handler
                0x0000000020000538                pwm_timer
                0x000000002000053c                adc_handler
                0x0000000020000540                dac_val
                0x0000000020000542                adc_dma_arr
 COMMON         0x0000000020000548      0x324 Core/Src/main.o
                0x0000000020000548                hi2c1
                0x0000000020000594                hcrc
                0x00000000200005b8                hcan
                0x00000000200005e0                usb_Q
                0x0000000020000624                huart1
                0x00000000200006a4                hdac
                0x00000000200006b8                serial_Q
                0x0000000020000700                crc_out
                0x0000000020000704                hspi1
                0x0000000020000768                htim2
                0x00000000200007a8                htim14
                0x00000000200007e8                hdma_adc
                0x000000002000082c                hadc
 COMMON         0x000000002000086c       0x18 Core/Src/panda_i2c.o
                0x000000002000086c                i2c_req_n
                0x000000002000086d                i2cRXBuf
                0x0000000020000875                i2cTXBuf
                0x000000002000087d                i2c_res_n
                0x0000000020000880                hi2c
 COMMON         0x0000000020000884        0x4 Core/Src/panda_serial_device.o
                0x0000000020000884                huart
 COMMON         0x0000000020000888        0x8 Core/Src/spi_devices.o
                0x0000000020000888                last_digipot_data
                0x000000002000088c                hspix
 COMMON         0x0000000020000890        0x4 Drivers/STM32F0xx_HAL_Driver/Src/stm32f0xx_hal.o
                0x0000000020000890                uwTick
 COMMON         0x0000000020000894      0x2c4 USB_DEVICE/App/usb_device.o
                0x0000000020000894                hUsbDeviceFS
 COMMON         0x0000000020000b58      0x7d0 USB_DEVICE/App/usbd_cdc_if.o
                0x0000000020000b58                UserRxBufferFS
                0x0000000020000f40                UserTxBufferFS
 COMMON         0x0000000020001328      0x200 USB_DEVICE/App/usbd_desc.o
                0x0000000020001328                USBD_StrDesc
 COMMON         0x0000000020001528      0x2f4 USB_DEVICE/Target/usbd_conf.o
                0x0000000020001528                hpcd_USB_FS
                0x000000002000181c                . = ALIGN (0x4)
                0x000000002000181c                _ebss = .
                0x000000002000181c                __bss_end__ = _ebss

._user_heap_stack
                0x000000002000181c      0x604 load address 0x00000000080072b8
                0x0000000020001820                . = ALIGN (0x8)
 *fill*         0x000000002000181c        0x4 
                [!provide]                        PROVIDE (end = .)
                0x0000000020001820                PROVIDE (_end = .)
                0x0000000020001a20                . = (. + _Min_Heap_Size)
 *fill*         0x0000000020001820      0x200 
                0x0000000020001e20                . = (. + _Min_Stack_Size)
 *fill*         0x0000000020001a20      0x400 
                0x0000000020001e20                . = ALIGN (0x8)

/DISCARD/
 libc.a(*)
 libm.a(*)
 libgcc.a(*)

.ARM.attributes
                0x0000000000000000       0x28
 *(.ARM.attributes)
 .ARM.attributes
                0x0000000000000000       0x1e d:/st/stm32cubeide_1.4.0/stm32cubeide/plugins/com.st.stm32cube.ide.mcu.externaltools.gnu-tools-for-stm32.7-2018-q2-update.win32_1.4.0.202007081208/tools/bin/../lib/gcc/arm-none-eabi/7.3.1/thumb/v6-m/crti.o
 .ARM.attributes
                0x000000000000001e       0x2c d:/st/stm32cubeide_1.4.0/stm32cubeide/plugins/com.st.stm32cube.ide.mcu.externaltools.gnu-tools-for-stm32.7-2018-q2-update.win32_1.4.0.202007081208/tools/bin/../lib/gcc/arm-none-eabi/7.3.1/thumb/v6-m/crtbegin.o
 .ARM.attributes
                0x000000000000004a       0x31 Core/Src/FIRFilter.o
 .ARM.attributes
                0x000000000000007b       0x31 Core/Src/acquisition.o
 .ARM.attributes
                0x00000000000000ac       0x31 Core/Src/main.o
 .ARM.attributes
                0x00000000000000dd       0x31 Core/Src/outputs.o
 .ARM.attributes
                0x000000000000010e       0x31 Core/Src/panda_i2c.o
 .ARM.attributes
                0x000000000000013f       0x31 Core/Src/panda_modbus.o
 .ARM.attributes
                0x0000000000000170       0x31 Core/Src/panda_serial_device.o
 .ARM.attributes
                0x00000000000001a1       0x31 Core/Src/panda_usb_device.o
 .ARM.attributes
                0x00000000000001d2       0x31 Core/Src/panda_utils.o
 .ARM.attributes
                0x0000000000000203       0x31 Core/Src/spi_devices.o
 .ARM.attributes
                0x0000000000000234       0x31 Core/Src/stm32f0xx_hal_msp.o
 .ARM.attributes
                0x0000000000000265       0x31 Core/Src/stm32f0xx_it.o
 .ARM.attributes
                0x0000000000000296       0x31 Core/Src/system_stm32f0xx.o
 .ARM.attributes
                0x00000000000002c7       0x21 Core/Startup/startup_stm32f072c8ux.o
 .ARM.attributes
                0x00000000000002e8       0x31 Drivers/STM32F0xx_HAL_Driver/Src/stm32f0xx_hal.o
 .ARM.attributes
                0x0000000000000319       0x31 Drivers/STM32F0xx_HAL_Driver/Src/stm32f0xx_hal_adc.o
 .ARM.attributes
                0x000000000000034a       0x31 Drivers/STM32F0xx_HAL_Driver/Src/stm32f0xx_hal_can.o
 .ARM.attributes
                0x000000000000037b       0x31 Drivers/STM32F0xx_HAL_Driver/Src/stm32f0xx_hal_cortex.o
 .ARM.attributes
                0x00000000000003ac       0x31 Drivers/STM32F0xx_HAL_Driver/Src/stm32f0xx_hal_crc.o
 .ARM.attributes
                0x00000000000003dd       0x31 Drivers/STM32F0xx_HAL_Driver/Src/stm32f0xx_hal_crc_ex.o
 .ARM.attributes
                0x000000000000040e       0x31 Drivers/STM32F0xx_HAL_Driver/Src/stm32f0xx_hal_dac.o
 .ARM.attributes
                0x000000000000043f       0x31 Drivers/STM32F0xx_HAL_Driver/Src/stm32f0xx_hal_dac_ex.o
 .ARM.attributes
                0x0000000000000470       0x31 Drivers/STM32F0xx_HAL_Driver/Src/stm32f0xx_hal_dma.o
 .ARM.attributes
                0x00000000000004a1       0x31 Drivers/STM32F0xx_HAL_Driver/Src/stm32f0xx_hal_gpio.o
 .ARM.attributes
                0x00000000000004d2       0x31 Drivers/STM32F0xx_HAL_Driver/Src/stm32f0xx_hal_i2c.o
 .ARM.attributes
                0x0000000000000503       0x31 Drivers/STM32F0xx_HAL_Driver/Src/stm32f0xx_hal_i2c_ex.o
 .ARM.attributes
                0x0000000000000534       0x31 Drivers/STM32F0xx_HAL_Driver/Src/stm32f0xx_hal_pcd.o
 .ARM.attributes
                0x0000000000000565       0x31 Drivers/STM32F0xx_HAL_Driver/Src/stm32f0xx_hal_pcd_ex.o
 .ARM.attributes
                0x0000000000000596       0x31 Drivers/STM32F0xx_HAL_Driver/Src/stm32f0xx_hal_rcc.o
 .ARM.attributes
                0x00000000000005c7       0x31 Drivers/STM32F0xx_HAL_Driver/Src/stm32f0xx_hal_rcc_ex.o
 .ARM.attributes
                0x00000000000005f8       0x31 Drivers/STM32F0xx_HAL_Driver/Src/stm32f0xx_hal_spi.o
 .ARM.attributes
                0x0000000000000629       0x31 Drivers/STM32F0xx_HAL_Driver/Src/stm32f0xx_hal_tim.o
 .ARM.attributes
                0x000000000000065a       0x31 Drivers/STM32F0xx_HAL_Driver/Src/stm32f0xx_hal_tim_ex.o
 .ARM.attributes
                0x000000000000068b       0x31 Drivers/STM32F0xx_HAL_Driver/Src/stm32f0xx_hal_uart.o
 .ARM.attributes
                0x00000000000006bc       0x31 Drivers/STM32F0xx_HAL_Driver/Src/stm32f0xx_hal_uart_ex.o
 .ARM.attributes
                0x00000000000006ed       0x31 Drivers/STM32F0xx_HAL_Driver/Src/stm32f0xx_ll_usb.o
 .ARM.attributes
                0x000000000000071e       0x31 Middlewares/ST/STM32_USB_Device_Library/Class/CDC/Src/usbd_cdc.o
 .ARM.attributes
                0x000000000000074f       0x31 Middlewares/ST/STM32_USB_Device_Library/Core/Src/usbd_core.o
 .ARM.attributes
                0x0000000000000780       0x31 Middlewares/ST/STM32_USB_Device_Library/Core/Src/usbd_ctlreq.o
 .ARM.attributes
                0x00000000000007b1       0x31 Middlewares/ST/STM32_USB_Device_Library/Core/Src/usbd_ioreq.o
 .ARM.attributes
                0x00000000000007e2       0x31 USB_DEVICE/App/usb_device.o
 .ARM.attributes
                0x0000000000000813       0x31 USB_DEVICE/App/usbd_cdc_if.o
 .ARM.attributes
                0x0000000000000844       0x31 USB_DEVICE/App/usbd_desc.o
 .ARM.attributes
                0x0000000000000875       0x31 USB_DEVICE/Target/usbd_conf.o
 .ARM.attributes
                0x00000000000008a6       0x2c d:/st/stm32cubeide_1.4.0/stm32cubeide/plugins/com.st.stm32cube.ide.mcu.externaltools.gnu-tools-for-stm32.7-2018-q2-update.win32_1.4.0.202007081208/tools/bin/../lib/gcc/arm-none-eabi/7.3.1/../../../../arm-none-eabi/lib/thumb/v6-m\libc_nano.a(lib_a-init.o)
 .ARM.attributes
                0x00000000000008d2       0x2c d:/st/stm32cubeide_1.4.0/stm32cubeide/plugins/com.st.stm32cube.ide.mcu.externaltools.gnu-tools-for-stm32.7-2018-q2-update.win32_1.4.0.202007081208/tools/bin/../lib/gcc/arm-none-eabi/7.3.1/../../../../arm-none-eabi/lib/thumb/v6-m\libc_nano.a(lib_a-memcpy-stub.o)
 .ARM.attributes
                0x00000000000008fe       0x2c d:/st/stm32cubeide_1.4.0/stm32cubeide/plugins/com.st.stm32cube.ide.mcu.externaltools.gnu-tools-for-stm32.7-2018-q2-update.win32_1.4.0.202007081208/tools/bin/../lib/gcc/arm-none-eabi/7.3.1/../../../../arm-none-eabi/lib/thumb/v6-m\libc_nano.a(lib_a-memset.o)
 .ARM.attributes
                0x000000000000092a       0x1e d:/st/stm32cubeide_1.4.0/stm32cubeide/plugins/com.st.stm32cube.ide.mcu.externaltools.gnu-tools-for-stm32.7-2018-q2-update.win32_1.4.0.202007081208/tools/bin/../lib/gcc/arm-none-eabi/7.3.1/thumb/v6-m\libgcc.a(_thumb1_case_sqi.o)
 .ARM.attributes
                0x0000000000000948       0x1e d:/st/stm32cubeide_1.4.0/stm32cubeide/plugins/com.st.stm32cube.ide.mcu.externaltools.gnu-tools-for-stm32.7-2018-q2-update.win32_1.4.0.202007081208/tools/bin/../lib/gcc/arm-none-eabi/7.3.1/thumb/v6-m\libgcc.a(_thumb1_case_uqi.o)
 .ARM.attributes
                0x0000000000000966       0x1e d:/st/stm32cubeide_1.4.0/stm32cubeide/plugins/com.st.stm32cube.ide.mcu.externaltools.gnu-tools-for-stm32.7-2018-q2-update.win32_1.4.0.202007081208/tools/bin/../lib/gcc/arm-none-eabi/7.3.1/thumb/v6-m\libgcc.a(_thumb1_case_uhi.o)
 .ARM.attributes
                0x0000000000000984       0x1e d:/st/stm32cubeide_1.4.0/stm32cubeide/plugins/com.st.stm32cube.ide.mcu.externaltools.gnu-tools-for-stm32.7-2018-q2-update.win32_1.4.0.202007081208/tools/bin/../lib/gcc/arm-none-eabi/7.3.1/thumb/v6-m\libgcc.a(_udivsi3.o)
 .ARM.attributes
                0x00000000000009a2       0x1e d:/st/stm32cubeide_1.4.0/stm32cubeide/plugins/com.st.stm32cube.ide.mcu.externaltools.gnu-tools-for-stm32.7-2018-q2-update.win32_1.4.0.202007081208/tools/bin/../lib/gcc/arm-none-eabi/7.3.1/thumb/v6-m\libgcc.a(_divsi3.o)
 .ARM.attributes
                0x00000000000009c0       0x1e d:/st/stm32cubeide_1.4.0/stm32cubeide/plugins/com.st.stm32cube.ide.mcu.externaltools.gnu-tools-for-stm32.7-2018-q2-update.win32_1.4.0.202007081208/tools/bin/../lib/gcc/arm-none-eabi/7.3.1/thumb/v6-m\libgcc.a(_dvmd_tls.o)
 .ARM.attributes
                0x00000000000009de       0x1e d:/st/stm32cubeide_1.4.0/stm32cubeide/plugins/com.st.stm32cube.ide.mcu.externaltools.gnu-tools-for-stm32.7-2018-q2-update.win32_1.4.0.202007081208/tools/bin/../lib/gcc/arm-none-eabi/7.3.1/thumb/v6-m/crtn.o
OUTPUT(Panda02.elf elf32-littlearm)

.comment        0x0000000000000000       0x7b
 .comment       0x0000000000000000       0x7b Core/Src/FIRFilter.o
                                         0x7c (size before relaxing)
 .comment       0x000000000000007b       0x7c Core/Src/acquisition.o
 .comment       0x000000000000007b       0x7c Core/Src/main.o
 .comment       0x000000000000007b       0x7c Core/Src/outputs.o
 .comment       0x000000000000007b       0x7c Core/Src/panda_i2c.o
 .comment       0x000000000000007b       0x7c Core/Src/panda_modbus.o
 .comment       0x000000000000007b       0x7c Core/Src/panda_serial_device.o
 .comment       0x000000000000007b       0x7c Core/Src/panda_usb_device.o
 .comment       0x000000000000007b       0x7c Core/Src/panda_utils.o
 .comment       0x000000000000007b       0x7c Core/Src/spi_devices.o
 .comment       0x000000000000007b       0x7c Core/Src/stm32f0xx_hal_msp.o
 .comment       0x000000000000007b       0x7c Core/Src/stm32f0xx_it.o
 .comment       0x000000000000007b       0x7c Core/Src/system_stm32f0xx.o
 .comment       0x000000000000007b       0x7c Drivers/STM32F0xx_HAL_Driver/Src/stm32f0xx_hal.o
 .comment       0x000000000000007b       0x7c Drivers/STM32F0xx_HAL_Driver/Src/stm32f0xx_hal_adc.o
 .comment       0x000000000000007b       0x7c Drivers/STM32F0xx_HAL_Driver/Src/stm32f0xx_hal_can.o
 .comment       0x000000000000007b       0x7c Drivers/STM32F0xx_HAL_Driver/Src/stm32f0xx_hal_cortex.o
 .comment       0x000000000000007b       0x7c Drivers/STM32F0xx_HAL_Driver/Src/stm32f0xx_hal_crc.o
 .comment       0x000000000000007b       0x7c Drivers/STM32F0xx_HAL_Driver/Src/stm32f0xx_hal_crc_ex.o
 .comment       0x000000000000007b       0x7c Drivers/STM32F0xx_HAL_Driver/Src/stm32f0xx_hal_dac.o
 .comment       0x000000000000007b       0x7c Drivers/STM32F0xx_HAL_Driver/Src/stm32f0xx_hal_dac_ex.o
 .comment       0x000000000000007b       0x7c Drivers/STM32F0xx_HAL_Driver/Src/stm32f0xx_hal_dma.o